cafe_tran_GPT.csv
CALENDAR_DATE,PRICE,QUANTITY,SELL_ID,SELL_CATEGORY,YEAR,HOLIDAY,IS_WEEKEND,IS_SCHOOLBREAK,AVERAGE_TEMPERATURE,IS_OUTDOOR,IS_LABOR_DAY
2012-01-01,12.73,22,2051,2,2012,New Year,1,0,24.8,0,0.0
2012-01-02,12.73,22,2051,2,2012,New Year,0,0,24.8,0,0.0
2012-01-03,12.73,26,2051,2,2012,New Year,0,0,32.0,1,0.0
2012-01-04,12.73,26,2051,2,2012,,0,0,32.0,1,0.0
2012-01-05,12.73,36,2051,2,2012,,0,0,24.8,0,0.0
2012-01-06,12.73,38,2051,2,2012,,0,0,23.0,0,0.0
2012-01-07,12.73,24,2051,2,2012,,1,0,26.6,0,0.0
2012-01-08,12.73,26,2051,2,2012,,1,0,26.6,0,0.0
2012-01-09,12.73,34,2051,2,2012,,0,0,23.0,0,0.0
2012-01-10,12.73,40,2051,2,2012,,0,0,24.8,0,0.0
2012-01-11,12.73,32,2051,2,2012,,0,0,21.2,0,0.0
2012-01-12,12.73,32,2051,2,2012,,0,0,24.8,0,0.0
2012-01-13,12.73,40,2051,2,2012,,0,0,26.6,0,0.0
2012-01-14,12.73,24,2051,2,2012,,1,0,23.0,0,0.0
2012-01-15,12.73,22,2051,2,2012,,1,0,32.0,1,0.0
2012-01-16,12.73,40,2051,2,2012,,0,0,23.0,0,0.0
2012-01-17,12.73,38,2051,2,2012,,0,0,23.0,0,0.0
2012-01-18,12.73,40,2051,2,2012,,0,0,23.0,0,0.0
2012-01-19,12.73,32,2051,2,2012,,0,0,24.8,0,0.0
2012-01-20,12.73,36,2051,2,2012,,0,0,26.6,0,0.0
2012-01-21,12.73,22,2051,2,2012,,1,0,26.6,0,0.0
2012-01-22,12.73,30,2051,2,2012,,1,0,24.8,0,0.0
2012-01-23,12.73,38,2051,2,2012,,0,0,23.0,0,0.0
2012-01-24,12.73,36,2051,2,2012,,0,0,24.8,0,0.0
2012-01-25,12.73,38,2051,2,2012,,0,0,23.0,0,0.0
2012-01-26,12.73,38,2051,2,2012,,0,0,24.8,0,0.0
2012-01-27,12.73,28,2051,2,2012,,0,0,32.0,1,0.0
2012-01-28,12.73,24,2051,2,2012,,1,0,32.0,1,0.0
2012-01-29,12.73,22,2051,2,2012,,1,0,23.0,0,0.0
2012-01-30,12.73,34,2051,2,2012,,0,0,28.4,0,0.0
2012-01-31,12.73,30,2051,2,2012,,0,0,32.0,1,0.0
2012-02-01,12.73,28,2051,2,2012,,0,0,32.0,1,0.0
2012-02-02,12.73,18,2051,2,2012,Luner New Year,0,0,32.0,1,0.0
2012-02-03,12.73,20,2051,2,2012,Luner New Year,0,0,32.0,1,0.0
2012-02-04,12.73,12,2051,2,2012,Luner New Year,1,0,32.0,1,0.0
2012-02-05,12.73,12,2051,2,2012,Luner New Year,1,0,32.0,1,0.0
2012-02-06,12.73,26,2051,2,2012,Luner New Year,0,0,32.0,1,0.0
2012-02-07,12.73,18,2051,2,2012,Luner New Year,0,0,32.0,1,0.0
2012-02-08,12.73,20,2051,2,2012,Luner New Year,0,0,32.0,1,0.0
2012-02-09,12.73,28,2051,2,2012,,0,0,32.0,1,0.0
2012-02-10,12.73,26,2051,2,2012,,0,0,32.0,1,0.0
2012-02-11,12.73,26,2051,2,2012,,1,0,24.8,0,0.0
2012-02-12,12.73,26,2051,2,2012,,1,0,24.8,0,0.0
2012-02-13,12.73,30,2051,2,2012,,0,0,32.0,1,0.0
2012-02-14,12.73,32,2051,2,2012,,0,0,32.0,1,0.0
2012-02-15,12.73,30,2051,2,2012,,0,0,32.0,1,0.0
2012-02-16,12.73,32,2051,2,2012,,0,0,32.0,1,0.0
2012-02-17,12.73,26,2051,2,2012,,0,0,32.0,1,0.0
2012-02-18,12.73,18,2051,2,2012,,1,0,32.0,1,0.0
2012-02-19,12.73,26,2051,2,2012,,1,0,37.4,1,0.0
2012-02-20,12.73,26,2051,2,2012,,0,0,37.4,1,0.0
2012-02-21,12.73,26,2051,2,2012,,0,0,39.2,1,0.0
2012-02-22,12.73,30,2051,2,2012,,0,0,39.2,1,0.0
2012-02-23,12.73,30,2051,2,2012,,0,0,42.8,1,0.0
2012-02-24,12.73,28,2051,2,2012,,0,0,39.2,1,0.0
2012-02-25,12.73,22,2051,2,2012,,1,0,37.4,1,0.0
2012-02-26,12.73,22,2051,2,2012,,1,0,32.0,1,0.0
2012-02-27,12.73,30,2051,2,2012,,0,0,30.2,1,0.0
2012-02-28,12.73,26,2051,2,2012,,0,0,33.8,1,0.0
2012-03-01,12.73,32,2051,2,2012,,0,0,33.8,1,0.0
2012-03-02,12.73,34,2051,2,2012,,0,0,35.6,1,0.0
2012-03-03,12.73,26,2051,2,2012,,1,0,35.6,1,0.0
2012-03-04,12.73,26,2051,2,2012,,1,0,41.0,1,0.0
2012-03-05,12.73,34,2051,2,2012,,0,0,44.6,1,0.0
2012-03-06,12.73,26,2051,2,2012,,0,0,39.2,1,0.0
2012-03-07,12.73,34,2051,2,2012,,0,0,39.2,1,0.0
2012-03-08,12.73,28,2051,2,2012,,0,0,39.2,1,0.0
2012-03-09,12.73,34,2051,2,2012,,0,0,41.0,1,0.0
2012-03-10,12.73,22,2051,2,2012,,1,0,46.4,1,0.0
2012-03-11,12.73,20,2051,2,2012,,1,0,50.0,1,0.0
2012-03-12,12.73,34,2051,2,2012,,0,0,55.4,1,0.0
2012-03-13,12.73,28,2051,2,2012,,0,0,50.0,1,0.0
2012-03-14,12.73,28,2051,2,2012,,0,0,41.0,1,0.0
2012-03-15,12.73,26,2051,2,2012,,0,0,37.4,1,0.0
2012-03-16,12.73,32,2051,2,2012,,0,0,42.8,1,0.0
2012-03-17,12.73,22,2051,2,2012,,1,0,50.0,1,0.0
2012-03-18,12.73,20,2051,2,2012,,1,0,44.6,1,0.0
2012-03-19,12.73,30,2051,2,2012,,0,0,46.4,1,0.0
2012-03-20,12.73,30,2051,2,2012,,0,0,44.6,1,0.0
2012-03-21,12.73,28,2051,2,2012,,0,0,37.4,1,0.0
2012-03-22,12.73,28,2051,2,2012,,0,0,39.2,1,0.0
2012-03-23,12.73,34,2051,2,2012,,0,0,42.8,1,0.0
2012-03-24,12.73,20,2051,2,2012,,1,0,42.8,1,0.0
2012-03-25,12.73,24,2051,2,2012,,1,0,42.8,1,0.0
2012-03-26,12.73,28,2051,2,2012,,0,0,46.4,1,0.0
2012-03-27,12.73,34,2051,2,2012,,0,0,48.2,1,0.0
2012-03-28,12.73,34,2051,2,2012,,0,0,50.0,1,0.0
2012-03-29,12.73,30,2051,2,2012,,0,0,51.8,1,0.0
2012-03-30,12.73,34,2051,2,2012,,0,0,57.2,1,0.0
2012-03-31,12.73,20,2051,2,2012,,1,0,57.2,1,0.0
2012-04-01,12.73,20,2051,2,2012,,1,0,44.6,1,0.0
2012-04-02,12.73,26,2051,2,2012,,0,0,44.6,1,0.0
2012-04-03,12.73,26,2051,2,2012,Qing Ming Festival,0,0,48.2,1,0.0
2012-04-04,12.73,22,2051,2,2012,Qing Ming Festival,0,0,53.6,1,0.0
2012-04-05,12.73,26,2051,2,2012,Qing Ming Festival,0,0,57.2,1,0.0
2012-04-06,12.73,28,2051,2,2012,,0,0,55.4,1,0.0
2012-04-07,12.73,26,2051,2,2012,,1,0,53.6,1,0.0
2012-04-08,12.73,20,2051,2,2012,,1,0,55.4,1,0.0
2012-04-09,12.73,30,2051,2,2012,,0,0,60.8,1,0.0
2012-04-10,12.73,28,2051,2,2012,,0,0,50.0,1,0.0
2012-04-11,12.73,34,2051,2,2012,,0,0,57.2,1,0.0
2012-04-12,12.73,30,2051,2,2012,,0,0,62.6,1,0.0
2012-04-13,12.73,30,2051,2,2012,,0,0,66.2,1,0.0
2012-04-14,12.73,22,2051,2,2012,,1,0,69.8,1,0.0
2012-04-15,12.73,22,2051,2,2012,,1,0,60.8,1,0.0
2012-04-16,12.73,30,2051,2,2012,,0,0,66.2,1,0.0
2012-04-17,12.73,28,2051,2,2012,,0,0,57.2,1,0.0
2012-04-18,12.73,32,2051,2,2012,,0,0,57.2,1,0.0
2012-04-19,12.73,30,2051,2,2012,,0,0,62.6,1,0.0
2012-04-20,12.73,28,2051,2,2012,,0,0,66.2,1,0.0
2012-04-21,12.73,20,2051,2,2012,,1,0,53.6,1,0.0
2012-04-22,12.73,26,2051,2,2012,,1,0,57.2,1,0.0
2012-04-23,12.73,28,2051,2,2012,,0,0,55.4,1,0.0
2012-04-24,12.73,32,2051,2,2012,,0,0,60.8,1,0.0
2012-04-25,12.73,28,2051,2,2012,,0,0,55.4,1,0.0
2012-04-26,12.73,30,2051,2,2012,,0,0,53.6,1,0.0
2012-04-27,12.73,28,2051,2,2012,,0,0,60.8,1,0.0
2012-04-28,12.73,20,2051,2,2012,,1,0,64.4,1,0.0
2012-04-29,12.73,20,2051,2,2012,,1,0,62.6,1,0.0
2012-04-30,12.73,22,2051,2,2012,Labor Day,0,0,62.6,1,1.0
2012-05-01,11.49,22,2051,2,2012,Labor Day,0,0,66.2,1,1.0
2012-05-02,11.49,24,2051,2,2012,Labor Day,0,0,64.4,1,1.0
2012-05-03,11.49,32,2051,2,2012,,0,0,66.2,1,0.0
2012-05-04,11.49,30,2051,2,2012,,0,0,60.8,1,0.0
2012-05-05,11.49,20,2051,2,2012,,1,0,64.4,1,0.0
2012-05-06,11.49,24,2051,2,2012,,1,0,66.2,1,0.0
2012-05-07,11.49,34,2051,2,2012,,0,0,68.0,1,0.0
2012-05-08,11.49,36,2051,2,2012,,0,0,59.0,1,0.0
2012-05-09,11.49,32,2051,2,2012,,0,0,69.8,1,0.0
2012-05-10,11.49,36,2051,2,2012,,0,0,66.2,1,0.0
2012-05-11,11.49,36,2051,2,2012,,0,0,68.0,1,0.0
2012-05-12,11.49,26,2051,2,2012,,1,0,64.4,1,0.0
2012-05-13,11.49,28,2051,2,2012,,1,0,69.8,1,0.0
2012-05-14,11.49,36,2051,2,2012,,0,0,71.6,1,0.0
2012-05-15,11.49,32,2051,2,2012,,0,0,66.2,1,0.0
2012-05-16,11.49,32,2051,2,2012,,0,0,69.8,1,0.0
2012-05-17,11.49,32,2051,2,2012,,0,0,71.6,1,0.0
2012-05-18,11.49,38,2051,2,2012,,0,0,75.2,1,0.0
2012-05-19,11.49,24,2051,2,2012,,1,0,68.0,1,0.0
2012-05-20,11.49,26,2051,2,2012,,1,0,64.4,1,0.0
2012-05-21,11.49,38,2051,2,2012,,0,0,66.2,1,0.0
2012-05-22,11.49,30,2051,2,2012,,0,0,71.6,1,0.0
2012-05-23,11.49,38,2051,2,2012,,0,0,73.4,1,0.0
2012-05-24,11.49,32,2051,2,2012,,0,0,73.4,1,0.0
2012-05-25,11.49,36,2051,2,2012,,0,0,71.6,1,0.0
2012-05-26,11.49,26,2051,2,2012,,1,0,71.6,1,0.0
2012-05-27,11.49,24,2051,2,2012,,1,0,73.4,1,0.0
2012-05-28,11.49,34,2051,2,2012,,0,0,80.6,1,0.0
2012-05-29,11.49,38,2051,2,2012,,0,0,71.6,1,0.0
2012-05-30,11.49,38,2051,2,2012,,0,0,75.2,1,0.0
2012-05-31,11.49,30,2051,2,2012,,0,0,73.4,1,0.0
2012-06-01,11.49,34,2051,2,2012,,0,0,77.0,1,0.0
2012-06-02,11.49,22,2051,2,2012,,1,0,82.4,1,0.0
2012-06-03,11.49,22,2051,2,2012,,1,0,78.8,1,0.0
2012-06-04,11.49,28,2051,2,2012,Dragon Boat Festivel,0,0,78.8,1,0.0
2012-06-05,11.49,24,2051,2,2012,Dragon Boat Festivel,0,0,80.6,1,0.0
2012-06-06,11.49,28,2051,2,2012,Dragon Boat Festivel,0,0,78.8,1,0.0
2012-06-07,11.49,36,2051,2,2012,,0,0,82.4,1,0.0
2012-06-08,11.49,34,2051,2,2012,,0,0,80.6,1,0.0
2012-06-09,11.49,24,2051,2,2012,,1,0,82.4,1,0.0
2012-06-10,11.49,24,2051,2,2012,,1,0,75.2,1,0.0
2012-06-11,11.49,34,2051,2,2012,,0,0,73.4,1,0.0
2012-06-12,11.49,36,2051,2,2012,,0,0,80.6,1,0.0
2012-06-13,11.49,36,2051,2,2012,,0,0,82.4,1,0.0
2012-06-14,11.49,30,2051,2,2012,,0,0,82.4,1,0.0
2012-06-15,11.49,32,2051,2,2012,,0,0,77.0,1,0.0
2012-06-16,11.49,26,2051,2,2012,,1,0,73.4,1,0.0
2012-06-17,11.49,24,2051,2,2012,,1,0,77.0,1,0.0
2012-06-18,11.49,36,2051,2,2012,,0,0,80.6,1,0.0
2012-06-19,11.49,36,2051,2,2012,,0,0,82.4,1,0.0
2012-06-20,11.49,38,2051,2,2012,,0,0,82.4,1,0.0
2012-06-21,11.49,30,2051,2,2012,,0,0,84.2,1,0.0
2012-06-22,11.49,34,2051,2,2012,,0,0,78.8,1,0.0
2012-06-23,11.49,22,2051,2,2012,,1,0,73.4,1,0.0
2012-06-24,11.49,20,2051,2,2012,,1,0,71.6,1,0.0
2012-06-25,11.49,32,2051,2,2012,,0,0,75.2,1,0.0
2012-06-26,11.49,34,2051,2,2012,,0,0,78.8,1,0.0
2012-06-27,11.49,36,2051,2,2012,,0,0,80.6,1,0.0
2012-06-28,11.49,36,2051,2,2012,,0,0,80.6,1,0.0
2012-06-29,11.49,30,2051,2,2012,,0,0,80.6,1,0.0
2012-06-30,11.49,24,2051,2,2012,,1,0,80.6,1,0.0
2012-07-01,11.49,24,2051,2,2012,,1,0,80.6,1,0.0
2012-07-02,11.49,38,2051,2,2012,,0,0,77.0,1,0.0
2012-07-03,11.49,36,2051,2,2012,,0,0,80.6,1,0.0
2012-07-04,11.49,30,2051,2,2012,,0,0,84.2,1,0.0
2012-07-05,11.49,36,2051,2,2012,,0,0,86.0,1,0.0
2012-07-06,11.49,30,2051,2,2012,,0,0,80.6,1,0.0
2012-07-07,11.49,28,2051,2,2012,,1,0,78.8,1,0.0
2012-07-08,11.49,28,2051,2,2012,,1,0,80.6,1,0.0
2012-07-09,11.49,38,2051,2,2012,,0,0,82.4,1,0.0
2012-07-10,11.49,30,2051,2,2012,,0,0,82.4,1,0.0
2012-07-11,11.49,36,2051,2,2012,,0,0,80.6,1,0.0
2012-07-12,11.49,34,2051,2,2012,,0,0,80.6,1,0.0
2012-07-13,11.49,38,2051,2,2012,,0,0,82.4,1,0.0
2012-07-14,11.49,26,2051,2,2012,,1,0,80.6,1,0.0
2012-07-15,11.49,22,2051,2,2012,,1,0,80.6,1,0.0
2012-07-16,11.49,34,2051,2,2012,,0,0,78.8,1,0.0
2012-07-17,11.49,32,2051,2,2012,,0,0,77.0,1,0.0
2012-07-18,11.49,38,2051,2,2012,,0,0,75.2,1,0.0
2012-07-19,11.49,34,2051,2,2012,,0,0,77.0,1,0.0
2012-07-20,11.49,34,2051,2,2012,,0,0,77.0,1,0.0
2012-07-21,11.49,24,2051,2,2012,,1,0,77.0,1,0.0
2012-07-22,11.49,22,2051,2,2012,,1,0,82.4,1,0.0
2012-07-23,11.49,38,2051,2,2012,,0,0,86.0,1,0.0
2012-07-24,11.49,36,2051,2,2012,,0,0,78.8,1,0.0
2012-07-25,11.49,36,2051,2,2012,,0,0,78.8,1,0.0
2012-07-26,11.49,32,2051,2,2012,,0,0,86.0,1,0.0
2012-07-27,11.49,36,2051,2,2012,,0,0,84.2,1,0.0
2012-07-28,11.49,26,2051,2,2012,,1,0,84.2,1,0.0
2012-07-29,11.49,28,2051,2,2012,,1,0,78.8,1,0.0
2012-07-30,11.49,34,2051,2,2012,,0,0,80.6,1,0.0
2012-07-31,11.49,34,2051,2,2012,,0,0,84.2,1,0.0
2012-08-01,11.49,38,2051,2,2012,,0,0,86.0,1,0.0
2012-08-02,11.49,34,2051,2,2012,,0,0,82.4,1,0.0
2012-08-03,11.49,38,2051,2,2012,,0,0,82.4,1,0.0
2012-08-04,11.49,22,2051,2,2012,,1,0,82.4,1,0.0
2012-08-05,11.49,22,2051,2,2012,,1,0,80.6,1,0.0
2012-08-06,11.49,38,2051,2,2012,,0,0,80.6,1,0.0
2012-08-07,11.49,32,2051,2,2012,,0,0,82.4,1,0.0
2012-08-08,11.49,38,2051,2,2012,,0,0,84.2,1,0.0
2012-08-09,11.49,32,2051,2,2012,,0,0,84.2,1,0.0
2012-08-10,11.49,38,2051,2,2012,,0,0,82.4,1,0.0
2012-08-11,11.49,22,2051,2,2012,,1,0,84.2,1,0.0
2012-08-12,11.49,28,2051,2,2012,,1,0,84.2,1,0.0
2012-08-13,11.49,30,2051,2,2012,,0,0,82.4,1,0.0
2012-08-14,11.49,38,2051,2,2012,,0,0,77.0,1,0.0
2012-08-15,11.49,38,2051,2,2012,,0,0,75.2,1,0.0
2012-08-16,11.49,30,2051,2,2012,,0,0,80.6,1,0.0
2012-08-17,11.49,30,2051,2,2012,,0,0,78.8,1,0.0
2012-08-18,11.49,24,2051,2,2012,,1,0,75.2,1,0.0
2012-08-19,11.49,26,2051,2,2012,,1,0,77.0,1,0.0
2012-08-20,11.49,38,2051,2,2012,,0,0,78.8,1,0.0
2012-08-21,11.49,36,2051,2,2012,,0,0,78.8,1,0.0
2012-08-22,11.49,36,2051,2,2012,,0,0,77.0,1,0.0
2012-08-23,11.49,32,2051,2,2012,,0,0,77.0,1,0.0
2012-08-24,11.49,38,2051,2,2012,,0,0,75.2,1,0.0
2012-08-25,11.49,20,2051,2,2012,,1,0,73.4,1,0.0
2012-08-26,11.49,26,2051,2,2012,,1,0,75.2,1,0.0
2012-08-27,11.49,32,2051,2,2012,,0,0,75.2,1,0.0
2012-08-28,11.49,38,2051,2,2012,,0,0,77.0,1,0.0
2012-08-29,12.35,36,2051,2,2012,,0,0,78.8,1,0.0
2012-08-30,12.35,30,2051,2,2012,,0,0,80.6,1,0.0
2012-08-31,12.35,28,2051,2,2012,,0,0,77.0,1,0.0
2012-09-01,12.35,18,2051,2,2012,,1,0,73.4,1,0.0
2012-09-02,12.35,18,2051,2,2012,,1,0,75.2,1,0.0
2012-09-03,12.35,34,2051,2,2012,,0,0,71.6,1,0.0
2012-09-04,12.35,32,2051,2,2012,,0,0,75.2,1,0.0
2012-09-05,12.35,32,2051,2,2012,,0,0,77.0,1,0.0
2012-09-06,12.35,28,2051,2,2012,,0,0,75.2,1,0.0
2012-09-07,12.35,34,2051,2,2012,,0,0,71.6,1,0.0
2012-09-08,12.35,24,2051,2,2012,,1,0,68.0,1,0.0
2012-09-09,12.35,22,2051,2,2012,,1,0,66.2,1,0.0
2012-09-10,12.35,20,2051,2,2012,Mid-Autumn Day,0,0,60.8,1,0.0
2012-09-11,12.35,18,2051,2,2012,Mid-Autumn Day,0,0,68.0,1,0.0
2012-09-12,12.35,24,2051,2,2012,Mid-Autumn Day,0,0,68.0,1,0.0
2012-09-13,12.35,28,2051,2,2012,,0,0,69.8,1,0.0
2012-09-14,12.35,28,2051,2,2012,,0,0,69.8,1,0.0
2012-09-15,12.35,24,2051,2,2012,,1,0,69.8,1,0.0
2012-09-16,12.35,26,2051,2,2012,,1,0,62.6,1,0.0
2012-09-17,12.35,28,2051,2,2012,,0,0,59.0,1,0.0
2012-09-18,12.35,32,2051,2,2012,,0,0,59.0,1,0.0
2012-09-19,12.35,34,2051,2,2012,,0,0,60.8,1,0.0
2012-09-20,12.35,34,2051,2,2012,,0,0,62.6,1,0.0
2012-09-21,12.35,36,2051,2,2012,,0,0,66.2,1,0.0
2012-09-22,12.35,20,2051,2,2012,,1,0,68.0,1,0.0
2012-09-23,12.35,24,2051,2,2012,,1,0,68.0,1,0.0
2012-09-24,12.35,34,2051,2,2012,,0,0,69.8,1,0.0
2012-09-25,12.35,30,2051,2,2012,,0,0,69.8,1,0.0
2012-09-26,12.35,28,2051,2,2012,,0,0,69.8,1,0.0
2012-09-27,12.35,28,2051,2,2012,,0,0,69.8,1,0.0
2012-09-28,12.35,34,2051,2,2012,,0,0,66.2,1,0.0
2012-09-29,12.35,26,2051,2,2012,,1,0,60.8,1,0.0
2012-09-30,12.35,22,2051,2,2012,,1,0,59.0,1,0.0
2012-10-01,12.35,24,2051,2,2012,National Day,0,0,59.0,1,0.0
2012-10-02,12.35,18,2051,2,2012,National Day,0,0,57.2,1,0.0
2012-10-03,12.35,26,2051,2,2012,National Day,0,0,57.2,1,0.0
2012-10-04,12.35,20,2051,2,2012,National Day,0,0,60.8,1,0.0
2012-10-05,12.35,24,2051,2,2012,National Day,0,0,62.6,1,0.0
2012-10-06,12.35,16,2051,2,2012,National Day,1,0,62.6,1,0.0
2012-10-07,12.35,14,2051,2,2012,National Day,1,0,64.4,1,0.0
2012-10-08,12.35,32,2051,2,2012,,0,0,66.2,1,0.0
2012-10-09,12.35,36,2051,2,2012,,0,0,66.2,1,0.0
2012-10-10,12.35,36,2051,2,2012,,0,0,62.6,1,0.0
2012-10-11,12.35,30,2051,2,2012,,0,0,62.6,1,0.0
2012-10-12,12.35,30,2051,2,2012,,0,0,62.6,1,0.0
2012-10-13,12.35,22,2051,2,2012,,1,0,59.0,1,0.0
2012-10-14,12.35,24,2051,2,2012,,1,0,57.2,1,0.0
2012-10-15,12.35,28,2051,2,2012,,0,0,59.0,1,0.0
2012-10-16,12.35,28,2051,2,2012,,0,0,57.2,1,0.0
2012-10-17,12.35,34,2051,2,2012,,0,0,57.2,1,0.0
2012-10-18,12.35,34,2051,2,2012,,0,0,59.0,1,0.0
2012-10-19,12.35,28,2051,2,2012,,0,0,59.0,1,0.0
2012-10-20,12.35,24,2051,2,2012,,1,0,60.8,1,0.0
2012-10-21,12.35,20,2051,2,2012,,1,0,57.2,1,0.0
2012-10-22,12.35,34,2051,2,2012,,0,0,60.8,1,0.0
2012-10-23,12.35,32,2051,2,2012,,0,0,50.0,1,0.0
2012-10-24,12.35,28,2051,2,2012,,0,0,46.4,1,0.0
2012-10-25,12.35,32,2051,2,2012,,0,0,50.0,1,0.0
2012-10-26,12.35,32,2051,2,2012,,0,0,48.2,1,0.0
2012-10-27,12.35,24,2051,2,2012,,1,0,50.0,1,0.0
2012-10-28,12.35,18,2051,2,2012,,1,0,51.8,1,0.0
2012-10-29,12.35,34,2051,2,2012,,0,0,53.6,1,0.0
2012-10-30,12.35,34,2051,2,2012,,0,0,53.6,1,0.0
2012-10-31,12.35,32,2051,2,2012,,0,0,53.6,1,0.0
2012-11-01,12.35,30,2051,2,2012,,0,0,51.8,1,0.0
2012-11-02,12.35,36,2051,2,2012,,0,0,53.6,1,0.0
2012-11-03,12.35,24,2051,2,2012,,1,0,51.8,1,0.0
2012-11-04,12.35,26,2051,2,2012,,1,0,51.8,1,0.0
2012-11-05,12.35,34,2051,2,2012,,0,0,53.6,1,0.0
2012-11-06,12.35,32,2051,2,2012,,0,0,51.8,1,0.0
2012-11-07,12.35,32,2051,2,2012,,0,0,50.0,1,0.0
2012-11-08,12.35,34,2051,2,2012,,0,0,46.4,1,0.0
2012-11-09,12.35,30,2051,2,2012,,0,0,46.4,1,0.0
2012-11-10,12.35,20,2051,2,2012,,1,0,48.2,1,0.0
2012-11-11,12.35,22,2051,2,2012,,1,0,50.0,1,0.0
2012-11-12,12.35,28,2051,2,2012,,0,0,46.4,1,0.0
2012-11-13,12.35,32,2051,2,2012,,0,0,42.8,1,0.0
2012-11-14,12.35,34,2051,2,2012,,0,0,44.6,1,0.0
2012-11-15,12.35,36,2051,2,2012,,0,0,44.6,1,0.0
2012-11-16,12.35,34,2051,2,2012,,0,0,46.4,1,0.0
2012-11-17,12.35,26,2051,2,2012,,1,0,41.0,1,0.0
2012-11-18,12.35,18,2051,2,2012,,1,0,44.6,1,0.0
2012-11-19,12.35,34,2051,2,2012,,0,0,37.4,1,0.0
2012-11-20,12.35,36,2051,2,2012,,0,0,37.4,1,0.0
2012-11-21,12.35,36,2051,2,2012,,0,0,41.0,1,0.0
2012-11-22,12.35,32,2051,2,2012,,0,0,39.2,1,0.0
2012-11-23,12.35,28,2051,2,2012,,0,0,33.8,1,0.0
2012-11-24,12.35,20,2051,2,2012,,1,0,35.6,1,0.0
2012-11-25,12.35,24,2051,2,2012,,1,0,37.4,1,0.0
2012-11-26,12.35,32,2051,2,2012,,0,0,39.2,1,0.0
2012-11-27,12.35,36,2051,2,2012,,0,0,37.4,1,0.0
2012-11-28,12.35,30,2051,2,2012,,0,0,35.6,1,0.0
2012-11-29,12.35,32,2051,2,2012,,0,0,32.0,1,0.0
2012-11-30,12.35,28,2051,2,2012,,0,0,32.0,1,0.0
2012-12-01,12.35,22,2051,2,2012,,1,0,33.8,1,0.0
2012-12-02,12.35,26,2051,2,2012,,1,0,32.0,1,0.0
2012-12-03,12.35,32,2051,2,2012,,0,0,32.0,1,0.0
2012-12-04,12.35,32,2051,2,2012,,0,0,33.8,1,0.0
2012-12-05,12.35,28,2051,2,2012,,0,0,32.0,1,0.0
2012-12-06,12.35,34,2051,2,2012,,0,0,32.0,1,0.0
2012-12-07,12.35,40,2051,2,2012,,0,0,30.2,0,0.0
2012-12-08,12.35,26,2051,2,2012,,1,0,24.8,0,0.0
2012-12-09,12.35,20,2051,2,2012,,1,0,28.4,1,0.0
2012-12-10,12.35,34,2051,2,2012,,0,0,32.0,1,0.0
2012-12-11,12.35,36,2051,2,2012,,0,0,33.8,1,0.0
2012-12-12,12.35,36,2051,2,2012,,0,0,35.6,1,0.0
2012-12-13,12.35,28,2051,2,2012,,0,0,32.0,1,0.0
2012-12-14,12.35,40,2051,2,2012,,0,0,28.4,0,0.0
2012-12-15,12.35,22,2051,2,2012,,1,0,24.8,0,0.0
2012-12-16,12.35,24,2051,2,2012,,1,0,26.6,0,0.0
2012-12-17,12.35,36,2051,2,2012,,0,0,26.6,0,0.0
2012-12-18,12.35,38,2051,2,2012,,0,0,28.4,0,0.0
2012-12-19,12.35,28,2051,2,2012,,0,0,30.2,1,0.0
2012-12-20,12.35,32,2051,2,2012,,0,0,30.2,1,0.0
2012-12-21,12.35,38,2051,2,2012,,0,0,28.4,0,0.0
2012-12-22,12.35,28,2051,2,2012,,1,0,28.4,0,0.0
2012-12-23,12.35,22,2051,2,2012,,1,0,30.2,1,0.0
2012-12-24,12.35,38,2051,2,2012,,0,0,30.2,0,0.0
2012-12-25,12.35,40,2051,2,2012,,0,0,30.2,0,0.0
2012-12-26,12.35,34,2051,2,2012,,0,0,30.2,1,0.0
2012-12-27,13.13,24,2051,2,2012,,0,0,30.2,1,0.0
2012-12-28,13.13,32,2051,2,2012,,0,0,30.2,0,0.0
2012-12-29,13.13,26,2051,2,2012,,1,0,26.6,1,0.0
