cafe_tran_GPT.csv
CALENDAR_DATE,PRICE,QUANTITY,SELL_ID,SELL_CATEGORY,YEAR,HOLIDAY,IS_WEEKEND,IS_SCHOOLBREAK,AVERAGE_TEMPERATURE,IS_OUTDOOR,IS_LABOR_DAY
2012-12-30,13.13,24,2051,2,2012,,1,0,28.4,1,0.0
2012-12-31,13.13,38,2051,2,2012,,0,0,30.2,0,0.0
2013-01-01,13.13,22,2051,2,2013,New Year,0,0,30.2,1,0.0
2013-01-02,13.13,28,2051,2,2013,New Year,0,0,28.4,0,0.0
2013-01-03,13.13,28,2051,2,2013,New Year,0,0,26.6,0,0.0
2013-01-04,13.13,30,2051,2,2013,,0,0,24.8,0,0.0
2013-01-05,13.13,20,2051,2,2013,,1,0,26.6,0,0.0
2013-01-06,13.13,24,2051,2,2013,,1,0,26.6,0,0.0
2013-01-07,13.13,32,2051,2,2013,,0,0,26.6,0,0.0
2013-01-08,13.13,36,2051,2,2013,,0,0,26.6,0,0.0
2013-01-09,13.13,34,2051,2,2013,,0,0,28.4,0,0.0
2013-01-10,13.13,32,2051,2,2013,,0,0,28.4,0,0.0
2013-01-11,13.13,36,2051,2,2013,,0,0,24.8,0,0.0
2013-01-12,13.13,22,2051,2,2013,,1,0,28.4,0,0.0
2013-01-13,13.13,26,2051,2,2013,,1,0,30.2,0,0.0
2013-01-14,13.13,36,2051,2,2013,,0,1,30.2,0,0.0
2013-01-15,13.13,32,2051,2,2013,,0,1,30.2,0,0.0
2013-01-16,13.13,32,2051,2,2013,,0,1,30.2,1,0.0
2013-01-17,13.13,26,2051,2,2013,,0,1,30.2,1,0.0
2013-01-18,13.13,32,2051,2,2013,,0,1,32.0,1,0.0
2013-01-19,13.13,22,2051,2,2013,,1,1,28.4,1,0.0
2013-01-20,13.13,28,2051,2,2013,,1,1,23.0,0,0.0
2013-01-21,13.13,32,2051,2,2013,,0,1,19.4,0,0.0
2013-01-22,13.13,26,2051,2,2013,Luner New Year,0,1,17.6,0,0.0
2013-01-23,13.13,20,2051,2,2013,Luner New Year,0,1,21.2,0,0.0
2013-01-24,13.13,24,2051,2,2013,Luner New Year,0,1,23.0,0,0.0
2013-01-25,13.13,20,2051,2,2013,Luner New Year,0,1,23.0,0,0.0
2013-01-26,13.13,14,2051,2,2013,Luner New Year,1,1,26.6,0,0.0
2013-01-27,13.13,22,2051,2,2013,Luner New Year,1,1,26.6,0,0.0
2013-01-28,13.13,28,2051,2,2013,Luner New Year,0,1,23.0,0,0.0
2013-01-29,13.13,32,2051,2,2013,,0,1,23.0,0,0.0
2013-01-30,13.13,38,2051,2,2013,,0,1,23.0,0,0.0
2013-01-31,13.13,34,2051,2,2013,,0,1,23.0,0,0.0
2013-02-01,13.13,34,2051,2,2013,,0,1,19.4,0,0.0
2013-02-02,13.13,22,2051,2,2013,,1,1,21.2,0,0.0
2013-02-03,13.13,24,2051,2,2013,,1,1,26.6,0,0.0
2013-02-04,13.13,32,2051,2,2013,,0,1,30.2,0,0.0
2013-02-05,13.13,38,2051,2,2013,,0,1,30.2,0,0.0
2013-02-06,13.13,36,2051,2,2013,,0,1,19.4,0,0.0
2013-02-07,13.13,38,2051,2,2013,,0,0,23.0,0,0.0
2013-02-08,13.13,34,2051,2,2013,,0,0,26.6,0,0.0
2013-02-09,13.13,26,2051,2,2013,,1,0,28.4,0,0.0
2013-02-10,13.13,28,2051,2,2013,,1,0,28.4,0,0.0
2013-02-11,13.13,30,2051,2,2013,,0,0,32.0,0,0.0
2013-02-12,13.13,24,2051,2,2013,,0,0,32.0,1,0.0
2013-02-13,13.13,30,2051,2,2013,,0,0,33.8,1,0.0
2013-02-14,13.13,30,2051,2,2013,,0,0,30.2,0,0.0
2013-02-15,13.13,26,2051,2,2013,,0,0,32.0,1,0.0
2013-02-16,13.13,24,2051,2,2013,,1,0,28.4,0,0.0
2013-02-17,13.13,22,2051,2,2013,,1,0,28.4,0,0.0
2013-02-18,13.13,36,2051,2,2013,,0,0,30.2,0,0.0
2013-02-19,13.13,32,2051,2,2013,,0,0,32.0,1,0.0
2013-02-20,13.13,30,2051,2,2013,,0,0,35.6,1,0.0
2013-02-21,13.13,24,2051,2,2013,,0,0,33.8,1,0.0
2013-02-22,13.13,26,2051,2,2013,,0,0,35.6,1,0.0
2013-02-23,13.13,18,2051,2,2013,,1,0,33.8,1,0.0
2013-02-24,13.13,20,2051,2,2013,,1,0,32.0,1,0.0
2013-02-25,13.13,30,2051,2,2013,,0,0,32.0,1,0.0
2013-02-26,13.13,26,2051,2,2013,,0,0,32.0,1,0.0
2013-02-27,13.13,28,2051,2,2013,,0,0,35.6,1,0.0
2013-02-28,13.13,28,2051,2,2013,,0,0,35.6,1,0.0
2013-03-01,15.5,90,2051,2,2013,,0,0,39.2,1,0.0
2013-03-01,15.5,90,2051,2,2013,,0,0,32.0,1,0.0
2013-03-01,12.64,22,2051,2,2013,,0,0,39.2,1,0.0
2013-03-01,12.64,22,2051,2,2013,,0,0,32.0,1,0.0
2013-03-01,15.5,88,2051,2,2013,,0,0,39.2,1,0.0
2013-03-01,15.5,88,2051,2,2013,,0,0,32.0,1,0.0
2013-03-01,12.64,16,2051,2,2013,,0,0,39.2,1,0.0
2013-03-01,12.64,16,2051,2,2013,,0,0,32.0,1,0.0
2013-03-02,13.13,18,2051,2,2013,,1,0,35.6,1,0.0
2013-03-03,13.13,22,2051,2,2013,,1,0,33.8,1,0.0
2013-03-04,13.13,30,2051,2,2013,,0,0,35.6,1,0.0
2013-03-05,13.13,28,2051,2,2013,,0,0,35.6,1,0.0
2013-03-06,13.13,30,2051,2,2013,,0,0,39.2,1,0.0
2013-03-07,13.13,28,2051,2,2013,,0,0,39.2,1,0.0
2013-03-08,13.13,28,2051,2,2013,,0,0,32.0,1,0.0
2013-03-09,13.13,22,2051,2,2013,,1,0,33.8,1,0.0
2013-03-10,13.13,24,2051,2,2013,,1,0,33.8,1,0.0
2013-03-11,13.13,32,2051,2,2013,,0,0,32.0,0,0.0
2013-03-12,13.13,32,2051,2,2013,,0,0,37.4,1,0.0
2013-03-13,13.13,24,2051,2,2013,,0,0,42.8,1,0.0
2013-03-14,13.13,24,2051,2,2013,,0,0,42.8,1,0.0
2013-03-15,13.13,26,2051,2,2013,,0,0,44.6,1,0.0
2013-03-16,13.13,20,2051,2,2013,,1,0,48.2,1,0.0
2013-03-17,13.13,20,2051,2,2013,,1,0,42.8,1,0.0
2013-03-18,13.13,30,2051,2,2013,,0,0,35.6,1,0.0
2013-03-19,13.13,30,2051,2,2013,,0,0,37.4,1,0.0
2013-03-20,13.13,30,2051,2,2013,,0,0,44.6,1,0.0
2013-03-21,13.13,28,2051,2,2013,,0,0,46.4,1,0.0
2013-03-22,13.13,32,2051,2,2013,,0,0,41.0,1,0.0
2013-03-23,13.13,26,2051,2,2013,,1,0,44.6,1,0.0
2013-03-24,13.13,24,2051,2,2013,,1,0,44.6,1,0.0
2013-03-25,13.13,28,2051,2,2013,,0,0,46.4,1,0.0
2013-03-26,13.13,28,2051,2,2013,,0,0,32.0,1,0.0
2013-03-27,13.13,24,2051,2,2013,,0,0,55.4,1,0.0
2013-03-28,13.13,28,2051,2,2013,,0,0,59.0,1,0.0
2013-03-29,13.13,28,2051,2,2013,,0,0,53.6,1,0.0
2013-03-30,13.13,22,2051,2,2013,,1,0,46.4,1,0.0
2013-03-31,13.13,26,2051,2,2013,,1,0,48.2,1,0.0
2013-04-01,13.13,32,2051,2,2013,,0,0,46.4,1,0.0
2013-04-02,13.13,18,2051,2,2013,Qing Ming Festival,0,0,46.4,1,0.0
2013-04-03,13.13,26,2051,2,2013,Qing Ming Festival,0,0,51.8,1,0.0
2013-04-04,13.13,24,2051,2,2013,Qing Ming Festival,0,0,55.4,1,0.0
2013-04-05,13.13,30,2051,2,2013,,0,0,50.0,1,0.0
2013-04-06,13.13,18,2051,2,2013,,1,0,55.4,1,0.0
2013-04-07,13.13,24,2051,2,2013,,1,0,62.6,1,0.0
2013-04-08,13.13,30,2051,2,2013,,0,0,59.0,1,0.0
2013-04-09,13.13,26,2051,2,2013,,0,0,66.2,1,0.0
2013-04-10,13.13,28,2051,2,2013,,0,0,59.0,1,0.0
2013-04-11,13.13,30,2051,2,2013,,0,0,57.2,1,0.0
2013-04-12,13.13,28,2051,2,2013,,0,0,60.8,1,0.0
2013-04-13,13.13,22,2051,2,2013,,1,0,64.4,1,0.0
2013-04-14,13.13,18,2051,2,2013,,1,0,69.8,1,0.0
2013-04-15,13.13,28,2051,2,2013,,0,0,64.4,1,0.0
2013-04-16,13.13,24,2051,2,2013,,0,0,60.8,1,0.0
2013-04-17,13.13,28,2051,2,2013,,0,0,69.8,1,0.0
2013-04-18,13.13,32,2051,2,2013,,0,0,66.2,1,0.0
2013-04-19,13.13,32,2051,2,2013,,0,0,62.6,1,0.0
2013-04-20,13.13,22,2051,2,2013,,1,0,62.6,1,0.0
2013-04-21,13.13,26,2051,2,2013,,1,0,57.2,1,0.0
2013-04-22,13.13,24,2051,2,2013,,0,0,32.0,1,0.0
2013-04-23,13.13,30,2051,2,2013,,0,0,66.2,1,0.0
2013-04-24,13.13,30,2051,2,2013,,0,0,59.0,1,0.0
2013-04-25,13.08,28,2051,2,2013,,0,0,55.4,1,0.0
2013-04-26,13.08,34,2051,2,2013,,0,0,64.4,1,0.0
2013-04-27,13.08,22,2051,2,2013,,1,0,62.6,1,0.0
2013-04-28,13.08,18,2051,2,2013,,1,0,60.8,1,0.0
2013-04-29,13.08,24,2051,2,2013,Labor Day,0,0,60.8,1,1.0
2013-04-30,13.08,20,2051,2,2013,Labor Day,0,0,68.0,1,1.0
2013-05-01,13.08,26,2051,2,2013,Labor Day,0,0,64.4,1,1.0
2013-05-02,13.08,28,2051,2,2013,,0,0,73.4,1,0.0
2013-05-03,13.08,28,2051,2,2013,,0,0,75.2,1,0.0
2013-05-04,13.08,22,2051,2,2013,,1,0,75.2,1,0.0
2013-05-05,13.08,26,2051,2,2013,,1,0,73.4,1,0.0
2013-05-06,13.08,26,2051,2,2013,,0,0,75.2,1,0.0
2013-05-07,13.08,32,2051,2,2013,,0,0,32.0,1,0.0
2013-05-08,13.08,26,2051,2,2013,,0,0,73.4,1,0.0
2013-05-09,13.08,28,2051,2,2013,,0,0,73.4,1,0.0
2013-05-10,13.08,34,2051,2,2013,,0,0,75.2,1,0.0
2013-05-11,13.08,26,2051,2,2013,,1,0,66.2,1,0.0
2013-05-12,13.08,22,2051,2,2013,,1,0,64.4,1,0.0
2013-05-13,13.08,32,2051,2,2013,,0,0,68.0,1,0.0
2013-05-14,13.08,30,2051,2,2013,,0,0,66.2,1,0.0
2013-05-15,13.08,28,2051,2,2013,,0,0,68.0,1,0.0
2013-05-16,13.08,30,2051,2,2013,,0,0,69.8,1,0.0
2013-05-17,13.08,26,2051,2,2013,,0,0,73.4,1,0.0
2013-05-18,13.08,20,2051,2,2013,,1,0,77.0,1,0.0
2013-05-19,13.08,24,2051,2,2013,,1,0,75.2,1,0.0
2013-05-20,13.08,26,2051,2,2013,,0,0,71.6,1,0.0
2013-05-21,13.08,34,2051,2,2013,,0,0,75.2,1,0.0
2013-05-22,13.08,34,2051,2,2013,,0,0,71.6,1,0.0
2013-05-23,13.08,26,2051,2,2013,,0,0,73.4,1,0.0
2013-05-24,13.08,28,2051,2,2013,,0,0,71.6,1,0.0
2013-05-25,13.08,26,2051,2,2013,,1,0,69.8,1,0.0
2013-05-26,13.08,18,2051,2,2013,,1,0,78.8,1,0.0
2013-05-27,13.08,26,2051,2,2013,,0,0,80.6,1,0.0
2013-05-28,13.08,28,2051,2,2013,,0,0,80.6,1,0.0
2013-05-29,13.08,32,2051,2,2013,,0,0,69.8,1,0.0
2013-05-30,13.08,26,2051,2,2013,,0,0,68.0,1,0.0
2013-05-31,13.08,26,2051,2,2013,,0,0,71.6,1,0.0
2013-06-01,13.08,18,2051,2,2013,,1,0,68.0,1,0.0
2013-06-02,13.08,24,2051,2,2013,,1,0,71.6,1,0.0
2013-06-03,13.08,26,2051,2,2013,,0,0,68.0,1,0.0
2013-06-04,13.08,26,2051,2,2013,,0,0,77.0,1,0.0
2013-06-05,13.08,26,2051,2,2013,,0,0,78.8,1,0.0
2013-06-06,13.08,32,2051,2,2013,,0,0,77.0,1,0.0
2013-06-07,13.08,26,2051,2,2013,,0,1,78.8,1,0.0
2013-06-08,13.08,26,2051,2,2013,,1,1,80.6,1,0.0
2013-06-09,13.08,20,2051,2,2013,,1,0,77.0,1,0.0
2013-06-10,13.08,32,2051,2,2013,,0,0,71.6,1,0.0
2013-06-11,13.08,34,2051,2,2013,,0,0,77.0,1,0.0
2013-06-12,13.08,30,2051,2,2013,,0,0,73.4,1,0.0
2013-06-13,13.08,28,2051,2,2013,,0,0,69.8,1,0.0
2013-06-14,13.08,32,2051,2,2013,,0,0,71.6,1,0.0
2013-06-15,13.08,24,2051,2,2013,,1,0,73.4,1,0.0
2013-06-16,13.08,24,2051,2,2013,,1,0,82.4,1,0.0
2013-06-17,13.08,26,2051,2,2013,,0,0,87.8,1,0.0
2013-06-18,13.08,28,2051,2,2013,,0,0,86.0,1,0.0
2013-06-19,13.08,28,2051,2,2013,,0,0,82.4,1,0.0
2013-06-20,13.08,26,2051,2,2013,,0,0,80.6,1,0.0
2013-06-21,13.08,30,2051,2,2013,,0,0,80.6,1,0.0
2013-06-22,13.08,14,2051,2,2013,Dragon Boat Festivel,1,0,78.8,1,0.0
2013-06-23,13.08,12,2051,2,2013,Dragon Boat Festivel,1,0,78.8,1,0.0
2013-06-24,13.08,22,2051,2,2013,Dragon Boat Festivel,0,0,73.4,1,0.0
2013-06-25,13.08,34,2051,2,2013,,0,0,77.0,1,0.0
2013-06-26,13.08,34,2051,2,2013,,0,0,75.2,1,0.0
2013-06-27,13.08,30,2051,2,2013,,0,0,75.2,1,0.0
2013-06-28,13.08,30,2051,2,2013,,0,0,71.6,1,0.0
2013-06-29,13.08,26,2051,2,2013,,1,0,71.6,1,0.0
2013-06-30,13.08,22,2051,2,2013,,1,1,80.6,1,0.0
2013-07-01,13.08,26,2051,2,2013,,0,1,84.2,1,0.0
2013-07-02,13.08,32,2051,2,2013,,0,1,84.2,1,0.0
2013-07-03,13.08,28,2051,2,2013,,0,1,84.2,1,0.0
2013-07-04,13.08,34,2051,2,2013,,0,1,78.8,1,0.0
2013-07-05,13.08,34,2051,2,2013,,0,1,78.8,1,0.0
2013-07-06,13.08,24,2051,2,2013,,1,1,80.6,1,0.0
2013-07-07,13.08,20,2051,2,2013,,1,1,77.0,1,0.0
2013-07-08,13.08,30,2051,2,2013,,0,1,80.6,1,0.0
2013-07-09,13.08,34,2051,2,2013,,0,1,78.8,1,0.0
2013-07-10,13.08,34,2051,2,2013,,0,1,80.6,1,0.0
2013-07-11,13.08,32,2051,2,2013,,0,1,82.4,1,0.0
2013-07-12,13.08,28,2051,2,2013,,0,1,80.6,1,0.0
2013-07-13,13.08,20,2051,2,2013,,1,1,78.8,1,0.0
2013-07-14,13.08,20,2051,2,2013,,1,1,78.8,1,0.0
2013-07-15,13.08,32,2051,2,2013,,0,1,80.6,1,0.0
2013-07-16,13.08,28,2051,2,2013,,0,1,82.4,1,0.0
2013-07-17,13.08,28,2051,2,2013,,0,1,82.4,1,0.0
2013-07-18,13.08,30,2051,2,2013,,0,1,80.6,1,0.0
2013-07-19,13.08,30,2051,2,2013,,0,1,82.4,1,0.0
2013-07-20,13.08,24,2051,2,2013,,1,1,84.2,1,0.0
2013-07-21,13.08,26,2051,2,2013,,1,1,78.8,1,0.0
2013-07-22,13.08,26,2051,2,2013,,0,1,80.6,1,0.0
2013-07-23,13.08,34,2051,2,2013,,0,1,82.4,1,0.0
2013-07-24,13.08,26,2051,2,2013,,0,1,80.6,1,0.0
2013-07-25,13.08,30,2051,2,2013,,0,1,78.8,1,0.0
2013-07-26,13.08,34,2051,2,2013,,0,1,78.8,1,0.0
2013-07-27,13.08,22,2051,2,2013,,1,1,78.8,1,0.0
2013-07-28,13.08,26,2051,2,2013,,1,1,77.0,1,0.0
2013-07-29,13.08,26,2051,2,2013,,0,1,82.4,1,0.0
2013-07-30,13.08,34,2051,2,2013,,0,1,78.8,1,0.0
2013-07-31,13.08,34,2051,2,2013,,0,1,71.6,1,0.0
2013-08-01,13.08,26,2051,2,2013,,0,1,71.6,1,0.0
2013-08-02,13.08,32,2051,2,2013,,0,1,78.8,0,0.0
2013-08-03,13.08,28,2051,2,2013,,1,1,77.0,0,0.0
2013-08-04,13.08,18,2051,2,2013,,1,1,80.6,1,0.0
2013-08-05,13.08,34,2051,2,2013,,0,1,80.6,1,0.0
2013-08-06,13.08,32,2051,2,2013,,0,1,82.4,1,0.0
2013-08-07,13.08,26,2051,2,2013,,0,1,82.4,1,0.0
2013-08-08,13.08,30,2051,2,2013,,0,1,78.8,0,0.0
2013-08-09,13.08,32,2051,2,2013,,0,1,82.4,0,0.0
2013-08-10,13.08,20,2051,2,2013,,1,1,82.4,1,0.0
2013-08-11,13.08,20,2051,2,2013,,1,1,78.8,1,0.0
2013-08-12,13.08,34,2051,2,2013,,0,1,75.2,1,0.0
2013-08-13,13.08,34,2051,2,2013,,0,1,78.8,1,0.0
2013-08-14,13.08,30,2051,2,2013,,0,1,73.4,1,0.0
2013-08-15,13.08,30,2051,2,2013,,0,1,77.0,1,0.0
2013-08-16,13.08,30,2051,2,2013,,0,1,78.8,1,0.0
2013-08-17,13.08,22,2051,2,2013,,1,1,77.0,1,0.0
2013-08-18,13.08,20,2051,2,2013,,1,1,77.0,1,0.0
2013-08-19,13.08,34,2051,2,2013,,0,1,78.8,1,0.0
2013-08-20,13.08,32,2051,2,2013,,0,1,77.0,1,0.0
2013-08-21,13.08,28,2051,2,2013,,0,1,73.4,1,0.0
2013-08-22,13.08,30,2051,2,2013,,0,1,71.6,1,0.0
2013-08-23,10.97,40,2051,2,2013,,0,1,75.2,1,0.0
2013-08-24,10.97,30,2051,2,2013,,1,1,73.4,1,0.0
2013-08-25,10.97,26,2051,2,2013,,1,1,75.2,1,0.0
2013-08-26,10.97,36,2051,2,2013,,0,1,77.0,1,0.0
2013-08-27,10.97,36,2051,2,2013,,0,1,75.2,1,0.0
2013-08-28,10.97,38,2051,2,2013,,0,1,80.6,0,0.0
2013-08-29,10.97,44,2051,2,2013,,0,1,82.4,0,0.0
2013-08-30,10.97,38,2051,2,2013,,0,1,84.2,0,0.0
2013-08-31,10.97,22,2051,2,2013,,1,1,80.6,1,0.0
2013-09-01,10.97,30,2051,2,2013,,1,0,75.2,1,0.0
2013-09-02,10.97,34,2051,2,2013,,0,0,69.8,1,0.0
2013-09-03,10.97,38,2051,2,2013,,0,0,68.0,1,0.0
2013-09-04,10.97,32,2051,2,2013,,0,0,68.0,1,0.0
2013-09-05,10.97,32,2051,2,2013,,0,0,69.8,1,0.0
2013-09-06,10.97,38,2051,2,2013,,0,0,68.0,1,0.0
2013-09-07,10.97,22,2051,2,2013,,1,0,69.8,1,0.0
2013-09-08,10.97,26,2051,2,2013,,1,0,71.6,1,0.0
2013-09-09,10.97,40,2051,2,2013,,0,0,75.2,1,0.0
2013-09-10,10.97,38,2051,2,2013,,0,0,73.4,1,0.0
2013-09-11,10.97,32,2051,2,2013,,0,0,69.8,1,0.0
2013-09-12,10.97,32,2051,2,2013,,0,0,66.2,1,0.0
2013-09-13,10.97,34,2051,2,2013,,0,0,62.6,1,0.0
2013-09-14,10.97,28,2051,2,2013,,1,0,64.4,1,0.0
2013-09-15,10.97,30,2051,2,2013,,1,0,66.2,1,0.0
2013-09-16,10.97,38,2051,2,2013,,0,0,69.8,1,0.0
2013-09-17,10.97,40,2051,2,2013,,0,0,69.8,1,0.0
2013-09-18,10.97,36,2051,2,2013,,0,0,69.8,1,0.0
2013-09-19,10.97,36,2051,2,2013,,0,0,69.8,1,0.0
2013-09-20,10.97,32,2051,2,2013,,0,0,73.4,1,0.0
2013-09-21,10.97,26,2051,2,2013,,1,0,68.0,1,0.0
2013-09-22,10.97,28,2051,2,2013,,1,0,69.8,1,0.0
2013-09-23,10.97,40,2051,2,2013,,0,0,71.6,1,0.0
2013-09-24,10.97,40,2051,2,2013,,0,0,69.8,1,0.0
2013-09-25,10.97,34,2051,2,2013,,0,0,64.4,1,0.0
2013-09-26,10.97,38,2051,2,2013,,0,0,68.0,1,0.0
2013-09-27,10.97,40,2051,2,2013,,0,0,64.4,1,0.0
2013-09-28,10.97,22,2051,2,2013,,1,0,60.8,1,0.0
2013-09-29,10.97,24,2051,2,2013,,1,0,62.6,1,0.0
2013-09-30,10.97,30,2051,2,2013,Mid-Autumn Day,0,0,64.4,1,0.0
2013-10-01,10.97,26,2051,2,2013,National Day,0,0,66.2,1,0.0
2013-10-02,10.97,28,2051,2,2013,National Day,0,0,68.0,1,0.0
2013-10-03,10.97,22,2051,2,2013,National Day,0,0,66.2,1,0.0
2013-10-04,10.97,22,2051,2,2013,National Day,0,0,66.2,1,0.0
2013-10-05,10.97,22,2051,2,2013,National Day,1,0,62.6,1,0.0
2013-10-06,10.97,20,2051,2,2013,National Day,1,0,64.4,1,0.0
2013-10-07,10.97,28,2051,2,2013,National Day,0,0,64.4,1,0.0
2013-10-08,10.97,38,2051,2,2013,,0,0,66.2,1,0.0
2013-10-09,10.97,40,2051,2,2013,,0,0,60.8,1,0.0
2013-10-10,10.97,36,2051,2,2013,,0,0,59.0,1,0.0
2013-10-11,10.97,34,2051,2,2013,,0,0,60.8,1,0.0
2013-10-12,10.97,24,2051,2,2013,,1,0,64.4,1,0.0
2013-10-13,10.97,28,2051,2,2013,,1,0,55.4,1,0.0
2013-10-14,10.97,32,2051,2,2013,,0,0,55.4,1,0.0
2013-10-15,10.97,36,2051,2,2013,,0,0,55.4,1,0.0
2013-10-16,10.97,38,2051,2,2013,,0,0,51.8,1,0.0
2013-10-17,10.97,36,2051,2,2013,,0,0,51.8,1,0.0
2013-10-18,10.97,34,2051,2,2013,,0,0,55.4,1,0.0
2013-10-19,10.97,26,2051,2,2013,,1,0,57.2,1,0.0
2013-10-20,10.97,22,2051,2,2013,,1,0,59.0,1,0.0
2013-10-21,10.97,34,2051,2,2013,,0,0,51.8,1,0.0
2013-10-22,10.97,36,2051,2,2013,,0,0,50.0,1,0.0
2013-10-23,10.97,32,2051,2,2013,,0,0,55.4,1,0.0
2013-10-24,10.97,34,2051,2,2013,,0,0,57.2,1,0.0
2013-10-25,10.97,40,2051,2,2013,,0,0,59.0,1,0.0
2013-10-26,10.97,22,2051,2,2013,,1,0,57.2,1,0.0
2013-10-27,10.97,30,2051,2,2013,,1,0,57.2,1,0.0
2013-10-28,10.97,36,2051,2,2013,,0,0,53.6,1,0.0
2013-10-29,10.97,40,2051,2,2013,,0,0,46.4,1,0.0
2013-10-30,10.97,38,2051,2,2013,,0,0,44.6,1,0.0
2013-10-31,10.97,40,2051,2,2013,,0,0,44.6,1,0.0
2013-11-01,10.97,38,2051,2,2013,,0,0,48.2,1,0.0
2013-11-02,10.97,22,2051,2,2013,,1,0,50.0,1,0.0
2013-11-03,10.97,26,2051,2,2013,,1,0,41.0,1,0.0
2013-11-04,10.97,34,2051,2,2013,,0,0,35.6,1,0.0
2013-11-05,10.97,36,2051,2,2013,,0,0,39.2,1,0.0
2013-11-06,10.97,32,2051,2,2013,,0,0,41.0,1,0.0
2013-11-07,10.97,38,2051,2,2013,,0,0,41.0,1,0.0
2013-11-08,10.97,40,2051,2,2013,,0,0,42.8,1,0.0
2013-11-09,10.97,28,2051,2,2013,,1,0,42.8,1,0.0
2013-11-10,10.97,24,2051,2,2013,,1,0,35.6,1,0.0
2013-11-11,10.97,34,2051,2,2013,,0,0,35.6,1,0.0
2013-11-12,10.97,40,2051,2,2013,,0,0,37.4,1,0.0
2013-11-13,10.97,40,2051,2,2013,,0,0,35.6,1,0.0
2013-11-14,10.97,34,2051,2,2013,,0,0,37.4,1,0.0
2013-11-15,10.97,40,2051,2,2013,,0,0,39.2,1,0.0
2013-11-16,10.97,22,2051,2,2013,,1,0,39.2,1,0.0
2013-11-17,10.97,30,2051,2,2013,,1,0,39.2,1,0.0
2013-11-18,10.97,40,2051,2,2013,,0,0,42.8,1,0.0
2013-11-19,10.97,34,2051,2,2013,,0,0,39.2,1,0.0
2013-11-20,10.97,36,2051,2,2013,,0,0,39.2,1,0.0
2013-11-21,10.97,34,2051,2,2013,,0,0,41.0,1,0.0
2013-11-22,10.97,34,2051,2,2013,,0,0,35.6,1,0.0
2013-11-23,10.97,22,2051,2,2013,,1,0,32.0,1,0.0
2013-11-24,10.97,26,2051,2,2013,,1,0,35.6,1,0.0
2013-11-25,10.97,34,2051,2,2013,,0,0,37.4,1,0.0
2013-11-26,10.97,32,2051,2,2013,,0,0,33.8,1,0.0
2013-11-27,10.97,36,2051,2,2013,,0,0,35.6,1,0.0
2013-11-28,10.97,46,2051,2,2013,,0,0,32.0,0,0.0
2013-11-29,10.97,36,2051,2,2013,,0,0,32.0,1,0.0
2013-11-30,10.97,32,2051,2,2013,,1,0,28.4,0,0.0
2013-12-01,10.97,34,2051,2,2013,,1,0,28.4,0,0.0
2013-12-02,10.97,40,2051,2,2013,,0,0,30.2,1,0.0
2013-12-03,10.97,46,2051,2,2013,,0,0,28.4,0,0.0
2013-12-04,10.97,32,2051,2,2013,,0,0,28.4,1,0.0
2013-12-05,10.97,38,2051,2,2013,,0,0,23.0,0,0.0
2013-12-06,10.97,42,2051,2,2013,,0,0,24.8,0,0.0
2013-12-07,10.97,32,2051,2,2013,,1,0,23.0,0,0.0
2013-12-08,10.97,26,2051,2,2013,,1,0,21.2,0,0.0
2013-12-09,10.97,40,2051,2,2013,,0,0,26.6,0,0.0
2013-12-10,10.97,40,2051,2,2013,,0,0,24.8,0,0.0
2013-12-11,10.97,46,2051,2,2013,,0,0,26.6,0,0.0
2013-12-12,10.97,40,2051,2,2013,,0,0,30.2,1,0.0
2013-12-13,10.97,38,2051,2,2013,,0,0,30.2,1,0.0
2013-12-14,10.97,24,2051,2,2013,,1,0,30.2,1,0.0
2013-12-15,10.97,22,2051,2,2013,,1,0,32.0,1,0.0
2013-12-16,10.97,32,2051,2,2013,,0,0,32.0,1,0.0
2013-12-17,10.97,40,2051,2,2013,,0,0,23.0,0,0.0
2013-12-18,10.97,42,2051,2,2013,,0,0,26.6,0,0.0
2013-12-19,10.97,44,2051,2,2013,,0,0,26.6,0,0.0
2013-12-20,10.97,40,2051,2,2013,,0,0,26.6,1,0.0
2013-12-21,13.27,22,2051,2,2013,,1,0,24.8,0,0.0
