cafe_tran_GPT.csv
CALENDAR_DATE,PRICE,QUANTITY,SELL_ID,SELL_CATEGORY,YEAR,HOLIDAY,IS_WEEKEND,IS_SCHOOLBREAK,AVERAGE_TEMPERATURE,IS_OUTDOOR,IS_LABOR_DAY
2013-12-22,13.27,26,2051,2,2013,,1,0,32.0,1,0.0
2013-12-23,13.27,36,2051,2,2013,,0,0,14.0,0,0.0
2013-12-24,13.27,30,2051,2,2013,,0,0,21.2,0,0.0
2013-12-25,13.27,36,2051,2,2013,,0,0,21.2,0,0.0
2013-12-26,13.27,36,2051,2,2013,,0,0,21.2,0,0.0
2013-12-27,13.27,36,2051,2,2013,,0,0,21.2,0,0.0
2013-12-28,13.27,20,2051,2,2013,,1,0,21.2,0,0.0
2013-12-29,13.27,26,2051,2,2013,,1,0,21.2,0,0.0
2013-12-30,13.27,34,2051,2,2013,,0,0,21.2,0,0.0
2013-12-31,13.27,32,2051,2,2013,,0,0,21.2,0,0.0
2014-01-01,13.27,22,2051,2,2014,New Year,0,0,19.4,0,0.0
2014-01-02,13.27,22,2051,2,2014,New Year,0,0,14.0,0,0.0
2014-01-03,13.27,26,2051,2,2014,New Year,0,0,17.6,0,0.0
2014-01-04,13.27,22,2051,2,2014,,1,0,21.2,0,0.0
2014-01-05,13.27,26,2051,2,2014,,1,0,19.4,0,0.0
2014-01-06,13.27,30,2051,2,2014,,0,0,21.2,0,0.0
2014-01-07,13.27,38,2051,2,2014,,0,0,24.8,0,0.0
2014-01-08,13.27,38,2051,2,2014,,0,0,21.2,0,0.0
2014-01-09,13.27,38,2051,2,2014,,0,0,23.0,0,0.0
2014-01-10,13.27,38,2051,2,2014,,0,0,24.8,0,0.0
2014-01-11,13.27,28,2051,2,2014,,1,0,30.2,0,0.0
2014-01-12,13.27,22,2051,2,2014,,1,0,28.4,0,0.0
2014-01-13,13.27,38,2051,2,2014,,0,0,28.4,0,0.0
2014-01-14,13.27,24,2051,2,2014,,0,0,28.4,1,0.0
2014-01-15,13.27,36,2051,2,2014,,0,0,26.6,0,0.0
2014-01-16,13.27,38,2051,2,2014,,0,0,24.8,0,0.0
2014-01-17,13.27,36,2051,2,2014,,0,0,26.6,0,0.0
2014-01-18,13.27,24,2051,2,2014,,1,0,28.4,0,0.0
2014-01-19,13.27,26,2051,2,2014,,1,0,30.2,1,0.0
2014-01-20,13.27,38,2051,2,2014,,0,0,24.8,0,0.0
2014-01-21,13.27,32,2051,2,2014,,0,0,28.4,0,0.0
2014-01-22,13.27,36,2051,2,2014,,0,0,28.4,0,0.0
2014-01-23,13.27,32,2051,2,2014,,0,0,28.4,0,0.0
2014-01-24,13.27,30,2051,2,2014,,0,0,26.6,0,0.0
2014-01-25,13.27,28,2051,2,2014,,1,1,24.8,0,0.0
2014-01-26,13.27,24,2051,2,2014,,1,1,26.6,0,0.0
2014-01-27,13.27,36,2051,2,2014,,0,1,28.4,0,0.0
2014-01-28,13.27,30,2051,2,2014,,0,1,32.0,1,0.0
2014-01-29,13.27,28,2051,2,2014,,0,1,32.0,1,0.0
2014-01-30,13.27,28,2051,2,2014,,0,1,30.2,1,0.0
2014-01-31,13.27,30,2051,2,2014,,0,1,30.2,1,0.0
2014-02-01,13.27,26,2051,2,2014,,1,1,28.4,0,0.0
2014-02-02,13.27,24,2051,2,2014,,1,1,28.4,0,0.0
2014-02-03,13.27,30,2051,2,2014,,0,1,28.4,1,0.0
2014-02-04,13.27,34,2051,2,2014,,0,1,28.4,0,0.0
2014-02-05,13.27,36,2051,2,2014,,0,1,28.4,0,0.0
2014-02-06,13.27,38,2051,2,2014,,0,1,24.8,0,0.0
2014-02-07,13.27,30,2051,2,2014,,0,1,19.4,0,0.0
2014-02-08,13.27,26,2051,2,2014,,1,1,23.0,0,0.0
2014-02-09,13.27,14,2051,2,2014,Luner New Year,1,1,26.6,0,0.0
2014-02-10,13.27,26,2051,2,2014,Luner New Year,0,1,26.6,0,0.0
2014-02-11,13.27,20,2051,2,2014,Luner New Year,0,1,26.6,0,0.0
2014-02-12,13.27,22,2051,2,2014,Luner New Year,0,1,28.4,0,0.0
2014-02-13,13.27,26,2051,2,2014,Luner New Year,0,1,33.8,1,0.0
2014-02-14,13.27,24,2051,2,2014,Luner New Year,0,1,30.2,0,0.0
2014-02-15,13.27,20,2051,2,2014,Luner New Year,1,1,30.2,0,0.0
2014-02-16,13.27,24,2051,2,2014,,1,1,32.0,1,0.0
2014-02-17,13.27,28,2051,2,2014,,0,1,33.8,1,0.0
2014-02-18,13.27,34,2051,2,2014,,0,1,28.4,0,0.0
2014-02-19,13.27,30,2051,2,2014,,0,1,28.4,0,0.0
2014-02-20,13.27,36,2051,2,2014,,0,0,30.2,0,0.0
2014-02-21,13.27,28,2051,2,2014,,0,0,33.8,1,0.0
2014-02-22,13.27,22,2051,2,2014,,1,0,33.8,1,0.0
2014-02-23,13.27,26,2051,2,2014,,1,0,37.4,1,0.0
2014-02-24,13.27,26,2051,2,2014,,0,0,33.8,1,0.0
2014-02-25,13.27,26,2051,2,2014,,0,0,28.4,1,0.0
2014-02-26,13.27,24,2051,2,2014,,0,0,37.4,1,0.0
2014-02-27,13.27,26,2051,2,2014,,0,0,42.8,1,0.0
2014-02-28,13.27,26,2051,2,2014,,0,0,41.0,1,0.0
2014-03-01,13.27,26,2051,2,2014,,1,0,33.8,1,0.0
2014-03-02,13.27,26,2051,2,2014,,1,0,33.8,1,0.0
2014-03-03,13.27,32,2051,2,2014,,0,0,44.6,1,0.0
2014-03-04,13.27,28,2051,2,2014,,0,0,46.4,1,0.0
2014-03-05,13.27,28,2051,2,2014,,0,0,50.0,1,0.0
2014-03-06,13.27,24,2051,2,2014,,0,0,46.4,1,0.0
2014-03-07,13.27,24,2051,2,2014,,0,0,50.0,1,0.0
2014-03-08,13.27,24,2051,2,2014,,1,0,53.6,1,0.0
2014-03-09,13.27,22,2051,2,2014,,1,0,44.6,1,0.0
2014-03-10,13.27,32,2051,2,2014,,0,0,39.2,1,0.0
2014-03-11,13.27,24,2051,2,2014,,0,0,46.4,1,0.0
2014-03-12,13.27,24,2051,2,2014,,0,0,39.2,1,0.0
2014-03-13,13.27,28,2051,2,2014,,0,0,37.4,1,0.0
2014-03-14,13.27,30,2051,2,2014,,0,0,41.0,1,0.0
2014-03-15,13.27,22,2051,2,2014,,1,0,46.4,1,0.0
2014-03-16,13.27,26,2051,2,2014,,1,0,48.2,1,0.0
2014-03-17,13.27,30,2051,2,2014,,0,0,53.6,1,0.0
2014-03-18,13.27,32,2051,2,2014,,0,0,42.8,1,0.0
2014-03-19,13.27,26,2051,2,2014,,0,0,32.0,1,0.0
2014-03-20,13.27,28,2051,2,2014,,0,0,39.2,1,0.0
2014-03-21,13.27,30,2051,2,2014,,0,0,46.4,1,0.0
2014-03-22,13.27,24,2051,2,2014,,1,0,42.8,1,0.0
2014-03-23,13.27,22,2051,2,2014,,1,0,42.8,1,0.0
2014-03-24,13.27,32,2051,2,2014,,0,0,39.2,1,0.0
2014-03-25,13.27,30,2051,2,2014,,0,0,42.8,1,0.0
2014-03-26,13.27,26,2051,2,2014,,0,0,48.2,1,0.0
2014-03-27,13.27,26,2051,2,2014,,0,0,50.0,1,0.0
2014-03-28,13.27,28,2051,2,2014,,0,0,41.0,1,0.0
2014-03-29,13.27,22,2051,2,2014,,1,0,42.8,1,0.0
2014-03-30,13.27,20,2051,2,2014,,1,0,42.8,1,0.0
2014-03-31,13.27,30,2051,2,2014,,0,0,48.2,1,0.0
2014-04-01,13.27,24,2051,2,2014,,0,0,46.4,1,0.0
2014-04-02,13.27,32,2051,2,2014,,0,0,53.6,1,0.0
2014-04-03,13.27,24,2051,2,2014,,0,0,50.0,1,0.0
2014-04-04,13.27,24,2051,2,2014,Qing Ming Festival,0,0,48.2,1,0.0
2014-04-05,13.27,20,2051,2,2014,Qing Ming Festival,1,0,44.6,1,0.0
2014-04-06,13.27,16,2051,2,2014,Qing Ming Festival,1,0,46.4,1,0.0
2014-04-07,13.27,30,2051,2,2014,,0,0,50.0,1,0.0
2014-04-08,13.27,32,2051,2,2014,,0,0,46.4,1,0.0
2014-04-09,13.27,28,2051,2,2014,,0,0,46.4,1,0.0
2014-04-10,13.27,32,2051,2,2014,,0,0,46.4,1,0.0
2014-04-11,13.27,26,2051,2,2014,,0,0,48.2,1,0.0
2014-04-12,13.27,20,2051,2,2014,,1,0,59.0,1,0.0
2014-04-13,13.27,22,2051,2,2014,,1,0,57.2,1,0.0
2014-04-14,13.27,28,2051,2,2014,,0,0,50.0,1,0.0
2014-04-15,13.27,24,2051,2,2014,,0,0,55.4,1,0.0
2014-04-16,13.27,26,2051,2,2014,,0,0,53.6,1,0.0
2014-04-17,13.27,24,2051,2,2014,,0,0,55.4,1,0.0
2014-04-18,13.27,32,2051,2,2014,,0,0,50.0,1,0.0
2014-04-19,13.27,24,2051,2,2014,,1,0,41.0,1,0.0
2014-04-20,12.14,24,2051,2,2014,,1,0,50.0,1,0.0
2014-04-21,12.14,28,2051,2,2014,,0,0,53.6,1,0.0
2014-04-22,12.14,30,2051,2,2014,,0,0,57.2,1,0.0
2014-04-23,12.14,36,2051,2,2014,,0,0,53.6,1,0.0
2014-04-24,12.14,36,2051,2,2014,,0,0,60.8,1,0.0
2014-04-25,12.14,32,2051,2,2014,,0,0,59.0,1,0.0
2014-04-26,12.14,22,2051,2,2014,,1,0,60.8,1,0.0
2014-04-27,12.14,20,2051,2,2014,,1,0,60.8,1,0.0
2014-04-28,12.14,36,2051,2,2014,,0,0,59.0,1,0.0
2014-04-29,12.14,20,2051,2,2014,Labor Day,0,0,68.0,1,1.0
2014-04-30,12.14,22,2051,2,2014,Labor Day,0,0,64.4,1,1.0
2014-05-01,12.14,24,2051,2,2014,Labor Day,0,0,64.4,1,1.0
2014-05-02,12.14,36,2051,2,2014,,0,0,62.6,1,0.0
2014-05-03,12.14,26,2051,2,2014,,1,0,62.6,1,0.0
2014-05-04,12.14,24,2051,2,2014,,1,0,68.0,1,0.0
2014-05-05,12.14,28,2051,2,2014,,0,0,73.4,1,0.0
2014-05-06,12.14,34,2051,2,2014,,0,0,73.4,1,0.0
2014-05-07,12.14,28,2051,2,2014,,0,0,73.4,1,0.0
2014-05-08,12.14,28,2051,2,2014,,0,0,69.8,1,0.0
2014-05-09,12.14,30,2051,2,2014,,0,0,64.4,1,0.0
2014-05-10,12.14,28,2051,2,2014,,1,0,71.6,1,0.0
2014-05-11,12.14,22,2051,2,2014,,1,0,75.2,1,0.0
2014-05-12,12.14,28,2051,2,2014,,0,0,73.4,1,0.0
2014-05-13,12.14,32,2051,2,2014,,0,0,73.4,1,0.0
2014-05-14,12.14,32,2051,2,2014,,0,0,71.6,1,0.0
2014-05-15,12.14,36,2051,2,2014,,0,0,71.6,1,0.0
2014-05-16,12.14,28,2051,2,2014,,0,0,68.0,1,0.0
2014-05-17,12.14,20,2051,2,2014,,1,0,69.8,1,0.0
2014-05-18,12.14,20,2051,2,2014,,1,0,73.4,1,0.0
2014-05-19,12.14,32,2051,2,2014,,0,0,68.0,1,0.0
2014-05-20,12.14,32,2051,2,2014,,0,0,75.2,1,0.0
2014-05-21,12.14,32,2051,2,2014,,0,0,75.2,1,0.0
2014-05-22,12.14,28,2051,2,2014,,0,0,71.6,1,0.0
2014-05-23,12.14,30,2051,2,2014,,0,0,75.2,1,0.0
2014-05-24,12.14,20,2051,2,2014,,1,0,71.6,1,0.0
2014-05-25,12.14,20,2051,2,2014,,1,0,71.6,1,0.0
2014-05-26,12.14,30,2051,2,2014,,0,0,68.0,1,0.0
2014-05-27,12.14,32,2051,2,2014,,0,0,69.8,1,0.0
2014-05-28,12.14,28,2051,2,2014,,0,0,68.0,1,0.0
2014-05-29,12.14,32,2051,2,2014,,0,0,71.6,1,0.0
2014-05-30,12.14,34,2051,2,2014,,0,0,78.8,1,0.0
2014-05-31,12.14,24,2051,2,2014,,1,0,77.0,1,0.0
2014-06-01,12.14,26,2051,2,2014,,1,0,75.2,1,0.0
2014-06-02,12.14,36,2051,2,2014,,0,0,73.4,1,0.0
2014-06-03,12.14,34,2051,2,2014,,0,0,77.0,1,0.0
2014-06-04,12.14,30,2051,2,2014,,0,0,73.4,1,0.0
2014-06-05,12.14,30,2051,2,2014,,0,0,73.4,1,0.0
2014-06-06,12.14,36,2051,2,2014,,0,0,69.8,1,0.0
2014-06-07,12.14,28,2051,2,2014,,1,1,69.8,1,0.0
2014-06-08,12.14,28,2051,2,2014,,1,1,68.0,1,0.0
2014-06-09,12.14,34,2051,2,2014,,0,0,64.4,1,0.0
2014-06-10,12.14,20,2051,2,2014,Dragon Boat Festivel,0,0,68.0,1,0.0
2014-06-11,12.14,26,2051,2,2014,Dragon Boat Festivel,0,0,69.8,1,0.0
2014-06-12,12.14,24,2051,2,2014,Dragon Boat Festivel,0,0,73.4,1,0.0
2014-06-13,12.14,28,2051,2,2014,,0,0,77.0,1,0.0
2014-06-14,12.14,28,2051,2,2014,,1,0,77.0,1,0.0
2014-06-15,12.14,22,2051,2,2014,,1,0,80.6,1,0.0
2014-06-16,12.14,36,2051,2,2014,,0,0,75.2,1,0.0
2014-06-17,12.14,34,2051,2,2014,,0,0,77.0,1,0.0
2014-06-18,12.14,34,2051,2,2014,,0,0,80.6,1,0.0
2014-06-19,12.14,36,2051,2,2014,,0,0,82.4,1,0.0
2014-06-20,12.14,30,2051,2,2014,,0,0,80.6,1,0.0
2014-06-21,12.14,28,2051,2,2014,,1,0,78.8,1,0.0
2014-06-22,12.14,24,2051,2,2014,,1,0,71.6,1,0.0
2014-06-23,12.14,34,2051,2,2014,,0,0,78.8,1,0.0
2014-06-24,12.14,28,2051,2,2014,,0,0,78.8,1,0.0
2014-06-25,12.14,32,2051,2,2014,,0,0,77.0,1,0.0
2014-06-26,12.14,36,2051,2,2014,,0,0,77.0,1,0.0
2014-06-27,12.14,32,2051,2,2014,,0,0,82.4,1,0.0
2014-06-28,12.14,28,2051,2,2014,,1,1,80.6,1,0.0
2014-06-29,12.14,22,2051,2,2014,,1,1,78.8,1,0.0
2014-06-30,12.14,28,2051,2,2014,,0,1,77.0,1,0.0
2014-07-01,12.14,30,2051,2,2014,,0,1,75.2,1,0.0
2014-07-02,12.14,34,2051,2,2014,,0,1,82.4,1,0.0
2014-07-03,12.14,34,2051,2,2014,,0,1,86.0,1,0.0
2014-07-04,12.14,32,2051,2,2014,,0,1,84.2,1,0.0
2014-07-05,12.14,28,2051,2,2014,,1,1,84.2,1,0.0
2014-07-06,12.14,20,2051,2,2014,,1,1,86.0,1,0.0
2014-07-07,12.14,32,2051,2,2014,,0,1,82.4,1,0.0
2014-07-08,12.14,32,2051,2,2014,,0,1,78.8,1,0.0
2014-07-09,12.14,32,2051,2,2014,,0,1,75.2,1,0.0
2014-07-10,12.14,36,2051,2,2014,,0,1,75.2,1,0.0
2014-07-11,12.14,34,2051,2,2014,,0,1,75.2,1,0.0
2014-07-12,12.14,22,2051,2,2014,,1,1,78.8,1,0.0
2014-07-13,12.14,24,2051,2,2014,,1,1,80.6,1,0.0
2014-07-14,12.14,32,2051,2,2014,,0,1,78.8,1,0.0
2014-07-15,12.14,34,2051,2,2014,,0,1,75.2,1,0.0
2014-07-16,12.14,30,2051,2,2014,,0,1,80.6,1,0.0
2014-07-17,12.14,32,2051,2,2014,,0,1,82.4,1,0.0
2014-07-18,12.14,32,2051,2,2014,,0,1,77.0,1,0.0
2014-07-19,12.14,22,2051,2,2014,,1,1,78.8,1,0.0
2014-07-20,12.14,26,2051,2,2014,,1,1,80.6,1,0.0
2014-07-21,12.14,32,2051,2,2014,,0,1,80.6,1,0.0
2014-07-22,12.14,36,2051,2,2014,,0,1,80.6,1,0.0
2014-07-23,12.14,28,2051,2,2014,,0,1,78.8,1,0.0
2014-07-24,12.14,28,2051,2,2014,,0,1,86.0,1,0.0
2014-07-25,12.14,34,2051,2,2014,,0,1,84.2,1,0.0
2014-07-26,12.14,20,2051,2,2014,,1,1,78.8,1,0.0
2014-07-27,12.14,26,2051,2,2014,,1,1,77.0,1,0.0
2014-07-28,12.14,36,2051,2,2014,,0,1,87.8,1,0.0
2014-07-29,12.14,34,2051,2,2014,,0,1,82.4,1,0.0
2014-07-30,12.14,36,2051,2,2014,,0,1,80.6,1,0.0
2014-07-31,12.14,34,2051,2,2014,,0,1,77.0,1,0.0
2014-08-01,12.14,32,2051,2,2014,,0,1,78.8,1,0.0
2014-08-02,12.14,22,2051,2,2014,,1,1,78.8,1,0.0
2014-08-03,12.14,28,2051,2,2014,,1,1,82.4,1,0.0
2014-08-04,12.14,32,2051,2,2014,,0,1,82.4,1,0.0
2014-08-05,12.14,32,2051,2,2014,,0,1,78.8,1,0.0
2014-08-06,12.14,36,2051,2,2014,,0,1,78.8,1,0.0
2014-08-07,12.14,36,2051,2,2014,,0,1,84.2,1,0.0
2014-08-08,12.14,32,2051,2,2014,,0,1,86.0,1,0.0
2014-08-09,12.14,20,2051,2,2014,,1,1,84.2,1,0.0
2014-08-10,12.14,24,2051,2,2014,,1,1,80.6,1,0.0
2014-08-11,12.14,32,2051,2,2014,,0,1,78.8,1,0.0
2014-08-12,12.14,30,2051,2,2014,,0,1,80.6,1,0.0
2014-08-13,12.14,32,2051,2,2014,,0,1,82.4,1,0.0
2014-08-14,12.14,34,2051,2,2014,,0,1,84.2,1,0.0
2014-08-15,12.14,30,2051,2,2014,,0,1,84.2,1,0.0
2014-08-16,12.14,28,2051,2,2014,,1,1,84.2,1,0.0
2014-08-17,12.14,24,2051,2,2014,,1,1,86.0,1,0.0
2014-08-18,12.87,34,2051,2,2014,,0,1,82.4,1,0.0
2014-08-19,12.87,34,2051,2,2014,,0,1,82.4,1,0.0
2014-08-20,12.87,26,2051,2,2014,,0,1,78.8,1,0.0
2014-08-21,12.87,34,2051,2,2014,,0,1,77.0,1,0.0
2014-08-22,12.87,26,2051,2,2014,,0,1,77.0,1,0.0
2014-08-23,12.87,18,2051,2,2014,,1,1,80.6,1,0.0
2014-08-24,12.87,26,2051,2,2014,,1,1,80.6,1,0.0
2014-08-25,12.87,28,2051,2,2014,,0,1,80.6,1,0.0
2014-08-26,12.87,34,2051,2,2014,,0,1,82.4,1,0.0
2014-08-27,12.87,30,2051,2,2014,,0,1,77.0,1,0.0
2014-08-28,12.87,26,2051,2,2014,,0,1,77.0,1,0.0
2014-08-29,12.87,30,2051,2,2014,,0,1,73.4,1,0.0
2014-08-30,12.87,22,2051,2,2014,,1,1,69.8,1,0.0
2014-08-31,12.87,18,2051,2,2014,,1,1,73.4,1,0.0
2014-09-01,12.87,30,2051,2,2014,,0,0,75.2,1,0.0
2014-09-02,12.87,30,2051,2,2014,,0,0,71.6,1,0.0
2014-09-03,12.87,28,2051,2,2014,,0,0,71.6,1,0.0
2014-09-04,12.87,30,2051,2,2014,,0,0,68.0,1,0.0
2014-09-05,12.87,28,2051,2,2014,,0,0,69.8,1,0.0
2014-09-06,12.87,26,2051,2,2014,,1,0,71.6,1,0.0
2014-09-07,12.87,22,2051,2,2014,,1,0,73.4,1,0.0
2014-09-08,12.87,32,2051,2,2014,,0,0,71.6,1,0.0
2014-09-09,12.87,32,2051,2,2014,,0,0,71.6,1,0.0
2014-09-10,12.87,32,2051,2,2014,,0,0,71.6,1,0.0
2014-09-11,12.87,30,2051,2,2014,,0,0,73.4,1,0.0
2014-09-12,12.87,30,2051,2,2014,,0,0,73.4,1,0.0
2014-09-13,12.87,18,2051,2,2014,,1,0,73.4,1,0.0
2014-09-14,12.87,22,2051,2,2014,,1,0,73.4,1,0.0
2014-09-15,12.87,32,2051,2,2014,,0,0,71.6,1,0.0
2014-09-16,12.87,32,2051,2,2014,,0,0,69.8,1,0.0
2014-09-17,12.87,34,2051,2,2014,,0,0,69.8,1,0.0
2014-09-18,12.87,34,2051,2,2014,,0,0,69.8,1,0.0
2014-09-19,12.87,18,2051,2,2014,Mid-Autumn Day,0,0,69.8,1,0.0
2014-09-20,12.87,16,2051,2,2014,Mid-Autumn Day,1,0,71.6,1,0.0
2014-09-21,12.87,16,2051,2,2014,Mid-Autumn Day,1,0,71.6,1,0.0
2014-09-22,12.87,34,2051,2,2014,,0,0,69.8,1,0.0
2014-09-23,12.87,28,2051,2,2014,,0,0,62.6,1,0.0
2014-09-24,12.87,32,2051,2,2014,,0,0,60.8,1,0.0
2014-09-25,12.87,32,2051,2,2014,,0,0,62.6,1,0.0
2014-09-26,12.87,26,2051,2,2014,,0,0,66.2,1,0.0
2014-09-27,12.87,22,2051,2,2014,,1,0,66.2,1,0.0
2014-09-28,12.87,24,2051,2,2014,,1,0,64.4,1,0.0
2014-09-29,12.87,26,2051,2,2014,,0,0,64.4,1,0.0
2014-09-30,12.87,30,2051,2,2014,,0,0,66.2,1,0.0
2014-10-01,12.87,24,2051,2,2014,National Day,0,0,59.0,1,0.0
2014-10-02,12.87,18,2051,2,2014,National Day,0,0,62.6,1,0.0
2014-10-03,12.87,22,2051,2,2014,National Day,0,0,60.8,1,0.0
2014-10-04,12.87,20,2051,2,2014,National Day,1,0,64.4,1,0.0
2014-10-05,12.87,14,2051,2,2014,National Day,1,0,64.4,1,0.0
2014-10-06,12.87,24,2051,2,2014,National Day,0,0,62.6,1,0.0
2014-10-07,12.87,22,2051,2,2014,National Day,0,0,64.4,0,0.0
2014-10-08,12.87,32,2051,2,2014,,0,0,62.6,0,0.0
2014-10-09,12.87,34,2051,2,2014,,0,0,66.2,1,0.0
2014-10-10,12.87,34,2051,2,2014,,0,0,60.8,1,0.0
2014-10-11,12.87,18,2051,2,2014,,1,0,62.6,1,0.0
2014-10-12,12.87,18,2051,2,2014,,1,0,64.4,1,0.0
2014-10-13,12.87,30,2051,2,2014,,0,0,59.0,1,0.0
2014-10-14,12.87,32,2051,2,2014,,0,0,48.2,1,0.0
2014-10-15,12.87,30,2051,2,2014,,0,0,48.2,1,0.0
2014-10-16,12.87,26,2051,2,2014,,0,0,53.6,1,0.0
2014-10-17,12.87,34,2051,2,2014,,0,0,55.4,1,0.0
2014-10-18,12.87,18,2051,2,2014,,1,0,55.4,1,0.0
2014-10-19,12.87,18,2051,2,2014,,1,0,51.8,1,0.0
2014-10-20,12.87,30,2051,2,2014,,0,0,55.4,1,0.0
2014-10-21,12.87,28,2051,2,2014,,0,0,53.6,1,0.0
2014-10-22,12.87,28,2051,2,2014,,0,0,50.0,1,0.0
2014-10-23,12.87,28,2051,2,2014,,0,0,48.2,1,0.0
2014-10-24,12.87,34,2051,2,2014,,0,0,50.0,1,0.0
2014-10-25,12.87,26,2051,2,2014,,1,0,51.8,1,0.0
2014-10-26,12.87,22,2051,2,2014,,1,0,53.6,1,0.0
2014-10-27,12.87,34,2051,2,2014,,0,0,53.6,1,0.0
2014-10-28,12.87,32,2051,2,2014,,0,0,51.8,1,0.0
2014-10-29,12.87,30,2051,2,2014,,0,0,48.2,1,0.0
2014-10-30,12.87,32,2051,2,2014,,0,0,50.0,1,0.0
2014-10-31,12.87,32,2051,2,2014,,0,0,48.2,1,0.0
2014-11-01,12.87,20,2051,2,2014,,1,0,46.4,1,0.0
2014-11-02,12.87,26,2051,2,2014,,1,0,51.8,1,0.0
2014-11-03,12.87,26,2051,2,2014,,0,0,50.0,1,0.0
2014-11-04,12.87,32,2051,2,2014,,0,0,51.8,1,0.0
2014-11-05,12.87,30,2051,2,2014,,0,0,50.0,1,0.0
2014-11-06,12.87,30,2051,2,2014,,0,0,50.0,1,0.0
2014-11-07,12.87,32,2051,2,2014,,0,0,48.2,1,0.0
2014-11-08,12.87,22,2051,2,2014,,1,0,48.2,1,0.0
2014-11-09,12.87,26,2051,2,2014,,1,0,46.4,1,0.0
2014-11-10,12.87,30,2051,2,2014,,0,0,42.8,1,0.0
2014-11-11,12.87,26,2051,2,2014,,0,0,44.6,1,0.0
2014-11-12,12.87,34,2051,2,2014,,0,0,44.6,1,0.0
2014-11-13,12.87,26,2051,2,2014,,0,0,46.4,1,0.0
2014-11-14,12.87,34,2051,2,2014,,0,0,44.6,1,0.0
2014-11-15,12.87,24,2051,2,2014,,1,0,48.2,1,0.0
2014-11-16,12.87,18,2051,2,2014,,1,0,42.8,1,0.0
2014-11-17,12.87,30,2051,2,2014,,0,0,39.2,1,0.0
2014-11-18,12.87,28,2051,2,2014,,0,0,39.2,1,0.0
2014-11-19,12.87,30,2051,2,2014,,0,0,39.2,1,0.0
2014-11-20,12.87,26,2051,2,2014,,0,0,39.2,1,0.0
2014-11-21,12.87,28,2051,2,2014,,0,0,39.2,1,0.0
2014-11-22,12.87,22,2051,2,2014,,1,0,41.0,1,0.0
2014-11-23,12.87,18,2051,2,2014,,1,0,44.6,1,0.0
2014-11-24,12.87,34,2051,2,2014,,0,0,39.2,1,0.0
2014-11-25,12.87,26,2051,2,2014,,0,0,35.6,1,0.0
2014-11-26,12.87,28,2051,2,2014,,0,0,33.8,1,0.0
2014-11-27,12.87,34,2051,2,2014,,0,0,28.4,1,0.0
2014-11-28,12.87,32,2051,2,2014,,0,0,33.8,1,0.0
2014-11-29,12.87,26,2051,2,2014,,1,0,41.0,1,0.0
2014-11-30,12.87,18,2051,2,2014,,1,0,37.4,1,0.0
2014-12-01,12.87,26,2051,2,2014,,0,0,39.2,1,0.0
2014-12-02,12.87,26,2051,2,2014,,0,0,41.0,1,0.0
2014-12-03,12.87,26,2051,2,2014,,0,0,42.8,1,0.0
2014-12-04,12.87,30,2051,2,2014,,0,0,42.8,1,0.0
2014-12-05,12.87,26,2051,2,2014,,0,0,39.2,1,0.0
2014-12-06,12.87,18,2051,2,2014,,1,0,39.2,1,0.0
2014-12-07,12.87,20,2051,2,2014,,1,0,39.2,1,0.0
2014-12-08,12.87,30,2051,2,2014,,0,0,39.2,1,0.0
2014-12-09,12.87,30,2051,2,2014,,0,0,33.8,1,0.0
2014-12-10,12.87,34,2051,2,2014,,0,0,33.8,1,0.0
2014-12-11,12.87,34,2051,2,2014,,0,0,33.8,1,0.0
2014-12-12,12.87,38,2051,2,2014,,0,0,30.2,0,0.0
2014-12-13,12.87,22,2051,2,2014,,1,0,32.0,1,0.0
2014-12-14,12.87,28,2051,2,2014,,1,0,32.0,0,0.0
2014-12-15,12.87,28,2051,2,2014,,0,0,32.0,1,0.0
2014-12-16,11.53,38,2051,2,2014,,0,0,30.2,1,0.0
2014-12-17,11.53,44,2051,2,2014,,0,0,28.4,0,0.0
2014-12-18,11.53,42,2051,2,2014,,0,0,28.4,0,0.0
2014-12-19,11.53,38,2051,2,2014,,0,0,26.6,0,0.0
