cafe_tran_GPT.csv
CALENDAR_DATE,PRICE,QUANTITY,SELL_ID,SELL_CATEGORY,YEAR,HOLIDAY,IS_WEEKEND,IS_SCHOOLBREAK,AVERAGE_TEMPERATURE,IS_OUTDOOR,IS_LABOR_DAY
2014-12-20,11.53,30,2051,2,2014,,1,0,28.4,0,0.0
2014-12-21,11.53,26,2051,2,2014,,1,0,28.4,0,0.0
2014-12-22,11.53,38,2051,2,2014,,0,0,30.2,0,0.0
2014-12-23,11.53,36,2051,2,2014,,0,0,30.2,0,0.0
2014-12-24,11.53,36,2051,2,2014,,0,0,30.2,0,0.0
2014-12-25,11.53,30,2051,2,2014,,0,0,32.0,1,0.0
2014-12-26,11.53,36,2051,2,2014,,0,0,26.6,0,0.0
2014-12-27,11.53,32,2051,2,2014,,1,0,28.4,0,0.0
2014-12-28,11.53,24,2051,2,2014,,1,0,28.4,0,0.0
2014-12-29,11.53,38,2051,2,2014,,0,0,32.0,0,0.0
2014-12-30,11.53,30,2051,2,2014,,0,0,33.8,1,0.0
2014-12-31,11.53,32,2051,2,2014,,0,0,35.6,1,0.0
2015-01-01,11.53,24,2051,2,2015,New Year,0,0,37.4,1,0.0
2015-01-02,11.53,30,2051,2,2015,,0,0,37.4,1,0.0
2015-01-03,11.53,20,2051,2,2015,,1,0,35.6,1,0.0
2015-01-04,11.53,28,2051,2,2015,,1,0,32.0,1,0.0
2015-01-05,11.53,36,2051,2,2015,,0,0,33.8,1,0.0
2015-01-06,11.53,30,2051,2,2015,,0,0,32.0,1,0.0
2015-01-07,11.53,30,2051,2,2015,,0,0,32.0,1,0.0
2015-01-08,11.53,42,2051,2,2015,,0,0,24.8,0,0.0
2015-01-09,11.53,42,2051,2,2015,,0,0,24.8,0,0.0
2015-01-10,11.53,24,2051,2,2015,,1,0,28.4,0,0.0
2015-01-11,11.53,20,2051,2,2015,,1,0,32.0,1,0.0
2015-01-12,11.53,38,2051,2,2015,,0,0,26.6,0,0.0
2015-01-13,11.53,38,2051,2,2015,,0,0,28.4,0,0.0
2015-01-14,11.53,42,2051,2,2015,,0,0,30.2,0,0.0
2015-01-15,11.53,36,2051,2,2015,,0,0,32.0,1,0.0
2015-01-16,11.53,32,2051,2,2015,,0,0,32.0,1,0.0
2015-01-17,11.53,24,2051,2,2015,,1,0,30.2,0,0.0
2015-01-18,11.53,20,2051,2,2015,,1,0,33.8,1,0.0
2015-01-19,11.53,38,2051,2,2015,,0,1,33.8,1,0.0
2015-01-20,11.53,30,2051,2,2015,,0,1,30.2,1,0.0
2015-01-21,11.53,36,2051,2,2015,,0,1,32.0,0,0.0
2015-01-22,11.53,30,2051,2,2015,,0,1,32.0,1,0.0
2015-01-23,11.53,32,2051,2,2015,,0,1,32.0,1,0.0
2015-01-24,11.53,20,2051,2,2015,,1,1,35.6,1,0.0
2015-01-25,11.53,24,2051,2,2015,,1,1,33.8,1,0.0
2015-01-26,11.53,38,2051,2,2015,,0,1,32.0,1,0.0
2015-01-27,11.53,36,2051,2,2015,,0,1,35.6,1,0.0
2015-01-28,11.53,38,2051,2,2015,,0,1,32.0,1,0.0
2015-01-29,11.53,34,2051,2,2015,,0,1,33.8,1,0.0
2015-01-30,11.53,36,2051,2,2015,,0,1,33.8,1,0.0
2015-01-31,11.53,16,2051,2,2015,Luner New Year,1,1,33.8,1,0.0
2015-02-01,11.53,18,2051,2,2015,Luner New Year,1,1,35.6,1,0.0
2015-02-02,11.53,26,2051,2,2015,Luner New Year,0,1,35.6,1,0.0
2015-02-03,11.53,24,2051,2,2015,Luner New Year,0,1,26.6,0,0.0
2015-02-04,11.53,24,2051,2,2015,Luner New Year,0,1,26.6,0,0.0
2015-02-05,11.53,24,2051,2,2015,Luner New Year,0,1,28.4,1,0.0
2015-02-06,11.53,26,2051,2,2015,Luner New Year,0,1,28.4,1,0.0
2015-02-07,11.53,26,2051,2,2015,,1,1,26.6,1,0.0
2015-02-08,11.53,24,2051,2,2015,,1,1,24.8,0,0.0
2015-02-09,11.53,44,2051,2,2015,,0,1,21.2,0,0.0
2015-02-10,11.53,38,2051,2,2015,,0,1,23.0,0,0.0
2015-02-11,11.53,36,2051,2,2015,,0,1,24.8,0,0.0
2015-02-12,11.53,38,2051,2,2015,,0,1,28.4,0,0.0
2015-02-13,11.53,42,2051,2,2015,,0,1,26.6,0,0.0
2015-02-14,11.53,20,2051,2,2015,,1,1,30.2,1,0.0
2015-02-15,11.53,24,2051,2,2015,,1,1,32.0,1,0.0
2015-02-16,11.53,38,2051,2,2015,,0,1,32.0,1,0.0
2015-02-17,11.53,32,2051,2,2015,,0,0,32.0,1,0.0
2015-02-18,11.53,34,2051,2,2015,,0,0,30.2,1,0.0
2015-02-19,11.53,32,2051,2,2015,,0,0,32.0,1,0.0
2015-02-20,11.53,34,2051,2,2015,,0,0,32.0,1,0.0
2015-02-21,11.53,22,2051,2,2015,,1,0,32.0,1,0.0
2015-02-22,11.53,22,2051,2,2015,,1,0,35.6,1,0.0
2015-02-23,11.53,38,2051,2,2015,,0,0,33.8,1,0.0
2015-02-24,11.53,30,2051,2,2015,,0,0,39.2,1,0.0
2015-02-25,11.53,36,2051,2,2015,,0,0,41.0,1,0.0
2015-02-26,11.53,38,2051,2,2015,,0,0,41.0,1,0.0
2015-02-27,11.53,38,2051,2,2015,,0,0,37.4,1,0.0
2015-02-28,11.53,20,2051,2,2015,,1,0,33.8,1,0.0
2015-03-01,11.53,26,2051,2,2015,,1,0,39.2,1,0.0
2015-03-02,11.53,38,2051,2,2015,,0,0,39.2,1,0.0
2015-03-03,11.53,36,2051,2,2015,,0,0,37.4,1,0.0
2015-03-04,11.53,38,2051,2,2015,,0,0,35.6,1,0.0
2015-03-05,11.53,32,2051,2,2015,,0,0,37.4,1,0.0
2015-03-06,11.53,30,2051,2,2015,,0,0,35.6,1,0.0
2015-03-07,11.53,22,2051,2,2015,,1,0,37.4,1,0.0
2015-03-08,11.53,22,2051,2,2015,,1,0,37.4,1,0.0
2015-03-09,11.53,38,2051,2,2015,,0,0,39.2,1,0.0
2015-03-10,11.53,36,2051,2,2015,,0,0,42.8,1,0.0
2015-03-11,11.53,36,2051,2,2015,,0,0,44.6,1,0.0
2015-03-12,11.53,32,2051,2,2015,,0,0,39.2,1,0.0
2015-03-13,11.53,34,2051,2,2015,,0,0,46.4,1,0.0
2015-03-14,11.53,26,2051,2,2015,,1,0,48.2,1,0.0
2015-03-15,11.53,24,2051,2,2015,,1,0,53.6,1,0.0
2015-03-16,11.53,32,2051,2,2015,,0,0,51.8,1,0.0
2015-03-17,11.53,32,2051,2,2015,,0,0,53.6,1,0.0
2015-03-18,11.53,38,2051,2,2015,,0,0,51.8,1,0.0
2015-03-19,11.53,36,2051,2,2015,,0,0,46.4,1,0.0
2015-03-20,11.53,38,2051,2,2015,,0,0,50.0,1,0.0
2015-03-21,11.53,28,2051,2,2015,,1,0,53.6,1,0.0
2015-03-22,11.53,28,2051,2,2015,,1,0,57.2,1,0.0
2015-03-23,11.53,36,2051,2,2015,,0,0,55.4,1,0.0
2015-03-24,11.53,36,2051,2,2015,,0,0,59.0,1,0.0
2015-03-25,11.53,38,2051,2,2015,,0,0,60.8,1,0.0
2015-03-26,11.53,30,2051,2,2015,,0,0,60.8,1,0.0
2015-03-27,11.53,38,2051,2,2015,,0,0,62.6,1,0.0
2015-03-28,11.53,20,2051,2,2015,,1,0,60.8,1,0.0
2015-03-29,11.53,28,2051,2,2015,,1,0,59.0,1,0.0
2015-03-30,11.53,36,2051,2,2015,,0,0,62.6,1,0.0
2015-03-31,11.53,30,2051,2,2015,,0,0,57.2,1,0.0
2015-04-01,11.53,30,2051,2,2015,,0,0,62.6,1,0.0
2015-04-02,11.53,30,2051,2,2015,,0,0,60.8,1,0.0
2015-04-03,11.53,30,2051,2,2015,,0,0,55.4,1,0.0
2015-04-04,11.53,24,2051,2,2015,,1,0,60.8,1,0.0
2015-04-05,11.53,20,2051,2,2015,Qing Ming Festival,1,0,55.4,1,0.0
2015-04-06,11.53,22,2051,2,2015,Qing Ming Festival,0,0,62.6,1,0.0
2015-04-07,11.53,20,2051,2,2015,Qing Ming Festival,0,0,64.4,1,0.0
2015-04-08,11.53,30,2051,2,2015,,0,0,64.4,1,0.0
2015-04-09,11.53,36,2051,2,2015,,0,0,66.2,1,0.0
2015-04-10,11.53,38,2051,2,2015,,0,0,57.2,1,0.0
2015-04-11,11.53,24,2051,2,2015,,1,0,57.2,1,0.0
2015-04-12,11.53,22,2051,2,2015,,1,0,59.0,1,0.0
2015-04-13,11.53,32,2051,2,2015,,0,0,62.6,1,0.0
2015-04-14,11.53,30,2051,2,2015,,0,0,66.2,1,0.0
2015-04-15,12.66,26,2051,2,2015,,0,0,64.4,1,0.0
2015-04-16,12.66,28,2051,2,2015,,0,0,60.8,1,0.0
2015-04-17,12.66,30,2051,2,2015,,0,0,57.2,1,0.0
2015-04-18,12.66,22,2051,2,2015,,1,0,60.8,1,0.0
2015-04-19,12.66,26,2051,2,2015,,1,0,53.6,1,0.0
2015-04-20,12.66,28,2051,2,2015,,0,0,60.8,1,0.0
2015-04-21,12.66,28,2051,2,2015,,0,0,62.6,1,0.0
2015-04-22,12.66,34,2051,2,2015,,0,0,68.0,1,0.0
2015-04-23,12.66,26,2051,2,2015,,0,0,69.8,1,0.0
2015-04-24,12.66,28,2051,2,2015,,0,0,66.2,1,0.0
2015-04-25,12.66,18,2051,2,2015,,1,0,64.4,1,0.0
2015-04-26,12.66,22,2051,2,2015,,1,0,60.8,1,0.0
2015-04-27,12.66,28,2051,2,2015,,0,0,64.4,1,0.0
2015-04-28,12.66,28,2051,2,2015,,0,0,64.4,1,0.0
2015-04-29,12.66,28,2051,2,2015,,0,0,68.0,1,0.0
2015-04-30,12.66,30,2051,2,2015,,0,0,71.6,1,0.0
2015-05-01,12.66,24,2051,2,2015,Labor Day,0,0,68.0,1,1.0
2015-05-02,12.66,12,2051,2,2015,Labor Day,1,0,62.6,1,1.0
2015-05-03,12.66,18,2051,2,2015,Labor Day,1,0,62.6,1,1.0
2015-05-04,12.66,26,2051,2,2015,,0,0,55.4,1,0.0
2015-05-05,12.66,34,2051,2,2015,,0,0,57.2,1,0.0
2015-05-06,12.66,30,2051,2,2015,,0,0,59.0,1,0.0
2015-05-07,12.66,26,2051,2,2015,,0,0,64.4,1,0.0
2015-05-08,12.66,28,2051,2,2015,,0,0,64.4,1,0.0
2015-05-09,12.66,26,2051,2,2015,,1,0,62.6,1,0.0
2015-05-10,12.66,26,2051,2,2015,,1,0,59.0,1,0.0
2015-05-11,12.66,28,2051,2,2015,,0,0,51.8,1,0.0
2015-05-12,12.66,26,2051,2,2015,,0,0,71.6,1,0.0
2015-05-13,12.66,26,2051,2,2015,,0,0,73.4,1,0.0
2015-05-14,12.66,30,2051,2,2015,,0,0,62.6,1,0.0
2015-05-15,12.66,34,2051,2,2015,,0,0,71.6,1,0.0
2015-05-16,12.66,26,2051,2,2015,,1,0,69.8,1,0.0
2015-05-17,12.66,22,2051,2,2015,,1,0,71.6,1,0.0
2015-05-18,12.66,30,2051,2,2015,,0,0,75.2,1,0.0
2015-05-19,12.66,32,2051,2,2015,,0,0,75.2,1,0.0
2015-05-20,12.66,26,2051,2,2015,,0,0,75.2,1,0.0
2015-05-21,12.66,32,2051,2,2015,,0,0,77.0,1,0.0
2015-05-22,12.66,32,2051,2,2015,,0,0,82.4,1,0.0
2015-05-23,12.66,24,2051,2,2015,,1,0,78.8,1,0.0
2015-05-24,12.66,26,2051,2,2015,,1,0,71.6,1,0.0
2015-05-25,12.66,32,2051,2,2015,,0,0,73.4,1,0.0
2015-05-26,12.66,34,2051,2,2015,,0,0,80.6,1,0.0
2015-05-27,12.66,34,2051,2,2015,,0,0,78.8,1,0.0
2015-05-28,12.66,32,2051,2,2015,,0,0,84.2,1,0.0
2015-05-29,12.66,34,2051,2,2015,,0,0,86.0,1,0.0
2015-05-30,12.66,20,2051,2,2015,,1,0,84.2,1,0.0
2015-05-31,12.66,14,2051,2,2015,Dragon Boat Festivel,1,0,84.2,1,0.0
2015-06-01,12.66,18,2051,2,2015,Dragon Boat Festivel,0,0,75.2,1,0.0
2015-06-02,12.66,26,2051,2,2015,Dragon Boat Festivel,0,0,71.6,1,0.0
2015-06-03,12.66,26,2051,2,2015,,0,0,78.8,1,0.0
2015-06-04,12.66,34,2051,2,2015,,0,0,78.8,1,0.0
2015-06-05,12.66,34,2051,2,2015,,0,0,82.4,1,0.0
2015-06-06,12.66,20,2051,2,2015,,1,0,71.6,1,0.0
2015-06-07,12.66,24,2051,2,2015,,1,1,75.2,1,0.0
2015-06-08,12.66,26,2051,2,2015,,0,1,73.4,1,0.0
2015-06-09,12.66,26,2051,2,2015,,0,0,75.2,1,0.0
2015-06-10,12.66,30,2051,2,2015,,0,0,73.4,1,0.0
2015-06-11,12.66,30,2051,2,2015,,0,0,73.4,1,0.0
2015-06-12,12.66,30,2051,2,2015,,0,0,80.6,1,0.0
2015-06-13,12.66,22,2051,2,2015,,1,0,78.8,1,0.0
2015-06-14,12.66,24,2051,2,2015,,1,0,80.6,1,0.0
2015-06-15,12.66,34,2051,2,2015,,0,0,82.4,1,0.0
2015-06-16,12.66,28,2051,2,2015,,0,0,77.0,1,0.0
2015-06-17,12.66,32,2051,2,2015,,0,0,75.2,1,0.0
2015-06-18,12.66,28,2051,2,2015,,0,0,77.0,1,0.0
2015-06-19,12.66,26,2051,2,2015,,0,0,73.4,1,0.0
2015-06-20,12.66,24,2051,2,2015,,1,0,73.4,1,0.0
2015-06-21,12.66,22,2051,2,2015,,1,0,73.4,1,0.0
2015-06-22,12.66,28,2051,2,2015,,0,0,73.4,1,0.0
2015-06-23,12.66,28,2051,2,2015,,0,0,78.8,1,0.0
2015-06-24,12.66,34,2051,2,2015,,0,0,80.6,1,0.0
2015-06-25,12.66,30,2051,2,2015,,0,0,75.2,1,0.0
2015-06-26,12.66,30,2051,2,2015,,0,0,80.6,1,0.0
2015-06-27,12.66,22,2051,2,2015,,1,0,82.4,1,0.0
2015-06-28,12.66,22,2051,2,2015,,1,0,84.2,1,0.0
2015-06-29,12.66,30,2051,2,2015,,0,0,84.2,1,0.0
2015-06-30,12.66,34,2051,2,2015,,0,1,82.4,1,0.0
2015-07-01,12.66,28,2051,2,2015,,0,1,78.8,1,0.0
2015-07-02,12.66,26,2051,2,2015,,0,1,75.2,1,0.0
2015-07-03,12.66,28,2051,2,2015,,0,1,78.8,1,0.0
2015-07-04,12.66,18,2051,2,2015,,1,1,80.6,1,0.0
2015-07-05,12.66,24,2051,2,2015,,1,1,80.6,1,0.0
2015-07-06,12.66,26,2051,2,2015,,0,1,80.6,1,0.0
2015-07-07,12.66,28,2051,2,2015,,0,1,82.4,1,0.0
2015-07-08,12.66,28,2051,2,2015,,0,1,82.4,1,0.0
2015-07-09,12.66,28,2051,2,2015,,0,1,80.6,1,0.0
2015-07-10,12.66,34,2051,2,2015,,0,1,86.0,1,0.0
2015-07-11,12.66,24,2051,2,2015,,1,1,84.2,1,0.0
2015-07-12,12.66,22,2051,2,2015,,1,1,82.4,1,0.0
2015-07-13,12.66,30,2051,2,2015,,0,1,84.2,1,0.0
2015-07-14,12.66,34,2051,2,2015,,0,1,84.2,1,0.0
2015-07-15,12.66,34,2051,2,2015,,0,1,84.2,1,0.0
2015-07-16,12.66,32,2051,2,2015,,0,1,80.6,1,0.0
2015-07-17,12.66,32,2051,2,2015,,0,1,80.6,1,0.0
2015-07-18,12.66,22,2051,2,2015,,1,1,86.0,1,0.0
2015-07-19,12.66,24,2051,2,2015,,1,1,87.8,1,0.0
2015-07-20,12.66,34,2051,2,2015,,0,1,87.8,1,0.0
2015-07-21,12.66,30,2051,2,2015,,0,1,84.2,1,0.0
2015-07-22,12.66,26,2051,2,2015,,0,1,80.6,1,0.0
2015-07-23,12.66,30,2051,2,2015,,0,1,82.4,1,0.0
2015-07-24,12.66,30,2051,2,2015,,0,1,80.6,1,0.0
2015-07-25,12.66,24,2051,2,2015,,1,1,82.4,1,0.0
2015-07-26,12.66,26,2051,2,2015,,1,1,86.0,1,0.0
2015-07-27,12.66,32,2051,2,2015,,0,1,84.2,1,0.0
2015-07-28,12.66,32,2051,2,2015,,0,1,84.2,1,0.0
2015-07-29,12.66,34,2051,2,2015,,0,1,80.6,1,0.0
2015-07-30,12.66,32,2051,2,2015,,0,1,78.8,1,0.0
2015-07-31,12.66,30,2051,2,2015,,0,1,82.4,1,0.0
2015-08-01,12.66,26,2051,2,2015,,1,1,82.4,1,0.0
2015-08-02,12.66,18,2051,2,2015,,1,1,84.2,1,0.0
2015-08-03,12.66,34,2051,2,2015,,0,1,84.2,1,0.0
2015-08-04,12.66,34,2051,2,2015,,0,1,77.0,1,0.0
2015-08-05,12.66,28,2051,2,2015,,0,1,78.8,1,0.0
2015-08-06,12.66,34,2051,2,2015,,0,1,80.6,1,0.0
2015-08-07,12.66,30,2051,2,2015,,0,1,78.8,1,0.0
2015-08-08,12.66,26,2051,2,2015,,1,1,78.8,1,0.0
2015-08-09,12.66,24,2051,2,2015,,1,1,78.8,1,0.0
2015-08-10,12.66,34,2051,2,2015,,0,1,80.6,1,0.0
2015-08-11,12.66,34,2051,2,2015,,0,1,80.6,1,0.0
2015-08-12,12.66,26,2051,2,2015,,0,1,77.0,1,0.0
2015-08-13,12.19,34,2051,2,2015,,0,1,69.8,1,0.0
2015-08-14,12.19,34,2051,2,2015,,0,1,77.0,1,0.0
2015-08-15,12.19,28,2051,2,2015,,1,1,78.8,1,0.0
2015-08-16,12.19,20,2051,2,2015,,1,1,80.6,1,0.0
2015-08-17,12.19,36,2051,2,2015,,0,1,77.0,1,0.0
2015-08-18,12.19,32,2051,2,2015,,0,1,77.0,1,0.0
2015-08-19,12.19,34,2051,2,2015,,0,1,80.6,1,0.0
2015-08-20,12.19,30,2051,2,2015,,0,1,82.4,1,0.0
2015-08-21,12.19,30,2051,2,2015,,0,1,80.6,1,0.0
2015-08-22,12.19,20,2051,2,2015,,1,1,78.8,1,0.0
2015-08-23,12.19,26,2051,2,2015,,1,1,78.8,1,0.0
2015-08-24,12.19,36,2051,2,2015,,0,1,77.0,1,0.0
2015-08-25,12.19,34,2051,2,2015,,0,1,77.0,1,0.0
2015-08-26,12.19,36,2051,2,2015,,0,1,78.8,1,0.0
2015-08-27,12.19,28,2051,2,2015,,0,1,80.6,1,0.0
2015-08-28,12.19,32,2051,2,2015,,0,1,73.4,1,0.0
2015-08-29,12.19,24,2051,2,2015,,1,1,73.4,1,0.0
2015-08-30,12.19,22,2051,2,2015,,1,1,73.4,1,0.0
2015-08-31,12.19,36,2051,2,2015,,0,1,73.4,1,0.0
2015-09-01,12.19,36,2051,2,2015,,0,0,71.6,1,0.0
2015-09-02,12.19,30,2051,2,2015,,0,0,68.0,1,0.0
2015-09-03,12.19,28,2051,2,2015,WWII Celebration,0,0,73.4,1,0.0
2015-09-04,12.19,14,2051,2,2015,WWII Celebration,0,0,77.0,1,0.0
2015-09-05,12.19,22,2051,2,2015,WWII Celebration,1,0,75.2,1,0.0
2015-09-06,12.19,32,2051,2,2015,,1,0,75.2,1,0.0
2015-09-07,12.19,36,2051,2,2015,,0,0,77.0,1,0.0
2015-09-08,12.19,30,2051,2,2015,,0,0,73.4,1,0.0
2015-09-09,12.19,34,2051,2,2015,,0,0,71.6,1,0.0
2015-09-10,12.19,30,2051,2,2015,,0,0,73.4,1,0.0
2012-01-01,12.75,18,2052,2,2012,New Year,1,0,24.8,0,0.0
2012-01-02,12.75,16,2052,2,2012,New Year,0,0,24.8,0,0.0
2012-01-03,12.75,12,2052,2,2012,New Year,0,0,32.0,1,0.0
2012-01-04,12.75,24,2052,2,2012,,0,0,32.0,1,0.0
2012-01-05,12.75,24,2052,2,2012,,0,0,24.8,0,0.0
2012-01-06,12.75,20,2052,2,2012,,0,0,23.0,0,0.0
2012-01-07,12.75,18,2052,2,2012,,1,0,26.6,0,0.0
2012-01-08,12.75,18,2052,2,2012,,1,0,26.6,0,0.0
2012-01-09,12.75,24,2052,2,2012,,0,0,23.0,0,0.0
2012-01-10,12.75,28,2052,2,2012,,0,0,24.8,0,0.0
2012-01-11,12.75,26,2052,2,2012,,0,0,21.2,0,0.0
2012-01-12,12.75,26,2052,2,2012,,0,0,24.8,0,0.0
2012-01-13,12.75,26,2052,2,2012,,0,0,26.6,0,0.0
2012-01-14,12.75,20,2052,2,2012,,1,0,23.0,0,0.0
2012-01-15,12.75,18,2052,2,2012,,1,0,32.0,1,0.0
2012-01-16,12.75,28,2052,2,2012,,0,0,23.0,0,0.0
2012-01-17,12.75,22,2052,2,2012,,0,0,23.0,0,0.0
2012-01-18,12.75,24,2052,2,2012,,0,0,23.0,0,0.0
2012-01-19,12.75,24,2052,2,2012,,0,0,24.8,0,0.0
2012-01-20,12.75,22,2052,2,2012,,0,0,26.6,0,0.0
2012-01-21,12.75,22,2052,2,2012,,1,0,26.6,0,0.0
2012-01-22,12.75,16,2052,2,2012,,1,0,24.8,0,0.0
2012-01-23,12.75,20,2052,2,2012,,0,0,23.0,0,0.0
2012-01-24,12.75,26,2052,2,2012,,0,0,24.8,0,0.0
2012-01-25,12.75,26,2052,2,2012,,0,0,23.0,0,0.0
2012-01-26,12.75,26,2052,2,2012,,0,0,24.8,0,0.0
2012-01-27,12.75,18,2052,2,2012,,0,0,32.0,1,0.0
2012-01-28,12.75,14,2052,2,2012,,1,0,32.0,1,0.0
2012-01-29,12.75,14,2052,2,2012,,1,0,23.0,0,0.0
2012-01-30,12.75,22,2052,2,2012,,0,0,28.4,0,0.0
2012-01-31,12.75,16,2052,2,2012,,0,0,32.0,1,0.0
2012-02-01,12.75,20,2052,2,2012,,0,0,32.0,1,0.0
2012-02-02,12.75,18,2052,2,2012,Luner New Year,0,0,32.0,1,0.0
2012-02-03,12.75,16,2052,2,2012,Luner New Year,0,0,32.0,1,0.0
2012-02-04,12.75,16,2052,2,2012,Luner New Year,1,0,32.0,1,0.0
2012-02-05,12.75,8,2052,2,2012,Luner New Year,1,0,32.0,1,0.0
2012-02-06,12.75,12,2052,2,2012,Luner New Year,0,0,32.0,1,0.0
2012-02-07,12.75,18,2052,2,2012,Luner New Year,0,0,32.0,1,0.0
2012-02-08,12.75,16,2052,2,2012,Luner New Year,0,0,32.0,1,0.0
2012-02-09,12.75,16,2052,2,2012,,0,0,32.0,1,0.0
2012-02-10,12.75,20,2052,2,2012,,0,0,32.0,1,0.0
2012-02-11,12.75,14,2052,2,2012,,1,0,24.8,0,0.0
2012-02-12,12.75,16,2052,2,2012,,1,0,24.8,0,0.0
2012-02-13,12.75,16,2052,2,2012,,0,0,32.0,1,0.0
2012-02-14,12.75,18,2052,2,2012,,0,0,32.0,1,0.0
2012-02-15,12.75,16,2052,2,2012,,0,0,32.0,1,0.0
2012-02-16,12.75,16,2052,2,2012,,0,0,32.0,1,0.0
2012-02-17,12.75,18,2052,2,2012,,0,0,32.0,1,0.0
2012-02-18,12.75,16,2052,2,2012,,1,0,32.0,1,0.0
2012-02-19,12.75,16,2052,2,2012,,1,0,37.4,1,0.0
2012-02-20,12.75,20,2052,2,2012,,0,0,37.4,1,0.0
2012-02-21,12.75,20,2052,2,2012,,0,0,39.2,1,0.0
2012-02-22,12.75,20,2052,2,2012,,0,0,39.2,1,0.0
2012-02-23,12.75,22,2052,2,2012,,0,0,42.8,1,0.0
2012-02-24,12.75,24,2052,2,2012,,0,0,39.2,1,0.0
2012-02-25,12.75,12,2052,2,2012,,1,0,37.4,1,0.0
2012-02-26,12.75,14,2052,2,2012,,1,0,32.0,1,0.0
2012-02-27,12.75,20,2052,2,2012,,0,0,30.2,1,0.0
2012-02-28,12.75,22,2052,2,2012,,0,0,33.8,1,0.0
2012-03-01,12.75,20,2052,2,2012,,0,0,33.8,1,0.0
2012-03-02,12.75,24,2052,2,2012,,0,0,35.6,1,0.0
2012-03-03,12.75,12,2052,2,2012,,1,0,35.6,1,0.0
2012-03-04,12.75,18,2052,2,2012,,1,0,41.0,1,0.0
2012-03-05,12.75,22,2052,2,2012,,0,0,44.6,1,0.0
2012-03-06,12.75,16,2052,2,2012,,0,0,39.2,1,0.0
2012-03-07,12.75,24,2052,2,2012,,0,0,39.2,1,0.0
2012-03-08,12.75,20,2052,2,2012,,0,0,39.2,1,0.0
2012-03-09,12.75,20,2052,2,2012,,0,0,41.0,1,0.0
2012-03-10,12.75,18,2052,2,2012,,1,0,46.4,1,0.0
2012-03-11,12.75,18,2052,2,2012,,1,0,50.0,1,0.0
2012-03-12,12.75,20,2052,2,2012,,0,0,55.4,1,0.0
2012-03-13,12.75,16,2052,2,2012,,0,0,50.0,1,0.0
2012-03-14,12.75,20,2052,2,2012,,0,0,41.0,1,0.0
2012-03-15,12.75,18,2052,2,2012,,0,0,37.4,1,0.0
2012-03-16,12.75,16,2052,2,2012,,0,0,42.8,1,0.0
2012-03-17,12.75,20,2052,2,2012,,1,0,50.0,1,0.0
2012-03-18,12.75,18,2052,2,2012,,1,0,44.6,1,0.0
2012-03-19,12.75,22,2052,2,2012,,0,0,46.4,1,0.0
2012-03-20,12.75,16,2052,2,2012,,0,0,44.6,1,0.0
2012-03-21,12.75,16,2052,2,2012,,0,0,37.4,1,0.0
2012-03-22,12.75,20,2052,2,2012,,0,0,39.2,1,0.0
2012-03-23,12.75,24,2052,2,2012,,0,0,42.8,1,0.0
2012-03-24,12.75,12,2052,2,2012,,1,0,42.8,1,0.0
2012-03-25,12.75,14,2052,2,2012,,1,0,42.8,1,0.0
2012-03-26,12.75,18,2052,2,2012,,0,0,46.4,1,0.0
2012-03-27,12.75,20,2052,2,2012,,0,0,48.2,1,0.0
2012-03-28,12.75,16,2052,2,2012,,0,0,50.0,1,0.0
2012-03-29,12.75,16,2052,2,2012,,0,0,51.8,1,0.0
2012-03-30,12.75,22,2052,2,2012,,0,0,57.2,1,0.0
2012-03-31,12.75,18,2052,2,2012,,1,0,57.2,1,0.0
2012-04-01,12.75,18,2052,2,2012,,1,0,44.6,1,0.0
2012-04-02,12.75,18,2052,2,2012,,0,0,44.6,1,0.0
2012-04-03,12.75,20,2052,2,2012,Qing Ming Festival,0,0,48.2,1,0.0
2012-04-04,12.75,16,2052,2,2012,Qing Ming Festival,0,0,53.6,1,0.0
2012-04-05,12.75,12,2052,2,2012,Qing Ming Festival,0,0,57.2,1,0.0
2012-04-06,12.75,22,2052,2,2012,,0,0,55.4,1,0.0
2012-04-07,12.75,20,2052,2,2012,,1,0,53.6,1,0.0
