cafe_tran_GPT.csv
CALENDAR_DATE,PRICE,QUANTITY,SELL_ID,SELL_CATEGORY,YEAR,HOLIDAY,IS_WEEKEND,IS_SCHOOLBREAK,AVERAGE_TEMPERATURE,IS_OUTDOOR,IS_LABOR_DAY
2012-04-08,12.75,16,2052,2,2012,,1,0,55.4,1,0.0
2012-04-09,12.75,16,2052,2,2012,,0,0,60.8,1,0.0
2012-04-10,12.75,18,2052,2,2012,,0,0,50.0,1,0.0
2012-04-11,12.75,16,2052,2,2012,,0,0,57.2,1,0.0
2012-04-12,12.75,24,2052,2,2012,,0,0,62.6,1,0.0
2012-04-13,12.75,18,2052,2,2012,,0,0,66.2,1,0.0
2012-04-14,12.75,18,2052,2,2012,,1,0,69.8,1,0.0
2012-04-15,12.75,20,2052,2,2012,,1,0,60.8,1,0.0
2012-04-16,12.75,20,2052,2,2012,,0,0,66.2,1,0.0
2012-04-17,12.75,20,2052,2,2012,,0,0,57.2,1,0.0
2012-04-18,12.75,18,2052,2,2012,,0,0,57.2,1,0.0
2012-04-19,12.75,24,2052,2,2012,,0,0,62.6,1,0.0
2012-04-20,12.75,22,2052,2,2012,,0,0,66.2,1,0.0
2012-04-21,12.75,14,2052,2,2012,,1,0,53.6,1,0.0
2012-04-22,12.75,12,2052,2,2012,,1,0,57.2,1,0.0
2012-04-23,12.75,18,2052,2,2012,,0,0,55.4,1,0.0
2012-04-24,12.75,24,2052,2,2012,,0,0,60.8,1,0.0
2012-04-25,12.75,16,2052,2,2012,,0,0,55.4,1,0.0
2012-04-26,12.75,22,2052,2,2012,,0,0,53.6,1,0.0
2012-04-27,12.75,24,2052,2,2012,,0,0,60.8,1,0.0
2012-04-28,12.75,12,2052,2,2012,,1,0,64.4,1,0.0
2012-04-29,12.75,12,2052,2,2012,,1,0,62.6,1,0.0
2012-04-30,12.75,16,2052,2,2012,Labor Day,0,0,62.6,1,1.0
2012-05-01,11.36,22,2052,2,2012,Labor Day,0,0,66.2,1,1.0
2012-05-02,11.36,20,2052,2,2012,Labor Day,0,0,64.4,1,1.0
2012-05-03,11.36,26,2052,2,2012,,0,0,66.2,1,0.0
2012-05-04,11.36,26,2052,2,2012,,0,0,60.8,1,0.0
2012-05-05,11.36,16,2052,2,2012,,1,0,64.4,1,0.0
2012-05-06,11.36,20,2052,2,2012,,1,0,66.2,1,0.0
2012-05-07,11.36,26,2052,2,2012,,0,0,68.0,1,0.0
2012-05-08,11.36,20,2052,2,2012,,0,0,59.0,1,0.0
2012-05-09,11.36,24,2052,2,2012,,0,0,69.8,1,0.0
2012-05-10,11.36,22,2052,2,2012,,0,0,66.2,1,0.0
2012-05-11,11.36,24,2052,2,2012,,0,0,68.0,1,0.0
2012-05-12,11.36,22,2052,2,2012,,1,0,64.4,1,0.0
2012-05-13,11.36,14,2052,2,2012,,1,0,69.8,1,0.0
2012-05-14,11.36,22,2052,2,2012,,0,0,71.6,1,0.0
2012-05-15,11.36,20,2052,2,2012,,0,0,66.2,1,0.0
2012-05-16,11.36,24,2052,2,2012,,0,0,69.8,1,0.0
2012-05-17,11.36,20,2052,2,2012,,0,0,71.6,1,0.0
2012-05-18,11.36,22,2052,2,2012,,0,0,75.2,1,0.0
2012-05-19,11.36,14,2052,2,2012,,1,0,68.0,1,0.0
2012-05-20,11.36,18,2052,2,2012,,1,0,64.4,1,0.0
2012-05-21,11.36,26,2052,2,2012,,0,0,66.2,1,0.0
2012-05-22,11.36,24,2052,2,2012,,0,0,71.6,1,0.0
2012-05-23,11.36,24,2052,2,2012,,0,0,73.4,1,0.0
2012-05-24,11.36,28,2052,2,2012,,0,0,73.4,1,0.0
2012-05-25,11.36,24,2052,2,2012,,0,0,71.6,1,0.0
2012-05-26,11.36,14,2052,2,2012,,1,0,71.6,1,0.0
2012-05-27,11.36,22,2052,2,2012,,1,0,73.4,1,0.0
2012-05-28,11.36,26,2052,2,2012,,0,0,80.6,1,0.0
2012-05-29,11.36,26,2052,2,2012,,0,0,71.6,1,0.0
2012-05-30,11.36,24,2052,2,2012,,0,0,75.2,1,0.0
2012-05-31,11.36,26,2052,2,2012,,0,0,73.4,1,0.0
2012-06-01,11.36,28,2052,2,2012,,0,0,77.0,1,0.0
2012-06-02,11.36,16,2052,2,2012,,1,0,82.4,1,0.0
2012-06-03,11.36,20,2052,2,2012,,1,0,78.8,1,0.0
2012-06-04,11.36,16,2052,2,2012,Dragon Boat Festivel,0,0,78.8,1,0.0
2012-06-05,11.36,14,2052,2,2012,Dragon Boat Festivel,0,0,80.6,1,0.0
2012-06-06,11.36,20,2052,2,2012,Dragon Boat Festivel,0,0,78.8,1,0.0
2012-06-07,11.36,22,2052,2,2012,,0,0,82.4,1,0.0
2012-06-08,11.36,22,2052,2,2012,,0,0,80.6,1,0.0
2012-06-09,11.36,16,2052,2,2012,,1,0,82.4,1,0.0
2012-06-10,11.36,14,2052,2,2012,,1,0,75.2,1,0.0
2012-06-11,11.36,20,2052,2,2012,,0,0,73.4,1,0.0
2012-06-12,11.36,20,2052,2,2012,,0,0,80.6,1,0.0
2012-06-13,11.36,20,2052,2,2012,,0,0,82.4,1,0.0
2012-06-14,11.36,20,2052,2,2012,,0,0,82.4,1,0.0
2012-06-15,11.36,20,2052,2,2012,,0,0,77.0,1,0.0
2012-06-16,11.36,14,2052,2,2012,,1,0,73.4,1,0.0
2012-06-17,11.36,18,2052,2,2012,,1,0,77.0,1,0.0
2012-06-18,11.36,26,2052,2,2012,,0,0,80.6,1,0.0
2012-06-19,11.36,26,2052,2,2012,,0,0,82.4,1,0.0
2012-06-20,11.36,28,2052,2,2012,,0,0,82.4,1,0.0
2012-06-21,11.36,20,2052,2,2012,,0,0,84.2,1,0.0
2012-06-22,11.36,26,2052,2,2012,,0,0,78.8,1,0.0
2012-06-23,11.36,14,2052,2,2012,,1,0,73.4,1,0.0
2012-06-24,11.36,16,2052,2,2012,,1,0,71.6,1,0.0
2012-06-25,11.36,24,2052,2,2012,,0,0,75.2,1,0.0
2012-06-26,11.36,22,2052,2,2012,,0,0,78.8,1,0.0
2012-06-27,11.36,26,2052,2,2012,,0,0,80.6,1,0.0
2012-06-28,11.36,26,2052,2,2012,,0,0,80.6,1,0.0
2012-06-29,11.36,20,2052,2,2012,,0,0,80.6,1,0.0
2012-06-30,11.36,20,2052,2,2012,,1,0,80.6,1,0.0
2012-07-01,11.36,20,2052,2,2012,,1,0,80.6,1,0.0
2012-07-02,11.36,22,2052,2,2012,,0,0,77.0,1,0.0
2012-07-03,11.36,28,2052,2,2012,,0,0,80.6,1,0.0
2012-07-04,11.36,26,2052,2,2012,,0,0,84.2,1,0.0
2012-07-05,11.36,20,2052,2,2012,,0,0,86.0,1,0.0
2012-07-06,11.36,22,2052,2,2012,,0,0,80.6,1,0.0
2012-07-07,11.36,18,2052,2,2012,,1,0,78.8,1,0.0
2012-07-08,11.36,16,2052,2,2012,,1,0,80.6,1,0.0
2012-07-09,11.36,22,2052,2,2012,,0,0,82.4,1,0.0
2012-07-10,11.36,20,2052,2,2012,,0,0,82.4,1,0.0
2012-07-11,11.36,24,2052,2,2012,,0,0,80.6,1,0.0
2012-07-12,11.36,24,2052,2,2012,,0,0,80.6,1,0.0
2012-07-13,11.36,26,2052,2,2012,,0,0,82.4,1,0.0
2012-07-14,11.36,14,2052,2,2012,,1,0,80.6,1,0.0
2012-07-15,11.36,14,2052,2,2012,,1,0,80.6,1,0.0
2012-07-16,11.36,28,2052,2,2012,,0,0,78.8,1,0.0
2012-07-17,11.36,26,2052,2,2012,,0,0,77.0,1,0.0
2012-07-18,11.36,22,2052,2,2012,,0,0,75.2,1,0.0
2012-07-19,11.36,28,2052,2,2012,,0,0,77.0,1,0.0
2012-07-20,11.36,20,2052,2,2012,,0,0,77.0,1,0.0
2012-07-21,11.36,16,2052,2,2012,,1,0,77.0,1,0.0
2012-07-22,11.36,20,2052,2,2012,,1,0,82.4,1,0.0
2012-07-23,11.36,26,2052,2,2012,,0,0,86.0,1,0.0
2012-07-24,11.36,28,2052,2,2012,,0,0,78.8,1,0.0
2012-07-25,11.36,22,2052,2,2012,,0,0,78.8,1,0.0
2012-07-26,11.36,24,2052,2,2012,,0,0,86.0,1,0.0
2012-07-27,11.36,28,2052,2,2012,,0,0,84.2,1,0.0
2012-07-28,11.36,16,2052,2,2012,,1,0,84.2,1,0.0
2012-07-29,11.36,20,2052,2,2012,,1,0,78.8,1,0.0
2012-07-30,11.36,20,2052,2,2012,,0,0,80.6,1,0.0
2012-07-31,11.36,20,2052,2,2012,,0,0,84.2,1,0.0
2012-08-01,11.36,24,2052,2,2012,,0,0,86.0,1,0.0
2012-08-02,11.36,22,2052,2,2012,,0,0,82.4,1,0.0
2012-08-03,11.36,24,2052,2,2012,,0,0,82.4,1,0.0
2012-08-04,11.36,22,2052,2,2012,,1,0,82.4,1,0.0
2012-08-05,11.36,22,2052,2,2012,,1,0,80.6,1,0.0
2012-08-06,11.36,28,2052,2,2012,,0,0,80.6,1,0.0
2012-08-07,11.36,22,2052,2,2012,,0,0,82.4,1,0.0
2012-08-08,11.36,24,2052,2,2012,,0,0,84.2,1,0.0
2012-08-09,11.36,28,2052,2,2012,,0,0,84.2,1,0.0
2012-08-10,11.36,24,2052,2,2012,,0,0,82.4,1,0.0
2012-08-11,11.36,14,2052,2,2012,,1,0,84.2,1,0.0
2012-08-12,11.36,20,2052,2,2012,,1,0,84.2,1,0.0
2012-08-13,11.36,20,2052,2,2012,,0,0,82.4,1,0.0
2012-08-14,11.36,26,2052,2,2012,,0,0,77.0,1,0.0
2012-08-15,11.36,24,2052,2,2012,,0,0,75.2,1,0.0
2012-08-16,11.36,28,2052,2,2012,,0,0,80.6,1,0.0
2012-08-17,11.36,20,2052,2,2012,,0,0,78.8,1,0.0
2012-08-18,11.36,20,2052,2,2012,,1,0,75.2,1,0.0
2012-08-19,11.36,18,2052,2,2012,,1,0,77.0,1,0.0
2012-08-20,11.36,20,2052,2,2012,,0,0,78.8,1,0.0
2012-08-21,11.36,24,2052,2,2012,,0,0,78.8,1,0.0
2012-08-22,11.36,22,2052,2,2012,,0,0,77.0,1,0.0
2012-08-23,11.36,24,2052,2,2012,,0,0,77.0,1,0.0
2012-08-24,11.36,28,2052,2,2012,,0,0,75.2,1,0.0
2012-08-25,11.36,16,2052,2,2012,,1,0,73.4,1,0.0
2012-08-26,11.36,20,2052,2,2012,,1,0,75.2,1,0.0
2012-08-27,11.36,24,2052,2,2012,,0,0,75.2,1,0.0
2012-08-28,11.36,26,2052,2,2012,,0,0,77.0,1,0.0
2012-08-29,12.49,24,2052,2,2012,,0,0,78.8,1,0.0
2012-08-30,12.49,18,2052,2,2012,,0,0,80.6,1,0.0
2012-08-31,12.49,24,2052,2,2012,,0,0,77.0,1,0.0
2012-09-01,12.49,20,2052,2,2012,,1,0,73.4,1,0.0
2012-09-02,12.49,14,2052,2,2012,,1,0,75.2,1,0.0
2012-09-03,12.49,18,2052,2,2012,,0,0,71.6,1,0.0
2012-09-04,12.49,24,2052,2,2012,,0,0,75.2,1,0.0
2012-09-05,12.49,16,2052,2,2012,,0,0,77.0,1,0.0
2012-09-06,12.49,22,2052,2,2012,,0,0,75.2,1,0.0
2012-09-07,12.49,24,2052,2,2012,,0,0,71.6,1,0.0
2012-09-08,12.49,14,2052,2,2012,,1,0,68.0,1,0.0
2012-09-09,12.49,18,2052,2,2012,,1,0,66.2,1,0.0
2012-09-10,12.49,16,2052,2,2012,Mid-Autumn Day,0,0,60.8,1,0.0
2012-09-11,12.49,20,2052,2,2012,Mid-Autumn Day,0,0,68.0,1,0.0
2012-09-12,12.49,20,2052,2,2012,Mid-Autumn Day,0,0,68.0,1,0.0
2012-09-13,12.49,22,2052,2,2012,,0,0,69.8,1,0.0
2012-09-14,12.49,16,2052,2,2012,,0,0,69.8,1,0.0
2012-09-15,12.49,20,2052,2,2012,,1,0,69.8,1,0.0
2012-09-16,12.49,18,2052,2,2012,,1,0,62.6,1,0.0
2012-09-17,12.49,22,2052,2,2012,,0,0,59.0,1,0.0
2012-09-18,12.49,16,2052,2,2012,,0,0,59.0,1,0.0
2012-09-19,12.49,16,2052,2,2012,,0,0,60.8,1,0.0
2012-09-20,12.49,22,2052,2,2012,,0,0,62.6,1,0.0
2012-09-21,12.49,18,2052,2,2012,,0,0,66.2,1,0.0
2012-09-22,12.49,16,2052,2,2012,,1,0,68.0,1,0.0
2012-09-23,12.49,14,2052,2,2012,,1,0,68.0,1,0.0
2012-09-24,12.49,18,2052,2,2012,,0,0,69.8,1,0.0
2012-09-25,12.49,18,2052,2,2012,,0,0,69.8,1,0.0
2012-09-26,12.49,20,2052,2,2012,,0,0,69.8,1,0.0
2012-09-27,12.49,18,2052,2,2012,,0,0,69.8,1,0.0
2012-09-28,12.49,18,2052,2,2012,,0,0,66.2,1,0.0
2012-09-29,12.49,12,2052,2,2012,,1,0,60.8,1,0.0
2012-09-30,12.49,20,2052,2,2012,,1,0,59.0,1,0.0
2012-10-01,12.49,20,2052,2,2012,National Day,0,0,59.0,1,0.0
2012-10-02,12.49,12,2052,2,2012,National Day,0,0,57.2,1,0.0
2012-10-03,12.49,16,2052,2,2012,National Day,0,0,57.2,1,0.0
2012-10-04,12.49,12,2052,2,2012,National Day,0,0,60.8,1,0.0
2012-10-05,12.49,16,2052,2,2012,National Day,0,0,62.6,1,0.0
2012-10-06,12.49,10,2052,2,2012,National Day,1,0,62.6,1,0.0
2012-10-07,12.49,10,2052,2,2012,National Day,1,0,64.4,1,0.0
2012-10-08,12.49,20,2052,2,2012,,0,0,66.2,1,0.0
2012-10-09,12.49,18,2052,2,2012,,0,0,66.2,1,0.0
2012-10-10,12.49,24,2052,2,2012,,0,0,62.6,1,0.0
2012-10-11,12.49,20,2052,2,2012,,0,0,62.6,1,0.0
2012-10-12,12.49,18,2052,2,2012,,0,0,62.6,1,0.0
2012-10-13,12.49,18,2052,2,2012,,1,0,59.0,1,0.0
2012-10-14,12.49,20,2052,2,2012,,1,0,57.2,1,0.0
2012-10-15,12.49,20,2052,2,2012,,0,0,59.0,1,0.0
2012-10-16,12.49,16,2052,2,2012,,0,0,57.2,1,0.0
2012-10-17,12.49,24,2052,2,2012,,0,0,57.2,1,0.0
2012-10-18,12.49,18,2052,2,2012,,0,0,59.0,1,0.0
2012-10-19,12.49,16,2052,2,2012,,0,0,59.0,1,0.0
2012-10-20,12.49,12,2052,2,2012,,1,0,60.8,1,0.0
2012-10-21,12.49,16,2052,2,2012,,1,0,57.2,1,0.0
2012-10-22,12.49,18,2052,2,2012,,0,0,60.8,1,0.0
2012-10-23,12.49,22,2052,2,2012,,0,0,50.0,1,0.0
2012-10-24,12.49,20,2052,2,2012,,0,0,46.4,1,0.0
2012-10-25,12.49,16,2052,2,2012,,0,0,50.0,1,0.0
2012-10-26,12.49,20,2052,2,2012,,0,0,48.2,1,0.0
2012-10-27,12.49,14,2052,2,2012,,1,0,50.0,1,0.0
2012-10-28,12.49,16,2052,2,2012,,1,0,51.8,1,0.0
2012-10-29,12.49,18,2052,2,2012,,0,0,53.6,1,0.0
2012-10-30,12.49,20,2052,2,2012,,0,0,53.6,1,0.0
2012-10-31,12.49,22,2052,2,2012,,0,0,53.6,1,0.0
2012-11-01,12.49,18,2052,2,2012,,0,0,51.8,1,0.0
2012-11-02,12.49,20,2052,2,2012,,0,0,53.6,1,0.0
2012-11-03,12.49,18,2052,2,2012,,1,0,51.8,1,0.0
2012-11-04,12.49,12,2052,2,2012,,1,0,51.8,1,0.0
2012-11-05,12.49,20,2052,2,2012,,0,0,53.6,1,0.0
2012-11-06,12.49,16,2052,2,2012,,0,0,51.8,1,0.0
2012-11-07,12.49,24,2052,2,2012,,0,0,50.0,1,0.0
2012-11-08,12.49,24,2052,2,2012,,0,0,46.4,1,0.0
2012-11-09,12.49,22,2052,2,2012,,0,0,46.4,1,0.0
2012-11-10,12.49,18,2052,2,2012,,1,0,48.2,1,0.0
2012-11-11,12.49,18,2052,2,2012,,1,0,50.0,1,0.0
2012-11-12,12.49,20,2052,2,2012,,0,0,46.4,1,0.0
2012-11-13,12.49,18,2052,2,2012,,0,0,42.8,1,0.0
2012-11-14,12.49,18,2052,2,2012,,0,0,44.6,1,0.0
2012-11-15,12.49,16,2052,2,2012,,0,0,44.6,1,0.0
2012-11-16,12.49,18,2052,2,2012,,0,0,46.4,1,0.0
2012-11-17,12.49,20,2052,2,2012,,1,0,41.0,1,0.0
2012-11-18,12.49,20,2052,2,2012,,1,0,44.6,1,0.0
2012-11-19,12.49,20,2052,2,2012,,0,0,37.4,1,0.0
2012-11-20,12.49,22,2052,2,2012,,0,0,37.4,1,0.0
2012-11-21,12.49,22,2052,2,2012,,0,0,41.0,1,0.0
2012-11-22,12.49,22,2052,2,2012,,0,0,39.2,1,0.0
2012-11-23,12.49,16,2052,2,2012,,0,0,33.8,1,0.0
2012-11-24,12.49,12,2052,2,2012,,1,0,35.6,1,0.0
2012-11-25,12.49,20,2052,2,2012,,1,0,37.4,1,0.0
2012-11-26,12.49,18,2052,2,2012,,0,0,39.2,1,0.0
2012-11-27,12.49,18,2052,2,2012,,0,0,37.4,1,0.0
2012-11-28,12.49,20,2052,2,2012,,0,0,35.6,1,0.0
2012-11-29,12.49,20,2052,2,2012,,0,0,32.0,1,0.0
2012-11-30,12.49,18,2052,2,2012,,0,0,32.0,1,0.0
2012-12-01,12.49,20,2052,2,2012,,1,0,33.8,1,0.0
2012-12-02,12.49,14,2052,2,2012,,1,0,32.0,1,0.0
2012-12-03,12.49,20,2052,2,2012,,0,0,32.0,1,0.0
2012-12-04,12.49,18,2052,2,2012,,0,0,33.8,1,0.0
2012-12-05,12.49,20,2052,2,2012,,0,0,32.0,1,0.0
2012-12-06,12.49,22,2052,2,2012,,0,0,32.0,1,0.0
2012-12-07,12.49,24,2052,2,2012,,0,0,30.2,0,0.0
2012-12-08,12.49,22,2052,2,2012,,1,0,24.8,0,0.0
2012-12-09,12.49,18,2052,2,2012,,1,0,28.4,1,0.0
2012-12-10,12.49,20,2052,2,2012,,0,0,32.0,1,0.0
2012-12-11,12.49,20,2052,2,2012,,0,0,33.8,1,0.0
2012-12-12,12.49,16,2052,2,2012,,0,0,35.6,1,0.0
2012-12-13,12.49,20,2052,2,2012,,0,0,32.0,1,0.0
2012-12-14,12.49,22,2052,2,2012,,0,0,28.4,0,0.0
2012-12-15,12.49,22,2052,2,2012,,1,0,24.8,0,0.0
2012-12-16,12.49,14,2052,2,2012,,1,0,26.6,0,0.0
2012-12-17,12.49,28,2052,2,2012,,0,0,26.6,0,0.0
2012-12-18,12.49,28,2052,2,2012,,0,0,28.4,0,0.0
2012-12-19,12.49,20,2052,2,2012,,0,0,30.2,1,0.0
2012-12-20,12.49,18,2052,2,2012,,0,0,30.2,1,0.0
2012-12-21,12.49,20,2052,2,2012,,0,0,28.4,0,0.0
2012-12-22,12.49,18,2052,2,2012,,1,0,28.4,0,0.0
2012-12-23,12.49,20,2052,2,2012,,1,0,30.2,1,0.0
2012-12-24,12.49,28,2052,2,2012,,0,0,30.2,0,0.0
2012-12-25,12.49,22,2052,2,2012,,0,0,30.2,0,0.0
2012-12-26,12.49,16,2052,2,2012,,0,0,30.2,1,0.0
2012-12-27,12.64,18,2052,2,2012,,0,0,30.2,1,0.0
2012-12-28,12.64,24,2052,2,2012,,0,0,30.2,0,0.0
2012-12-29,12.64,16,2052,2,2012,,1,0,26.6,1,0.0
2012-12-30,12.64,14,2052,2,2012,,1,0,28.4,1,0.0
2012-12-31,12.64,22,2052,2,2012,,0,0,30.2,0,0.0
2013-01-01,12.64,16,2052,2,2013,New Year,0,0,30.2,1,0.0
2013-01-02,12.64,16,2052,2,2013,New Year,0,0,28.4,0,0.0
2013-01-03,12.64,14,2052,2,2013,New Year,0,0,26.6,0,0.0
2013-01-04,12.64,28,2052,2,2013,,0,0,24.8,0,0.0
2013-01-05,12.64,16,2052,2,2013,,1,0,26.6,0,0.0
2013-01-06,12.64,16,2052,2,2013,,1,0,26.6,0,0.0
2013-01-07,12.64,24,2052,2,2013,,0,0,26.6,0,0.0
2013-01-08,12.64,20,2052,2,2013,,0,0,26.6,0,0.0
2013-01-09,12.64,26,2052,2,2013,,0,0,28.4,0,0.0
2013-01-10,12.64,24,2052,2,2013,,0,0,28.4,0,0.0
2013-01-11,12.64,24,2052,2,2013,,0,0,24.8,0,0.0
2013-01-12,12.64,18,2052,2,2013,,1,0,28.4,0,0.0
2013-01-13,12.64,18,2052,2,2013,,1,0,30.2,0,0.0
2013-01-14,12.64,26,2052,2,2013,,0,1,30.2,0,0.0
2013-01-15,12.64,26,2052,2,2013,,0,1,30.2,0,0.0
2013-01-16,12.64,24,2052,2,2013,,0,1,30.2,1,0.0
2013-01-17,12.64,22,2052,2,2013,,0,1,30.2,1,0.0
2013-01-18,12.64,20,2052,2,2013,,0,1,32.0,1,0.0
2013-01-19,12.64,18,2052,2,2013,,1,1,28.4,1,0.0
2013-01-20,12.64,14,2052,2,2013,,1,1,23.0,0,0.0
2013-01-21,12.64,26,2052,2,2013,,0,1,19.4,0,0.0
2013-01-22,12.64,18,2052,2,2013,Luner New Year,0,1,17.6,0,0.0
2013-01-23,12.64,18,2052,2,2013,Luner New Year,0,1,21.2,0,0.0
2013-01-24,12.64,20,2052,2,2013,Luner New Year,0,1,23.0,0,0.0
2013-01-25,12.64,20,2052,2,2013,Luner New Year,0,1,23.0,0,0.0
2013-01-26,12.64,16,2052,2,2013,Luner New Year,1,1,26.6,0,0.0
2013-01-27,12.64,14,2052,2,2013,Luner New Year,1,1,26.6,0,0.0
2013-01-28,12.64,14,2052,2,2013,Luner New Year,0,1,23.0,0,0.0
2013-01-29,12.64,28,2052,2,2013,,0,1,23.0,0,0.0
2013-01-30,12.64,28,2052,2,2013,,0,1,23.0,0,0.0
2013-01-31,12.64,24,2052,2,2013,,0,1,23.0,0,0.0
2013-02-01,12.64,24,2052,2,2013,,0,1,19.4,0,0.0
2013-02-02,12.64,14,2052,2,2013,,1,1,21.2,0,0.0
2013-02-03,12.64,20,2052,2,2013,,1,1,26.6,0,0.0
2013-02-04,12.64,22,2052,2,2013,,0,1,30.2,0,0.0
2013-02-05,12.64,20,2052,2,2013,,0,1,30.2,0,0.0
2013-02-06,12.64,22,2052,2,2013,,0,1,19.4,0,0.0
2013-02-07,12.64,20,2052,2,2013,,0,0,23.0,0,0.0
2013-02-08,12.64,22,2052,2,2013,,0,0,26.6,0,0.0
2013-02-09,12.64,16,2052,2,2013,,1,0,28.4,0,0.0
2013-02-10,12.64,16,2052,2,2013,,1,0,28.4,0,0.0
2013-02-11,12.64,26,2052,2,2013,,0,0,32.0,0,0.0
2013-02-12,12.64,24,2052,2,2013,,0,0,32.0,1,0.0
2013-02-13,12.64,18,2052,2,2013,,0,0,33.8,1,0.0
2013-02-14,12.64,22,2052,2,2013,,0,0,30.2,0,0.0
2013-02-15,12.64,22,2052,2,2013,,0,0,32.0,1,0.0
2013-02-16,12.64,18,2052,2,2013,,1,0,28.4,0,0.0
2013-02-17,12.64,14,2052,2,2013,,1,0,28.4,0,0.0
2013-02-18,12.64,22,2052,2,2013,,0,0,30.2,0,0.0
2013-02-19,12.64,18,2052,2,2013,,0,0,32.0,1,0.0
2013-02-20,12.64,20,2052,2,2013,,0,0,35.6,1,0.0
2013-02-21,12.64,16,2052,2,2013,,0,0,33.8,1,0.0
2013-02-22,12.64,22,2052,2,2013,,0,0,35.6,1,0.0
2013-02-23,12.64,18,2052,2,2013,,1,0,33.8,1,0.0
2013-02-24,12.64,16,2052,2,2013,,1,0,32.0,1,0.0
2013-02-25,12.64,20,2052,2,2013,,0,0,32.0,1,0.0
2013-02-26,12.64,18,2052,2,2013,,0,0,32.0,1,0.0
2013-02-27,12.64,22,2052,2,2013,,0,0,35.6,1,0.0
2013-02-28,12.64,22,2052,2,2013,,0,0,35.6,1,0.0
2013-03-01,13.13,30,2052,2,2013,,0,0,39.2,1,0.0
2013-03-01,13.13,30,2052,2,2013,,0,0,32.0,1,0.0
2013-03-01,13.41,40,2052,2,2013,,0,0,39.2,1,0.0
2013-03-01,13.41,40,2052,2,2013,,0,0,32.0,1,0.0
2013-03-01,13.13,26,2052,2,2013,,0,0,39.2,1,0.0
2013-03-01,13.13,26,2052,2,2013,,0,0,32.0,1,0.0
2013-03-01,13.41,40,2052,2,2013,,0,0,39.2,1,0.0
2013-03-01,13.41,40,2052,2,2013,,0,0,32.0,1,0.0
2013-03-02,12.64,20,2052,2,2013,,1,0,35.6,1,0.0
2013-03-03,12.64,20,2052,2,2013,,1,0,33.8,1,0.0
2013-03-04,12.64,20,2052,2,2013,,0,0,35.6,1,0.0
2013-03-05,12.64,24,2052,2,2013,,0,0,35.6,1,0.0
2013-03-06,12.64,22,2052,2,2013,,0,0,39.2,1,0.0
2013-03-07,12.64,18,2052,2,2013,,0,0,39.2,1,0.0
2013-03-08,12.64,20,2052,2,2013,,0,0,32.0,1,0.0
2013-03-09,12.64,18,2052,2,2013,,1,0,33.8,1,0.0
2013-03-10,12.64,18,2052,2,2013,,1,0,33.8,1,0.0
2013-03-11,12.64,22,2052,2,2013,,0,0,32.0,0,0.0
2013-03-12,12.64,16,2052,2,2013,,0,0,37.4,1,0.0
2013-03-13,12.64,16,2052,2,2013,,0,0,42.8,1,0.0
2013-03-14,12.64,18,2052,2,2013,,0,0,42.8,1,0.0
2013-03-15,12.64,16,2052,2,2013,,0,0,44.6,1,0.0
2013-03-16,12.64,12,2052,2,2013,,1,0,48.2,1,0.0
2013-03-17,12.64,14,2052,2,2013,,1,0,42.8,1,0.0
2013-03-18,12.64,18,2052,2,2013,,0,0,35.6,1,0.0
2013-03-19,12.64,18,2052,2,2013,,0,0,37.4,1,0.0
2013-03-20,12.64,18,2052,2,2013,,0,0,44.6,1,0.0
2013-03-21,12.64,20,2052,2,2013,,0,0,46.4,1,0.0
2013-03-22,12.64,20,2052,2,2013,,0,0,41.0,1,0.0
2013-03-23,12.64,14,2052,2,2013,,1,0,44.6,1,0.0
2013-03-24,12.64,16,2052,2,2013,,1,0,44.6,1,0.0
2013-03-25,12.64,24,2052,2,2013,,0,0,46.4,1,0.0
2013-03-26,12.64,24,2052,2,2013,,0,0,32.0,1,0.0
2013-03-27,12.64,16,2052,2,2013,,0,0,55.4,1,0.0
2013-03-28,12.64,16,2052,2,2013,,0,0,59.0,1,0.0
2013-03-29,12.64,18,2052,2,2013,,0,0,53.6,1,0.0
2013-03-30,12.64,14,2052,2,2013,,1,0,46.4,1,0.0
