cafe_tran_GPT.csv
CALENDAR_DATE,PRICE,QUANTITY,SELL_ID,SELL_CATEGORY,YEAR,HOLIDAY,IS_WEEKEND,IS_SCHOOLBREAK,AVERAGE_TEMPERATURE,IS_OUTDOOR,IS_LABOR_DAY
2013-03-31,12.64,12,2052,2,2013,,1,0,48.2,1,0.0
2013-04-01,12.64,18,2052,2,2013,,0,0,46.4,1,0.0
2013-04-02,12.64,12,2052,2,2013,Qing Ming Festival,0,0,46.4,1,0.0
2013-04-03,12.64,20,2052,2,2013,Qing Ming Festival,0,0,51.8,1,0.0
2013-04-04,12.64,14,2052,2,2013,Qing Ming Festival,0,0,55.4,1,0.0
2013-04-05,12.64,20,2052,2,2013,,0,0,50.0,1,0.0
2013-04-06,12.64,16,2052,2,2013,,1,0,55.4,1,0.0
2013-04-07,12.64,12,2052,2,2013,,1,0,62.6,1,0.0
2013-04-08,12.64,20,2052,2,2013,,0,0,59.0,1,0.0
2013-04-09,12.64,20,2052,2,2013,,0,0,66.2,1,0.0
2013-04-10,12.64,16,2052,2,2013,,0,0,59.0,1,0.0
2013-04-11,12.64,16,2052,2,2013,,0,0,57.2,1,0.0
2013-04-12,12.64,16,2052,2,2013,,0,0,60.8,1,0.0
2013-04-13,12.64,12,2052,2,2013,,1,0,64.4,1,0.0
2013-04-14,12.64,12,2052,2,2013,,1,0,69.8,1,0.0
2013-04-15,12.64,20,2052,2,2013,,0,0,64.4,1,0.0
2013-04-16,12.64,16,2052,2,2013,,0,0,60.8,1,0.0
2013-04-17,12.64,24,2052,2,2013,,0,0,69.8,1,0.0
2013-04-18,12.64,18,2052,2,2013,,0,0,66.2,1,0.0
2013-04-19,12.64,20,2052,2,2013,,0,0,62.6,1,0.0
2013-04-20,12.64,16,2052,2,2013,,1,0,62.6,1,0.0
2013-04-21,12.64,12,2052,2,2013,,1,0,57.2,1,0.0
2013-04-22,12.64,22,2052,2,2013,,0,0,32.0,1,0.0
2013-04-23,12.64,20,2052,2,2013,,0,0,66.2,1,0.0
2013-04-24,12.64,24,2052,2,2013,,0,0,59.0,1,0.0
2013-04-25,12.72,20,2052,2,2013,,0,0,55.4,1,0.0
2013-04-26,12.72,18,2052,2,2013,,0,0,64.4,1,0.0
2013-04-27,12.72,18,2052,2,2013,,1,0,62.6,1,0.0
2013-04-28,12.72,16,2052,2,2013,,1,0,60.8,1,0.0
2013-04-29,12.72,18,2052,2,2013,Labor Day,0,0,60.8,1,1.0
2013-04-30,12.72,18,2052,2,2013,Labor Day,0,0,68.0,1,1.0
2013-05-01,12.72,18,2052,2,2013,Labor Day,0,0,64.4,1,1.0
2013-05-02,12.72,24,2052,2,2013,,0,0,73.4,1,0.0
2013-05-03,12.72,22,2052,2,2013,,0,0,75.2,1,0.0
2013-05-04,12.72,16,2052,2,2013,,1,0,75.2,1,0.0
2013-05-05,12.72,12,2052,2,2013,,1,0,73.4,1,0.0
2013-05-06,12.72,24,2052,2,2013,,0,0,75.2,1,0.0
2013-05-07,12.72,16,2052,2,2013,,0,0,32.0,1,0.0
2013-05-08,12.72,20,2052,2,2013,,0,0,73.4,1,0.0
2013-05-09,12.72,24,2052,2,2013,,0,0,73.4,1,0.0
2013-05-10,12.72,20,2052,2,2013,,0,0,75.2,1,0.0
2013-05-11,12.72,14,2052,2,2013,,1,0,66.2,1,0.0
2013-05-12,12.72,14,2052,2,2013,,1,0,64.4,1,0.0
2013-05-13,12.72,18,2052,2,2013,,0,0,68.0,1,0.0
2013-05-14,12.72,24,2052,2,2013,,0,0,66.2,1,0.0
2013-05-15,12.72,24,2052,2,2013,,0,0,68.0,1,0.0
2013-05-16,12.72,24,2052,2,2013,,0,0,69.8,1,0.0
2013-05-17,12.72,22,2052,2,2013,,0,0,73.4,1,0.0
2013-05-18,12.72,12,2052,2,2013,,1,0,77.0,1,0.0
2013-05-19,12.72,14,2052,2,2013,,1,0,75.2,1,0.0
2013-05-20,12.72,16,2052,2,2013,,0,0,71.6,1,0.0
2013-05-21,12.72,22,2052,2,2013,,0,0,75.2,1,0.0
2013-05-22,12.72,20,2052,2,2013,,0,0,71.6,1,0.0
2013-05-23,12.72,20,2052,2,2013,,0,0,73.4,1,0.0
2013-05-24,12.72,20,2052,2,2013,,0,0,71.6,1,0.0
2013-05-25,12.72,16,2052,2,2013,,1,0,69.8,1,0.0
2013-05-26,12.72,18,2052,2,2013,,1,0,78.8,1,0.0
2013-05-27,12.72,24,2052,2,2013,,0,0,80.6,1,0.0
2013-05-28,12.72,18,2052,2,2013,,0,0,80.6,1,0.0
2013-05-29,12.72,20,2052,2,2013,,0,0,69.8,1,0.0
2013-05-30,12.72,16,2052,2,2013,,0,0,68.0,1,0.0
2013-05-31,12.72,18,2052,2,2013,,0,0,71.6,1,0.0
2013-06-01,12.72,16,2052,2,2013,,1,0,68.0,1,0.0
2013-06-02,12.72,14,2052,2,2013,,1,0,71.6,1,0.0
2013-06-03,12.72,24,2052,2,2013,,0,0,68.0,1,0.0
2013-06-04,12.72,22,2052,2,2013,,0,0,77.0,1,0.0
2013-06-05,12.72,24,2052,2,2013,,0,0,78.8,1,0.0
2013-06-06,12.72,20,2052,2,2013,,0,0,77.0,1,0.0
2013-06-07,12.72,20,2052,2,2013,,0,1,78.8,1,0.0
2013-06-08,12.72,18,2052,2,2013,,1,1,80.6,1,0.0
2013-06-09,12.72,16,2052,2,2013,,1,0,77.0,1,0.0
2013-06-10,12.72,24,2052,2,2013,,0,0,71.6,1,0.0
2013-06-11,12.72,16,2052,2,2013,,0,0,77.0,1,0.0
2013-06-12,12.72,16,2052,2,2013,,0,0,73.4,1,0.0
2013-06-13,12.72,22,2052,2,2013,,0,0,69.8,1,0.0
2013-06-14,12.72,22,2052,2,2013,,0,0,71.6,1,0.0
2013-06-15,12.72,18,2052,2,2013,,1,0,73.4,1,0.0
2013-06-16,12.72,16,2052,2,2013,,1,0,82.4,1,0.0
2013-06-17,12.72,22,2052,2,2013,,0,0,87.8,1,0.0
2013-06-18,12.72,22,2052,2,2013,,0,0,86.0,1,0.0
2013-06-19,12.72,16,2052,2,2013,,0,0,82.4,1,0.0
2013-06-20,12.72,20,2052,2,2013,,0,0,80.6,1,0.0
2013-06-21,12.72,22,2052,2,2013,,0,0,80.6,1,0.0
2013-06-22,12.72,12,2052,2,2013,Dragon Boat Festivel,1,0,78.8,1,0.0
2013-06-23,12.72,12,2052,2,2013,Dragon Boat Festivel,1,0,78.8,1,0.0
2013-06-24,12.72,20,2052,2,2013,Dragon Boat Festivel,0,0,73.4,1,0.0
2013-06-25,12.72,24,2052,2,2013,,0,0,77.0,1,0.0
2013-06-26,12.72,18,2052,2,2013,,0,0,75.2,1,0.0
2013-06-27,12.72,22,2052,2,2013,,0,0,75.2,1,0.0
2013-06-28,12.72,22,2052,2,2013,,0,0,71.6,1,0.0
2013-06-29,12.72,12,2052,2,2013,,1,0,71.6,1,0.0
2013-06-30,12.72,12,2052,2,2013,,1,1,80.6,1,0.0
2013-07-01,12.72,22,2052,2,2013,,0,1,84.2,1,0.0
2013-07-02,12.72,18,2052,2,2013,,0,1,84.2,1,0.0
2013-07-03,12.72,20,2052,2,2013,,0,1,84.2,1,0.0
2013-07-04,12.72,22,2052,2,2013,,0,1,78.8,1,0.0
2013-07-05,12.72,16,2052,2,2013,,0,1,78.8,1,0.0
2013-07-06,12.72,20,2052,2,2013,,1,1,80.6,1,0.0
2013-07-07,12.72,20,2052,2,2013,,1,1,77.0,1,0.0
2013-07-08,12.72,16,2052,2,2013,,0,1,80.6,1,0.0
2013-07-09,12.72,20,2052,2,2013,,0,1,78.8,1,0.0
2013-07-10,12.72,18,2052,2,2013,,0,1,80.6,1,0.0
2013-07-11,12.72,24,2052,2,2013,,0,1,82.4,1,0.0
2013-07-12,12.72,18,2052,2,2013,,0,1,80.6,1,0.0
2013-07-13,12.72,14,2052,2,2013,,1,1,78.8,1,0.0
2013-07-14,12.72,18,2052,2,2013,,1,1,78.8,1,0.0
2013-07-15,12.72,24,2052,2,2013,,0,1,80.6,1,0.0
2013-07-16,12.72,20,2052,2,2013,,0,1,82.4,1,0.0
2013-07-17,12.72,20,2052,2,2013,,0,1,82.4,1,0.0
2013-07-18,12.72,24,2052,2,2013,,0,1,80.6,1,0.0
2013-07-19,12.72,16,2052,2,2013,,0,1,82.4,1,0.0
2013-07-20,12.72,16,2052,2,2013,,1,1,84.2,1,0.0
2013-07-21,12.72,20,2052,2,2013,,1,1,78.8,1,0.0
2013-07-22,12.72,24,2052,2,2013,,0,1,80.6,1,0.0
2013-07-23,12.72,22,2052,2,2013,,0,1,82.4,1,0.0
2013-07-24,12.72,18,2052,2,2013,,0,1,80.6,1,0.0
2013-07-25,12.72,24,2052,2,2013,,0,1,78.8,1,0.0
2013-07-26,12.72,22,2052,2,2013,,0,1,78.8,1,0.0
2013-07-27,12.72,20,2052,2,2013,,1,1,78.8,1,0.0
2013-07-28,12.72,16,2052,2,2013,,1,1,77.0,1,0.0
2013-07-29,12.72,16,2052,2,2013,,0,1,82.4,1,0.0
2013-07-30,12.72,20,2052,2,2013,,0,1,78.8,1,0.0
2013-07-31,12.72,22,2052,2,2013,,0,1,71.6,1,0.0
2013-08-01,12.72,16,2052,2,2013,,0,1,71.6,1,0.0
2013-08-02,12.72,28,2052,2,2013,,0,1,78.8,0,0.0
2013-08-03,12.72,14,2052,2,2013,,1,1,77.0,0,0.0
2013-08-04,12.72,16,2052,2,2013,,1,1,80.6,1,0.0
2013-08-05,12.72,20,2052,2,2013,,0,1,80.6,1,0.0
2013-08-06,12.72,18,2052,2,2013,,0,1,82.4,1,0.0
2013-08-07,12.72,18,2052,2,2013,,0,1,82.4,1,0.0
2013-08-08,12.72,22,2052,2,2013,,0,1,78.8,0,0.0
2013-08-09,12.72,24,2052,2,2013,,0,1,82.4,0,0.0
2013-08-10,12.72,12,2052,2,2013,,1,1,82.4,1,0.0
2013-08-11,12.72,20,2052,2,2013,,1,1,78.8,1,0.0
2013-08-12,12.72,16,2052,2,2013,,0,1,75.2,1,0.0
2013-08-13,12.72,18,2052,2,2013,,0,1,78.8,1,0.0
2013-08-14,12.72,20,2052,2,2013,,0,1,73.4,1,0.0
2013-08-15,12.72,24,2052,2,2013,,0,1,77.0,1,0.0
2013-08-16,12.72,22,2052,2,2013,,0,1,78.8,1,0.0
2013-08-17,12.72,20,2052,2,2013,,1,1,77.0,1,0.0
2013-08-18,12.72,12,2052,2,2013,,1,1,77.0,1,0.0
2013-08-19,12.72,16,2052,2,2013,,0,1,78.8,1,0.0
2013-08-20,12.72,24,2052,2,2013,,0,1,77.0,1,0.0
2013-08-21,12.72,16,2052,2,2013,,0,1,73.4,1,0.0
2013-08-22,12.72,24,2052,2,2013,,0,1,71.6,1,0.0
2013-08-23,10.12,30,2052,2,2013,,0,1,75.2,1,0.0
2013-08-24,10.12,18,2052,2,2013,,1,1,73.4,1,0.0
2013-08-25,10.12,16,2052,2,2013,,1,1,75.2,1,0.0
2013-08-26,10.12,30,2052,2,2013,,0,1,77.0,1,0.0
2013-08-27,10.12,30,2052,2,2013,,0,1,75.2,1,0.0
2013-08-28,10.12,34,2052,2,2013,,0,1,80.6,0,0.0
2013-08-29,10.12,28,2052,2,2013,,0,1,82.4,0,0.0
2013-08-30,10.12,34,2052,2,2013,,0,1,84.2,0,0.0
2013-08-31,10.12,22,2052,2,2013,,1,1,80.6,1,0.0
2013-09-01,10.12,24,2052,2,2013,,1,0,75.2,1,0.0
2013-09-02,10.12,22,2052,2,2013,,0,0,69.8,1,0.0
2013-09-03,10.12,26,2052,2,2013,,0,0,68.0,1,0.0
2013-09-04,10.12,24,2052,2,2013,,0,0,68.0,1,0.0
2013-09-05,10.12,30,2052,2,2013,,0,0,69.8,1,0.0
2013-09-06,10.12,22,2052,2,2013,,0,0,68.0,1,0.0
2013-09-07,10.12,20,2052,2,2013,,1,0,69.8,1,0.0
2013-09-08,10.12,22,2052,2,2013,,1,0,71.6,1,0.0
2013-09-09,10.12,24,2052,2,2013,,0,0,75.2,1,0.0
2013-09-10,10.12,24,2052,2,2013,,0,0,73.4,1,0.0
2013-09-11,10.12,22,2052,2,2013,,0,0,69.8,1,0.0
2013-09-12,10.12,22,2052,2,2013,,0,0,66.2,1,0.0
2013-09-13,10.12,24,2052,2,2013,,0,0,62.6,1,0.0
2013-09-14,10.12,24,2052,2,2013,,1,0,64.4,1,0.0
2013-09-15,10.12,22,2052,2,2013,,1,0,66.2,1,0.0
2013-09-16,10.12,26,2052,2,2013,,0,0,69.8,1,0.0
2013-09-17,10.12,30,2052,2,2013,,0,0,69.8,1,0.0
2013-09-18,10.12,28,2052,2,2013,,0,0,69.8,1,0.0
2013-09-19,10.12,24,2052,2,2013,,0,0,69.8,1,0.0
2013-09-20,10.12,24,2052,2,2013,,0,0,73.4,1,0.0
2013-09-21,10.12,24,2052,2,2013,,1,0,68.0,1,0.0
2013-09-22,10.12,20,2052,2,2013,,1,0,69.8,1,0.0
2013-09-23,10.12,30,2052,2,2013,,0,0,71.6,1,0.0
2013-09-24,10.12,28,2052,2,2013,,0,0,69.8,1,0.0
2013-09-25,10.12,24,2052,2,2013,,0,0,64.4,1,0.0
2013-09-26,10.12,26,2052,2,2013,,0,0,68.0,1,0.0
2013-09-27,10.12,28,2052,2,2013,,0,0,64.4,1,0.0
2013-09-28,10.12,20,2052,2,2013,,1,0,60.8,1,0.0
2013-09-29,10.12,16,2052,2,2013,,1,0,62.6,1,0.0
2013-09-30,10.12,24,2052,2,2013,Mid-Autumn Day,0,0,64.4,1,0.0
2013-10-01,10.12,20,2052,2,2013,National Day,0,0,66.2,1,0.0
2013-10-02,10.12,16,2052,2,2013,National Day,0,0,68.0,1,0.0
2013-10-03,10.12,24,2052,2,2013,National Day,0,0,66.2,1,0.0
2013-10-04,10.12,16,2052,2,2013,National Day,0,0,66.2,1,0.0
2013-10-05,10.12,18,2052,2,2013,National Day,1,0,62.6,1,0.0
2013-10-06,10.12,18,2052,2,2013,National Day,1,0,64.4,1,0.0
2013-10-07,10.12,22,2052,2,2013,National Day,0,0,64.4,1,0.0
2013-10-08,10.12,22,2052,2,2013,,0,0,66.2,1,0.0
2013-10-09,10.12,26,2052,2,2013,,0,0,60.8,1,0.0
2013-10-10,10.12,22,2052,2,2013,,0,0,59.0,1,0.0
2013-10-11,10.12,22,2052,2,2013,,0,0,60.8,1,0.0
2013-10-12,10.12,24,2052,2,2013,,1,0,64.4,1,0.0
2013-10-13,10.12,24,2052,2,2013,,1,0,55.4,1,0.0
2013-10-14,10.12,26,2052,2,2013,,0,0,55.4,1,0.0
2013-10-15,10.12,22,2052,2,2013,,0,0,55.4,1,0.0
2013-10-16,10.12,22,2052,2,2013,,0,0,51.8,1,0.0
2013-10-17,10.12,28,2052,2,2013,,0,0,51.8,1,0.0
2013-10-18,10.12,30,2052,2,2013,,0,0,55.4,1,0.0
2013-10-19,10.12,20,2052,2,2013,,1,0,57.2,1,0.0
2013-10-20,10.12,22,2052,2,2013,,1,0,59.0,1,0.0
2013-10-21,10.12,26,2052,2,2013,,0,0,51.8,1,0.0
2013-10-22,10.12,28,2052,2,2013,,0,0,50.0,1,0.0
2013-10-23,10.12,28,2052,2,2013,,0,0,55.4,1,0.0
2013-10-24,10.12,28,2052,2,2013,,0,0,57.2,1,0.0
2013-10-25,10.12,24,2052,2,2013,,0,0,59.0,1,0.0
2013-10-26,10.12,16,2052,2,2013,,1,0,57.2,1,0.0
2013-10-27,10.12,16,2052,2,2013,,1,0,57.2,1,0.0
2013-10-28,10.12,30,2052,2,2013,,0,0,53.6,1,0.0
2013-10-29,10.12,24,2052,2,2013,,0,0,46.4,1,0.0
2013-10-30,10.12,24,2052,2,2013,,0,0,44.6,1,0.0
2013-10-31,10.12,30,2052,2,2013,,0,0,44.6,1,0.0
2013-11-01,10.12,28,2052,2,2013,,0,0,48.2,1,0.0
2013-11-02,10.12,18,2052,2,2013,,1,0,50.0,1,0.0
2013-11-03,10.12,18,2052,2,2013,,1,0,41.0,1,0.0
2013-11-04,10.12,24,2052,2,2013,,0,0,35.6,1,0.0
2013-11-05,10.12,28,2052,2,2013,,0,0,39.2,1,0.0
2013-11-06,10.12,28,2052,2,2013,,0,0,41.0,1,0.0
2013-11-07,10.12,22,2052,2,2013,,0,0,41.0,1,0.0
2013-11-08,10.12,26,2052,2,2013,,0,0,42.8,1,0.0
2013-11-09,10.12,22,2052,2,2013,,1,0,42.8,1,0.0
2013-11-10,10.12,22,2052,2,2013,,1,0,35.6,1,0.0
2013-11-11,10.12,30,2052,2,2013,,0,0,35.6,1,0.0
2013-11-12,10.12,24,2052,2,2013,,0,0,37.4,1,0.0
2013-11-13,10.12,26,2052,2,2013,,0,0,35.6,1,0.0
2013-11-14,10.12,28,2052,2,2013,,0,0,37.4,1,0.0
2013-11-15,10.12,26,2052,2,2013,,0,0,39.2,1,0.0
2013-11-16,10.12,16,2052,2,2013,,1,0,39.2,1,0.0
2013-11-17,10.12,20,2052,2,2013,,1,0,39.2,1,0.0
2013-11-18,10.12,28,2052,2,2013,,0,0,42.8,1,0.0
2013-11-19,10.12,28,2052,2,2013,,0,0,39.2,1,0.0
2013-11-20,10.12,30,2052,2,2013,,0,0,39.2,1,0.0
2013-11-21,10.12,28,2052,2,2013,,0,0,41.0,1,0.0
2013-11-22,10.12,30,2052,2,2013,,0,0,35.6,1,0.0
2013-11-23,10.12,24,2052,2,2013,,1,0,32.0,1,0.0
2013-11-24,10.12,16,2052,2,2013,,1,0,35.6,1,0.0
2013-11-25,10.12,28,2052,2,2013,,0,0,37.4,1,0.0
2013-11-26,10.12,28,2052,2,2013,,0,0,33.8,1,0.0
2013-11-27,10.12,26,2052,2,2013,,0,0,35.6,1,0.0
2013-11-28,10.12,32,2052,2,2013,,0,0,32.0,0,0.0
2013-11-29,10.12,22,2052,2,2013,,0,0,32.0,1,0.0
2013-11-30,10.12,26,2052,2,2013,,1,0,28.4,0,0.0
2013-12-01,10.12,20,2052,2,2013,,1,0,28.4,0,0.0
2013-12-02,10.12,28,2052,2,2013,,0,0,30.2,1,0.0
2013-12-03,10.12,34,2052,2,2013,,0,0,28.4,0,0.0
2013-12-04,10.12,24,2052,2,2013,,0,0,28.4,1,0.0
2013-12-05,10.12,30,2052,2,2013,,0,0,23.0,0,0.0
2013-12-06,10.12,34,2052,2,2013,,0,0,24.8,0,0.0
2013-12-07,10.12,20,2052,2,2013,,1,0,23.0,0,0.0
2013-12-08,10.12,18,2052,2,2013,,1,0,21.2,0,0.0
2013-12-09,10.12,32,2052,2,2013,,0,0,26.6,0,0.0
2013-12-10,10.12,34,2052,2,2013,,0,0,24.8,0,0.0
2013-12-11,10.12,28,2052,2,2013,,0,0,26.6,0,0.0
2013-12-12,10.12,28,2052,2,2013,,0,0,30.2,1,0.0
2013-12-13,10.12,30,2052,2,2013,,0,0,30.2,1,0.0
2013-12-14,10.12,20,2052,2,2013,,1,0,30.2,1,0.0
2013-12-15,10.12,20,2052,2,2013,,1,0,32.0,1,0.0
2013-12-16,10.12,24,2052,2,2013,,0,0,32.0,1,0.0
2013-12-17,10.12,34,2052,2,2013,,0,0,23.0,0,0.0
2013-12-18,10.12,28,2052,2,2013,,0,0,26.6,0,0.0
2013-12-19,10.12,28,2052,2,2013,,0,0,26.6,0,0.0
2013-12-20,10.12,22,2052,2,2013,,0,0,26.6,1,0.0
2013-12-21,11.96,22,2052,2,2013,,1,0,24.8,0,0.0
2013-12-22,11.96,12,2052,2,2013,,1,0,32.0,1,0.0
2013-12-23,11.96,30,2052,2,2013,,0,0,14.0,0,0.0
2013-12-24,11.96,30,2052,2,2013,,0,0,21.2,0,0.0
2013-12-25,11.96,22,2052,2,2013,,0,0,21.2,0,0.0
2013-12-26,11.96,26,2052,2,2013,,0,0,21.2,0,0.0
2013-12-27,11.96,26,2052,2,2013,,0,0,21.2,0,0.0
2013-12-28,11.96,22,2052,2,2013,,1,0,21.2,0,0.0
2013-12-29,11.96,16,2052,2,2013,,1,0,21.2,0,0.0
2013-12-30,11.96,28,2052,2,2013,,0,0,21.2,0,0.0
2013-12-31,11.96,22,2052,2,2013,,0,0,21.2,0,0.0
2014-01-01,11.96,20,2052,2,2014,New Year,0,0,19.4,0,0.0
2014-01-02,11.96,22,2052,2,2014,New Year,0,0,14.0,0,0.0
2014-01-03,11.96,20,2052,2,2014,New Year,0,0,17.6,0,0.0
2014-01-04,11.96,20,2052,2,2014,,1,0,21.2,0,0.0
2014-01-05,11.96,20,2052,2,2014,,1,0,19.4,0,0.0
2014-01-06,11.96,30,2052,2,2014,,0,0,21.2,0,0.0
2014-01-07,11.96,24,2052,2,2014,,0,0,24.8,0,0.0
2014-01-08,11.96,26,2052,2,2014,,0,0,21.2,0,0.0
2014-01-09,11.96,22,2052,2,2014,,0,0,23.0,0,0.0
2014-01-10,11.96,30,2052,2,2014,,0,0,24.8,0,0.0
2014-01-11,11.96,24,2052,2,2014,,1,0,30.2,0,0.0
2014-01-12,11.96,24,2052,2,2014,,1,0,28.4,0,0.0
2014-01-13,11.96,24,2052,2,2014,,0,0,28.4,0,0.0
2014-01-14,11.96,26,2052,2,2014,,0,0,28.4,1,0.0
2014-01-15,11.96,26,2052,2,2014,,0,0,26.6,0,0.0
2014-01-16,11.96,26,2052,2,2014,,0,0,24.8,0,0.0
2014-01-17,11.96,24,2052,2,2014,,0,0,26.6,0,0.0
2014-01-18,11.96,18,2052,2,2014,,1,0,28.4,0,0.0
2014-01-19,11.96,16,2052,2,2014,,1,0,30.2,1,0.0
2014-01-20,11.96,22,2052,2,2014,,0,0,24.8,0,0.0
2014-01-21,11.96,28,2052,2,2014,,0,0,28.4,0,0.0
2014-01-22,11.96,24,2052,2,2014,,0,0,28.4,0,0.0
2014-01-23,11.96,24,2052,2,2014,,0,0,28.4,0,0.0
2014-01-24,11.96,30,2052,2,2014,,0,0,26.6,0,0.0
2014-01-25,11.96,20,2052,2,2014,,1,1,24.8,0,0.0
2014-01-26,11.96,22,2052,2,2014,,1,1,26.6,0,0.0
2014-01-27,11.96,24,2052,2,2014,,0,1,28.4,0,0.0
2014-01-28,11.96,24,2052,2,2014,,0,1,32.0,1,0.0
2014-01-29,11.96,22,2052,2,2014,,0,1,32.0,1,0.0
2014-01-30,11.96,18,2052,2,2014,,0,1,30.2,1,0.0
2014-01-31,11.96,18,2052,2,2014,,0,1,30.2,1,0.0
2014-02-01,11.96,20,2052,2,2014,,1,1,28.4,0,0.0
2014-02-02,11.96,16,2052,2,2014,,1,1,28.4,0,0.0
2014-02-03,11.96,22,2052,2,2014,,0,1,28.4,1,0.0
2014-02-04,11.96,28,2052,2,2014,,0,1,28.4,0,0.0
2014-02-05,11.96,28,2052,2,2014,,0,1,28.4,0,0.0
2014-02-06,11.96,24,2052,2,2014,,0,1,24.8,0,0.0
2014-02-07,11.96,30,2052,2,2014,,0,1,19.4,0,0.0
2014-02-08,11.96,20,2052,2,2014,,1,1,23.0,0,0.0
2014-02-09,11.96,10,2052,2,2014,Luner New Year,1,1,26.6,0,0.0
2014-02-10,11.96,20,2052,2,2014,Luner New Year,0,1,26.6,0,0.0
2014-02-11,11.96,16,2052,2,2014,Luner New Year,0,1,26.6,0,0.0
2014-02-12,11.96,16,2052,2,2014,Luner New Year,0,1,28.4,0,0.0
2014-02-13,11.96,12,2052,2,2014,Luner New Year,0,1,33.8,1,0.0
2014-02-14,11.96,20,2052,2,2014,Luner New Year,0,1,30.2,0,0.0
2014-02-15,11.96,14,2052,2,2014,Luner New Year,1,1,30.2,0,0.0
2014-02-16,11.96,12,2052,2,2014,,1,1,32.0,1,0.0
2014-02-17,11.96,26,2052,2,2014,,0,1,33.8,1,0.0
2014-02-18,11.96,30,2052,2,2014,,0,1,28.4,0,0.0
2014-02-19,11.96,28,2052,2,2014,,0,1,28.4,0,0.0
2014-02-20,11.96,28,2052,2,2014,,0,0,30.2,0,0.0
2014-02-21,11.96,22,2052,2,2014,,0,0,33.8,1,0.0
2014-02-22,11.96,18,2052,2,2014,,1,0,33.8,1,0.0
2014-02-23,11.96,16,2052,2,2014,,1,0,37.4,1,0.0
2014-02-24,11.96,24,2052,2,2014,,0,0,33.8,1,0.0
2014-02-25,11.96,26,2052,2,2014,,0,0,28.4,1,0.0
2014-02-26,11.96,22,2052,2,2014,,0,0,37.4,1,0.0
2014-02-27,11.96,24,2052,2,2014,,0,0,42.8,1,0.0
2014-02-28,11.96,26,2052,2,2014,,0,0,41.0,1,0.0
2014-03-01,11.96,12,2052,2,2014,,1,0,33.8,1,0.0
2014-03-02,11.96,18,2052,2,2014,,1,0,33.8,1,0.0
2014-03-03,11.96,24,2052,2,2014,,0,0,44.6,1,0.0
2014-03-04,11.96,24,2052,2,2014,,0,0,46.4,1,0.0
2014-03-05,11.96,24,2052,2,2014,,0,0,50.0,1,0.0
2014-03-06,11.96,18,2052,2,2014,,0,0,46.4,1,0.0
2014-03-07,11.96,26,2052,2,2014,,0,0,50.0,1,0.0
2014-03-08,11.96,14,2052,2,2014,,1,0,53.6,1,0.0
2014-03-09,11.96,16,2052,2,2014,,1,0,44.6,1,0.0
2014-03-10,11.96,26,2052,2,2014,,0,0,39.2,1,0.0
2014-03-11,11.96,20,2052,2,2014,,0,0,46.4,1,0.0
2014-03-12,11.96,26,2052,2,2014,,0,0,39.2,1,0.0
2014-03-13,11.96,22,2052,2,2014,,0,0,37.4,1,0.0
2014-03-14,11.96,26,2052,2,2014,,0,0,41.0,1,0.0
2014-03-15,11.96,16,2052,2,2014,,1,0,46.4,1,0.0
2014-03-16,11.96,12,2052,2,2014,,1,0,48.2,1,0.0
2014-03-17,11.96,22,2052,2,2014,,0,0,53.6,1,0.0
2014-03-18,11.96,18,2052,2,2014,,0,0,42.8,1,0.0
2014-03-19,11.96,20,2052,2,2014,,0,0,32.0,1,0.0
2014-03-20,11.96,18,2052,2,2014,,0,0,39.2,1,0.0
2014-03-21,11.96,18,2052,2,2014,,0,0,46.4,1,0.0
2014-03-22,11.96,20,2052,2,2014,,1,0,42.8,1,0.0
2014-03-23,11.96,14,2052,2,2014,,1,0,42.8,1,0.0
2014-03-24,11.96,26,2052,2,2014,,0,0,39.2,1,0.0
2014-03-25,11.96,20,2052,2,2014,,0,0,42.8,1,0.0
2014-03-26,11.96,24,2052,2,2014,,0,0,48.2,1,0.0
2014-03-27,11.96,18,2052,2,2014,,0,0,50.0,1,0.0
2014-03-28,11.96,24,2052,2,2014,,0,0,41.0,1,0.0
2014-03-29,11.96,16,2052,2,2014,,1,0,42.8,1,0.0
