cafe_tran_GPT.csv
CALENDAR_DATE,PRICE,QUANTITY,SELL_ID,SELL_CATEGORY,YEAR,HOLIDAY,IS_WEEKEND,IS_SCHOOLBREAK,AVERAGE_TEMPERATURE,IS_OUTDOOR,IS_LABOR_DAY
2014-03-30,11.96,20,2052,2,2014,,1,0,42.8,1,0.0
2014-03-31,11.96,26,2052,2,2014,,0,0,48.2,1,0.0
2014-04-01,11.96,20,2052,2,2014,,0,0,46.4,1,0.0
2014-04-02,11.96,24,2052,2,2014,,0,0,53.6,1,0.0
2014-04-03,11.96,22,2052,2,2014,,0,0,50.0,1,0.0
2014-04-04,11.96,16,2052,2,2014,Qing Ming Festival,0,0,48.2,1,0.0
2014-04-05,11.96,16,2052,2,2014,Qing Ming Festival,1,0,44.6,1,0.0
2014-04-06,11.96,14,2052,2,2014,Qing Ming Festival,1,0,46.4,1,0.0
2014-04-07,11.96,22,2052,2,2014,,0,0,50.0,1,0.0
2014-04-08,11.96,18,2052,2,2014,,0,0,46.4,1,0.0
2014-04-09,11.96,24,2052,2,2014,,0,0,46.4,1,0.0
2014-04-10,11.96,22,2052,2,2014,,0,0,46.4,1,0.0
2014-04-11,11.96,20,2052,2,2014,,0,0,48.2,1,0.0
2014-04-12,11.96,12,2052,2,2014,,1,0,59.0,1,0.0
2014-04-13,11.96,20,2052,2,2014,,1,0,57.2,1,0.0
2014-04-14,11.96,26,2052,2,2014,,0,0,50.0,1,0.0
2014-04-15,11.96,22,2052,2,2014,,0,0,55.4,1,0.0
2014-04-16,11.96,20,2052,2,2014,,0,0,53.6,1,0.0
2014-04-17,11.96,20,2052,2,2014,,0,0,55.4,1,0.0
2014-04-18,11.96,26,2052,2,2014,,0,0,50.0,1,0.0
2014-04-19,11.96,14,2052,2,2014,,1,0,41.0,1,0.0
2014-04-20,11.34,22,2052,2,2014,,1,0,50.0,1,0.0
2014-04-21,11.34,28,2052,2,2014,,0,0,53.6,1,0.0
2014-04-22,11.34,28,2052,2,2014,,0,0,57.2,1,0.0
2014-04-23,11.34,28,2052,2,2014,,0,0,53.6,1,0.0
2014-04-24,11.34,26,2052,2,2014,,0,0,60.8,1,0.0
2014-04-25,11.34,24,2052,2,2014,,0,0,59.0,1,0.0
2014-04-26,11.34,14,2052,2,2014,,1,0,60.8,1,0.0
2014-04-27,11.34,18,2052,2,2014,,1,0,60.8,1,0.0
2014-04-28,11.34,28,2052,2,2014,,0,0,59.0,1,0.0
2014-04-29,11.34,22,2052,2,2014,Labor Day,0,0,68.0,1,1.0
2014-04-30,11.34,22,2052,2,2014,Labor Day,0,0,64.4,1,1.0
2014-05-01,11.34,20,2052,2,2014,Labor Day,0,0,64.4,1,1.0
2014-05-02,11.34,28,2052,2,2014,,0,0,62.6,1,0.0
2014-05-03,11.34,16,2052,2,2014,,1,0,62.6,1,0.0
2014-05-04,11.34,16,2052,2,2014,,1,0,68.0,1,0.0
2014-05-05,11.34,22,2052,2,2014,,0,0,73.4,1,0.0
2014-05-06,11.34,20,2052,2,2014,,0,0,73.4,1,0.0
2014-05-07,11.34,20,2052,2,2014,,0,0,73.4,1,0.0
2014-05-08,11.34,26,2052,2,2014,,0,0,69.8,1,0.0
2014-05-09,11.34,26,2052,2,2014,,0,0,64.4,1,0.0
2014-05-10,11.34,22,2052,2,2014,,1,0,71.6,1,0.0
2014-05-11,11.34,14,2052,2,2014,,1,0,75.2,1,0.0
2014-05-12,11.34,28,2052,2,2014,,0,0,73.4,1,0.0
2014-05-13,11.34,28,2052,2,2014,,0,0,73.4,1,0.0
2014-05-14,11.34,28,2052,2,2014,,0,0,71.6,1,0.0
2014-05-15,11.34,22,2052,2,2014,,0,0,71.6,1,0.0
2014-05-16,11.34,28,2052,2,2014,,0,0,68.0,1,0.0
2014-05-17,11.34,20,2052,2,2014,,1,0,69.8,1,0.0
2014-05-18,11.34,16,2052,2,2014,,1,0,73.4,1,0.0
2014-05-19,11.34,28,2052,2,2014,,0,0,68.0,1,0.0
2014-05-20,11.34,28,2052,2,2014,,0,0,75.2,1,0.0
2014-05-21,11.34,22,2052,2,2014,,0,0,75.2,1,0.0
2014-05-22,11.34,20,2052,2,2014,,0,0,71.6,1,0.0
2014-05-23,11.34,26,2052,2,2014,,0,0,75.2,1,0.0
2014-05-24,11.34,18,2052,2,2014,,1,0,71.6,1,0.0
2014-05-25,11.34,18,2052,2,2014,,1,0,71.6,1,0.0
2014-05-26,11.34,28,2052,2,2014,,0,0,68.0,1,0.0
2014-05-27,11.34,28,2052,2,2014,,0,0,69.8,1,0.0
2014-05-28,11.34,22,2052,2,2014,,0,0,68.0,1,0.0
2014-05-29,11.34,24,2052,2,2014,,0,0,71.6,1,0.0
2014-05-30,11.34,28,2052,2,2014,,0,0,78.8,1,0.0
2014-05-31,11.34,14,2052,2,2014,,1,0,77.0,1,0.0
2014-06-01,11.34,14,2052,2,2014,,1,0,75.2,1,0.0
2014-06-02,11.34,28,2052,2,2014,,0,0,73.4,1,0.0
2014-06-03,11.34,26,2052,2,2014,,0,0,77.0,1,0.0
2014-06-04,11.34,24,2052,2,2014,,0,0,73.4,1,0.0
2014-06-05,11.34,26,2052,2,2014,,0,0,73.4,1,0.0
2014-06-06,11.34,28,2052,2,2014,,0,0,69.8,1,0.0
2014-06-07,11.34,20,2052,2,2014,,1,1,69.8,1,0.0
2014-06-08,11.34,14,2052,2,2014,,1,1,68.0,1,0.0
2014-06-09,11.34,20,2052,2,2014,,0,0,64.4,1,0.0
2014-06-10,11.34,18,2052,2,2014,Dragon Boat Festivel,0,0,68.0,1,0.0
2014-06-11,11.34,22,2052,2,2014,Dragon Boat Festivel,0,0,69.8,1,0.0
2014-06-12,11.34,14,2052,2,2014,Dragon Boat Festivel,0,0,73.4,1,0.0
2014-06-13,11.34,24,2052,2,2014,,0,0,77.0,1,0.0
2014-06-14,11.34,14,2052,2,2014,,1,0,77.0,1,0.0
2014-06-15,11.34,22,2052,2,2014,,1,0,80.6,1,0.0
2014-06-16,11.34,24,2052,2,2014,,0,0,75.2,1,0.0
2014-06-17,11.34,22,2052,2,2014,,0,0,77.0,1,0.0
2014-06-18,11.34,26,2052,2,2014,,0,0,80.6,1,0.0
2014-06-19,11.34,24,2052,2,2014,,0,0,82.4,1,0.0
2014-06-20,11.34,28,2052,2,2014,,0,0,80.6,1,0.0
2014-06-21,11.34,14,2052,2,2014,,1,0,78.8,1,0.0
2014-06-22,11.34,14,2052,2,2014,,1,0,71.6,1,0.0
2014-06-23,11.34,24,2052,2,2014,,0,0,78.8,1,0.0
2014-06-24,11.34,24,2052,2,2014,,0,0,78.8,1,0.0
2014-06-25,11.34,26,2052,2,2014,,0,0,77.0,1,0.0
2014-06-26,11.34,22,2052,2,2014,,0,0,77.0,1,0.0
2014-06-27,11.34,28,2052,2,2014,,0,0,82.4,1,0.0
2014-06-28,11.34,20,2052,2,2014,,1,1,80.6,1,0.0
2014-06-29,11.34,14,2052,2,2014,,1,1,78.8,1,0.0
2014-06-30,11.34,26,2052,2,2014,,0,1,77.0,1,0.0
2014-07-01,11.34,20,2052,2,2014,,0,1,75.2,1,0.0
2014-07-02,11.34,22,2052,2,2014,,0,1,82.4,1,0.0
2014-07-03,11.34,20,2052,2,2014,,0,1,86.0,1,0.0
2014-07-04,11.34,24,2052,2,2014,,0,1,84.2,1,0.0
2014-07-05,11.34,14,2052,2,2014,,1,1,84.2,1,0.0
2014-07-06,11.34,14,2052,2,2014,,1,1,86.0,1,0.0
2014-07-07,11.34,24,2052,2,2014,,0,1,82.4,1,0.0
2014-07-08,11.34,26,2052,2,2014,,0,1,78.8,1,0.0
2014-07-09,11.34,22,2052,2,2014,,0,1,75.2,1,0.0
2014-07-10,11.34,28,2052,2,2014,,0,1,75.2,1,0.0
2014-07-11,11.34,28,2052,2,2014,,0,1,75.2,1,0.0
2014-07-12,11.34,22,2052,2,2014,,1,1,78.8,1,0.0
2014-07-13,11.34,16,2052,2,2014,,1,1,80.6,1,0.0
2014-07-14,11.34,20,2052,2,2014,,0,1,78.8,1,0.0
2014-07-15,11.34,26,2052,2,2014,,0,1,75.2,1,0.0
2014-07-16,11.34,24,2052,2,2014,,0,1,80.6,1,0.0
2014-07-17,11.34,26,2052,2,2014,,0,1,82.4,1,0.0
2014-07-18,11.34,26,2052,2,2014,,0,1,77.0,1,0.0
2014-07-19,11.34,14,2052,2,2014,,1,1,78.8,1,0.0
2014-07-20,11.34,18,2052,2,2014,,1,1,80.6,1,0.0
2014-07-21,11.34,22,2052,2,2014,,0,1,80.6,1,0.0
2014-07-22,11.34,26,2052,2,2014,,0,1,80.6,1,0.0
2014-07-23,11.34,26,2052,2,2014,,0,1,78.8,1,0.0
2014-07-24,11.34,28,2052,2,2014,,0,1,86.0,1,0.0
2014-07-25,11.34,22,2052,2,2014,,0,1,84.2,1,0.0
2014-07-26,11.34,22,2052,2,2014,,1,1,78.8,1,0.0
2014-07-27,11.34,14,2052,2,2014,,1,1,77.0,1,0.0
2014-07-28,11.34,26,2052,2,2014,,0,1,87.8,1,0.0
2014-07-29,11.34,24,2052,2,2014,,0,1,82.4,1,0.0
2014-07-30,11.34,28,2052,2,2014,,0,1,80.6,1,0.0
2014-07-31,11.34,28,2052,2,2014,,0,1,77.0,1,0.0
2014-08-01,11.34,24,2052,2,2014,,0,1,78.8,1,0.0
2014-08-02,11.34,22,2052,2,2014,,1,1,78.8,1,0.0
2014-08-03,11.34,22,2052,2,2014,,1,1,82.4,1,0.0
2014-08-04,11.34,26,2052,2,2014,,0,1,82.4,1,0.0
2014-08-05,11.34,28,2052,2,2014,,0,1,78.8,1,0.0
2014-08-06,11.34,20,2052,2,2014,,0,1,78.8,1,0.0
2014-08-07,11.34,24,2052,2,2014,,0,1,84.2,1,0.0
2014-08-08,11.34,24,2052,2,2014,,0,1,86.0,1,0.0
2014-08-09,11.34,16,2052,2,2014,,1,1,84.2,1,0.0
2014-08-10,11.34,16,2052,2,2014,,1,1,80.6,1,0.0
2014-08-11,11.34,26,2052,2,2014,,0,1,78.8,1,0.0
2014-08-12,11.34,22,2052,2,2014,,0,1,80.6,1,0.0
2014-08-13,11.34,22,2052,2,2014,,0,1,82.4,1,0.0
2014-08-14,11.34,26,2052,2,2014,,0,1,84.2,1,0.0
2014-08-15,11.34,26,2052,2,2014,,0,1,84.2,1,0.0
2014-08-16,11.34,22,2052,2,2014,,1,1,84.2,1,0.0
2014-08-17,11.34,14,2052,2,2014,,1,1,86.0,1,0.0
2014-08-18,12.85,16,2052,2,2014,,0,1,82.4,1,0.0
2014-08-19,12.85,16,2052,2,2014,,0,1,82.4,1,0.0
2014-08-20,12.85,22,2052,2,2014,,0,1,78.8,1,0.0
2014-08-21,12.85,24,2052,2,2014,,0,1,77.0,1,0.0
2014-08-22,12.85,18,2052,2,2014,,0,1,77.0,1,0.0
2014-08-23,12.85,12,2052,2,2014,,1,1,80.6,1,0.0
2014-08-24,12.85,16,2052,2,2014,,1,1,80.6,1,0.0
2014-08-25,12.85,16,2052,2,2014,,0,1,80.6,1,0.0
2014-08-26,12.85,18,2052,2,2014,,0,1,82.4,1,0.0
2014-08-27,12.85,22,2052,2,2014,,0,1,77.0,1,0.0
2014-08-28,12.85,16,2052,2,2014,,0,1,77.0,1,0.0
2014-08-29,12.85,24,2052,2,2014,,0,1,73.4,1,0.0
2014-08-30,12.85,18,2052,2,2014,,1,1,69.8,1,0.0
2014-08-31,12.85,18,2052,2,2014,,1,1,73.4,1,0.0
2014-09-01,12.85,18,2052,2,2014,,0,0,75.2,1,0.0
2014-09-02,12.85,20,2052,2,2014,,0,0,71.6,1,0.0
2014-09-03,12.85,22,2052,2,2014,,0,0,71.6,1,0.0
2014-09-04,12.85,20,2052,2,2014,,0,0,68.0,1,0.0
2014-09-05,12.85,16,2052,2,2014,,0,0,69.8,1,0.0
2014-09-06,12.85,18,2052,2,2014,,1,0,71.6,1,0.0
2014-09-07,12.85,12,2052,2,2014,,1,0,73.4,1,0.0
2014-09-08,12.85,20,2052,2,2014,,0,0,71.6,1,0.0
2014-09-09,12.85,16,2052,2,2014,,0,0,71.6,1,0.0
2014-09-10,12.85,18,2052,2,2014,,0,0,71.6,1,0.0
2014-09-11,12.85,20,2052,2,2014,,0,0,73.4,1,0.0
2014-09-12,12.85,16,2052,2,2014,,0,0,73.4,1,0.0
2014-09-13,12.85,16,2052,2,2014,,1,0,73.4,1,0.0
2014-09-14,12.85,16,2052,2,2014,,1,0,73.4,1,0.0
2014-09-15,12.85,18,2052,2,2014,,0,0,71.6,1,0.0
2014-09-16,12.85,24,2052,2,2014,,0,0,69.8,1,0.0
2014-09-17,12.85,22,2052,2,2014,,0,0,69.8,1,0.0
2014-09-18,12.85,18,2052,2,2014,,0,0,69.8,1,0.0
2014-09-19,12.85,16,2052,2,2014,Mid-Autumn Day,0,0,69.8,1,0.0
2014-09-20,12.85,8,2052,2,2014,Mid-Autumn Day,1,0,71.6,1,0.0
2014-09-21,12.85,12,2052,2,2014,Mid-Autumn Day,1,0,71.6,1,0.0
2014-09-22,12.85,24,2052,2,2014,,0,0,69.8,1,0.0
2014-09-23,12.85,20,2052,2,2014,,0,0,62.6,1,0.0
2014-09-24,12.85,22,2052,2,2014,,0,0,60.8,1,0.0
2014-09-25,12.85,22,2052,2,2014,,0,0,62.6,1,0.0
2014-09-26,12.85,18,2052,2,2014,,0,0,66.2,1,0.0
2014-09-27,12.85,18,2052,2,2014,,1,0,66.2,1,0.0
2014-09-28,12.85,18,2052,2,2014,,1,0,64.4,1,0.0
2014-09-29,12.85,20,2052,2,2014,,0,0,64.4,1,0.0
2014-09-30,12.85,20,2052,2,2014,,0,0,66.2,1,0.0
2014-10-01,12.85,18,2052,2,2014,National Day,0,0,59.0,1,0.0
2014-10-02,12.85,14,2052,2,2014,National Day,0,0,62.6,1,0.0
2014-10-03,12.85,18,2052,2,2014,National Day,0,0,60.8,1,0.0
2014-10-04,12.85,12,2052,2,2014,National Day,1,0,64.4,1,0.0
2014-10-05,12.85,14,2052,2,2014,National Day,1,0,64.4,1,0.0
2014-10-06,12.85,14,2052,2,2014,National Day,0,0,62.6,1,0.0
2014-10-07,12.85,18,2052,2,2014,National Day,0,0,64.4,0,0.0
2014-10-08,12.85,26,2052,2,2014,,0,0,62.6,0,0.0
2014-10-09,12.85,22,2052,2,2014,,0,0,66.2,1,0.0
2014-10-10,12.85,24,2052,2,2014,,0,0,60.8,1,0.0
2014-10-11,12.85,18,2052,2,2014,,1,0,62.6,1,0.0
2014-10-12,12.85,20,2052,2,2014,,1,0,64.4,1,0.0
2014-10-13,12.85,18,2052,2,2014,,0,0,59.0,1,0.0
2014-10-14,12.85,16,2052,2,2014,,0,0,48.2,1,0.0
2014-10-15,12.85,20,2052,2,2014,,0,0,48.2,1,0.0
2014-10-16,12.85,16,2052,2,2014,,0,0,53.6,1,0.0
2014-10-17,12.85,18,2052,2,2014,,0,0,55.4,1,0.0
2014-10-18,12.85,18,2052,2,2014,,1,0,55.4,1,0.0
2014-10-19,12.85,14,2052,2,2014,,1,0,51.8,1,0.0
2014-10-20,12.85,16,2052,2,2014,,0,0,55.4,1,0.0
2014-10-21,12.85,20,2052,2,2014,,0,0,53.6,1,0.0
2014-10-22,12.85,20,2052,2,2014,,0,0,50.0,1,0.0
2014-10-23,12.85,16,2052,2,2014,,0,0,48.2,1,0.0
2014-10-24,12.85,20,2052,2,2014,,0,0,50.0,1,0.0
2014-10-25,12.85,18,2052,2,2014,,1,0,51.8,1,0.0
2014-10-26,12.85,20,2052,2,2014,,1,0,53.6,1,0.0
2014-10-27,12.85,18,2052,2,2014,,0,0,53.6,1,0.0
2014-10-28,12.85,22,2052,2,2014,,0,0,51.8,1,0.0
2014-10-29,12.85,22,2052,2,2014,,0,0,48.2,1,0.0
2014-10-30,12.85,16,2052,2,2014,,0,0,50.0,1,0.0
2014-10-31,12.85,16,2052,2,2014,,0,0,48.2,1,0.0
2014-11-01,12.85,18,2052,2,2014,,1,0,46.4,1,0.0
2014-11-02,12.85,18,2052,2,2014,,1,0,51.8,1,0.0
2014-11-03,12.85,16,2052,2,2014,,0,0,50.0,1,0.0
2014-11-04,12.85,20,2052,2,2014,,0,0,51.8,1,0.0
2014-11-05,12.85,22,2052,2,2014,,0,0,50.0,1,0.0
2014-11-06,12.85,22,2052,2,2014,,0,0,50.0,1,0.0
2014-11-07,12.85,24,2052,2,2014,,0,0,48.2,1,0.0
2014-11-08,12.85,18,2052,2,2014,,1,0,48.2,1,0.0
2014-11-09,12.85,12,2052,2,2014,,1,0,46.4,1,0.0
2014-11-10,12.85,18,2052,2,2014,,0,0,42.8,1,0.0
2014-11-11,12.85,20,2052,2,2014,,0,0,44.6,1,0.0
2014-11-12,12.85,24,2052,2,2014,,0,0,44.6,1,0.0
2014-11-13,12.85,20,2052,2,2014,,0,0,46.4,1,0.0
2014-11-14,12.85,18,2052,2,2014,,0,0,44.6,1,0.0
2014-11-15,12.85,16,2052,2,2014,,1,0,48.2,1,0.0
2014-11-16,12.85,12,2052,2,2014,,1,0,42.8,1,0.0
2014-11-17,12.85,16,2052,2,2014,,0,0,39.2,1,0.0
2014-11-18,12.85,22,2052,2,2014,,0,0,39.2,1,0.0
2014-11-19,12.85,24,2052,2,2014,,0,0,39.2,1,0.0
2014-11-20,12.85,22,2052,2,2014,,0,0,39.2,1,0.0
2014-11-21,12.85,22,2052,2,2014,,0,0,39.2,1,0.0
2014-11-22,12.85,16,2052,2,2014,,1,0,41.0,1,0.0
2014-11-23,12.85,14,2052,2,2014,,1,0,44.6,1,0.0
2014-11-24,12.85,24,2052,2,2014,,0,0,39.2,1,0.0
2014-11-25,12.85,20,2052,2,2014,,0,0,35.6,1,0.0
2014-11-26,12.85,16,2052,2,2014,,0,0,33.8,1,0.0
2014-11-27,12.85,20,2052,2,2014,,0,0,28.4,1,0.0
2014-11-28,12.85,24,2052,2,2014,,0,0,33.8,1,0.0
2014-11-29,12.85,16,2052,2,2014,,1,0,41.0,1,0.0
2014-11-30,12.85,16,2052,2,2014,,1,0,37.4,1,0.0
2014-12-01,12.85,24,2052,2,2014,,0,0,39.2,1,0.0
2014-12-02,12.85,18,2052,2,2014,,0,0,41.0,1,0.0
2014-12-03,12.85,18,2052,2,2014,,0,0,42.8,1,0.0
2014-12-04,12.85,24,2052,2,2014,,0,0,42.8,1,0.0
2014-12-05,12.85,24,2052,2,2014,,0,0,39.2,1,0.0
2014-12-06,12.85,16,2052,2,2014,,1,0,39.2,1,0.0
2014-12-07,12.85,12,2052,2,2014,,1,0,39.2,1,0.0
2014-12-08,12.85,16,2052,2,2014,,0,0,39.2,1,0.0
2014-12-09,12.85,18,2052,2,2014,,0,0,33.8,1,0.0
2014-12-10,12.85,24,2052,2,2014,,0,0,33.8,1,0.0
2014-12-11,12.85,16,2052,2,2014,,0,0,33.8,1,0.0
2014-12-12,12.85,24,2052,2,2014,,0,0,30.2,0,0.0
2014-12-13,12.85,12,2052,2,2014,,1,0,32.0,1,0.0
2014-12-14,12.85,16,2052,2,2014,,1,0,32.0,0,0.0
2014-12-15,12.85,20,2052,2,2014,,0,0,32.0,1,0.0
2014-12-16,11.45,26,2052,2,2014,,0,0,30.2,1,0.0
2014-12-17,11.45,30,2052,2,2014,,0,0,28.4,0,0.0
2014-12-18,11.45,28,2052,2,2014,,0,0,28.4,0,0.0
2014-12-19,11.45,26,2052,2,2014,,0,0,26.6,0,0.0
2014-12-20,11.45,20,2052,2,2014,,1,0,28.4,0,0.0
2014-12-21,11.45,20,2052,2,2014,,1,0,28.4,0,0.0
2014-12-22,11.45,26,2052,2,2014,,0,0,30.2,0,0.0
2014-12-23,11.45,24,2052,2,2014,,0,0,30.2,0,0.0
2014-12-24,11.45,30,2052,2,2014,,0,0,30.2,0,0.0
2014-12-25,11.45,26,2052,2,2014,,0,0,32.0,1,0.0
2014-12-26,11.45,28,2052,2,2014,,0,0,26.6,0,0.0
2014-12-27,11.45,20,2052,2,2014,,1,0,28.4,0,0.0
2014-12-28,11.45,22,2052,2,2014,,1,0,28.4,0,0.0
2014-12-29,11.45,22,2052,2,2014,,0,0,32.0,0,0.0
2014-12-30,11.45,22,2052,2,2014,,0,0,33.8,1,0.0
2014-12-31,11.45,24,2052,2,2014,,0,0,35.6,1,0.0
2015-01-01,11.45,20,2052,2,2015,New Year,0,0,37.4,1,0.0
2015-01-02,11.45,22,2052,2,2015,,0,0,37.4,1,0.0
2015-01-03,11.45,16,2052,2,2015,,1,0,35.6,1,0.0
2015-01-04,11.45,14,2052,2,2015,,1,0,32.0,1,0.0
2015-01-05,11.45,22,2052,2,2015,,0,0,33.8,1,0.0
2015-01-06,11.45,22,2052,2,2015,,0,0,32.0,1,0.0
2015-01-07,11.45,20,2052,2,2015,,0,0,32.0,1,0.0
2015-01-08,11.45,30,2052,2,2015,,0,0,24.8,0,0.0
2015-01-09,11.45,26,2052,2,2015,,0,0,24.8,0,0.0
2015-01-10,11.45,20,2052,2,2015,,1,0,28.4,0,0.0
2015-01-11,11.45,22,2052,2,2015,,1,0,32.0,1,0.0
2015-01-12,11.45,28,2052,2,2015,,0,0,26.6,0,0.0
2015-01-13,11.45,28,2052,2,2015,,0,0,28.4,0,0.0
2015-01-14,11.45,30,2052,2,2015,,0,0,30.2,0,0.0
2015-01-15,11.45,28,2052,2,2015,,0,0,32.0,1,0.0
2015-01-16,11.45,22,2052,2,2015,,0,0,32.0,1,0.0
2015-01-17,11.45,22,2052,2,2015,,1,0,30.2,0,0.0
2015-01-18,11.45,22,2052,2,2015,,1,0,33.8,1,0.0
2015-01-19,11.45,22,2052,2,2015,,0,1,33.8,1,0.0
2015-01-20,11.45,28,2052,2,2015,,0,1,30.2,1,0.0
2015-01-21,11.45,30,2052,2,2015,,0,1,32.0,0,0.0
2015-01-22,11.45,24,2052,2,2015,,0,1,32.0,1,0.0
2015-01-23,11.45,22,2052,2,2015,,0,1,32.0,1,0.0
2015-01-24,11.45,20,2052,2,2015,,1,1,35.6,1,0.0
2015-01-25,11.45,18,2052,2,2015,,1,1,33.8,1,0.0
2015-01-26,11.45,20,2052,2,2015,,0,1,32.0,1,0.0
2015-01-27,11.45,22,2052,2,2015,,0,1,35.6,1,0.0
2015-01-28,11.45,20,2052,2,2015,,0,1,32.0,1,0.0
2015-01-29,11.45,20,2052,2,2015,,0,1,33.8,1,0.0
2015-01-30,11.45,26,2052,2,2015,,0,1,33.8,1,0.0
2015-01-31,11.45,16,2052,2,2015,Luner New Year,1,1,33.8,1,0.0
2015-02-01,11.45,14,2052,2,2015,Luner New Year,1,1,35.6,1,0.0
2015-02-02,11.45,16,2052,2,2015,Luner New Year,0,1,35.6,1,0.0
2015-02-03,11.45,18,2052,2,2015,Luner New Year,0,1,26.6,0,0.0
2015-02-04,11.45,16,2052,2,2015,Luner New Year,0,1,26.6,0,0.0
2015-02-05,11.45,22,2052,2,2015,Luner New Year,0,1,28.4,1,0.0
2015-02-06,11.45,18,2052,2,2015,Luner New Year,0,1,28.4,1,0.0
2015-02-07,11.45,16,2052,2,2015,,1,1,26.6,1,0.0
2015-02-08,11.45,20,2052,2,2015,,1,1,24.8,0,0.0
2015-02-09,11.45,24,2052,2,2015,,0,1,21.2,0,0.0
2015-02-10,11.45,24,2052,2,2015,,0,1,23.0,0,0.0
2015-02-11,11.45,30,2052,2,2015,,0,1,24.8,0,0.0
2015-02-12,11.45,28,2052,2,2015,,0,1,28.4,0,0.0
2015-02-13,11.45,24,2052,2,2015,,0,1,26.6,0,0.0
2015-02-14,11.45,18,2052,2,2015,,1,1,30.2,1,0.0
2015-02-15,11.45,22,2052,2,2015,,1,1,32.0,1,0.0
2015-02-16,11.45,22,2052,2,2015,,0,1,32.0,1,0.0
2015-02-17,11.45,24,2052,2,2015,,0,0,32.0,1,0.0
2015-02-18,11.45,24,2052,2,2015,,0,0,30.2,1,0.0
2015-02-19,11.45,22,2052,2,2015,,0,0,32.0,1,0.0
2015-02-20,11.45,22,2052,2,2015,,0,0,32.0,1,0.0
2015-02-21,11.45,22,2052,2,2015,,1,0,32.0,1,0.0
2015-02-22,11.45,18,2052,2,2015,,1,0,35.6,1,0.0
2015-02-23,11.45,20,2052,2,2015,,0,0,33.8,1,0.0
2015-02-24,11.45,28,2052,2,2015,,0,0,39.2,1,0.0
2015-02-25,11.45,28,2052,2,2015,,0,0,41.0,1,0.0
2015-02-26,11.45,22,2052,2,2015,,0,0,41.0,1,0.0
2015-02-27,11.45,24,2052,2,2015,,0,0,37.4,1,0.0
2015-02-28,11.45,18,2052,2,2015,,1,0,33.8,1,0.0
2015-03-01,11.45,16,2052,2,2015,,1,0,39.2,1,0.0
2015-03-02,11.45,20,2052,2,2015,,0,0,39.2,1,0.0
2015-03-03,11.45,22,2052,2,2015,,0,0,37.4,1,0.0
2015-03-04,11.45,22,2052,2,2015,,0,0,35.6,1,0.0
2015-03-05,11.45,26,2052,2,2015,,0,0,37.4,1,0.0
2015-03-06,11.45,24,2052,2,2015,,0,0,35.6,1,0.0
2015-03-07,11.45,22,2052,2,2015,,1,0,37.4,1,0.0
2015-03-08,11.45,20,2052,2,2015,,1,0,37.4,1,0.0
2015-03-09,11.45,24,2052,2,2015,,0,0,39.2,1,0.0
2015-03-10,11.45,24,2052,2,2015,,0,0,42.8,1,0.0
2015-03-11,11.45,28,2052,2,2015,,0,0,44.6,1,0.0
2015-03-12,11.45,28,2052,2,2015,,0,0,39.2,1,0.0
2015-03-13,11.45,22,2052,2,2015,,0,0,46.4,1,0.0
2015-03-14,11.45,20,2052,2,2015,,1,0,48.2,1,0.0
2015-03-15,11.45,20,2052,2,2015,,1,0,53.6,1,0.0
2015-03-16,11.45,22,2052,2,2015,,0,0,51.8,1,0.0
2015-03-17,11.45,22,2052,2,2015,,0,0,53.6,1,0.0
2015-03-18,11.45,22,2052,2,2015,,0,0,51.8,1,0.0
2015-03-19,11.45,28,2052,2,2015,,0,0,46.4,1,0.0
2015-03-20,11.45,20,2052,2,2015,,0,0,50.0,1,0.0
2015-03-21,11.45,18,2052,2,2015,,1,0,53.6,1,0.0
2015-03-22,11.45,16,2052,2,2015,,1,0,57.2,1,0.0
2015-03-23,11.45,24,2052,2,2015,,0,0,55.4,1,0.0
2015-03-24,11.45,22,2052,2,2015,,0,0,59.0,1,0.0
2015-03-25,11.45,26,2052,2,2015,,0,0,60.8,1,0.0
2015-03-26,11.45,22,2052,2,2015,,0,0,60.8,1,0.0
2015-03-27,11.45,22,2052,2,2015,,0,0,62.6,1,0.0
2015-03-28,11.45,14,2052,2,2015,,1,0,60.8,1,0.0
