cafe_tran_GPT.csv
CALENDAR_DATE,PRICE,QUANTITY,SELL_ID,SELL_CATEGORY,YEAR,HOLIDAY,IS_WEEKEND,IS_SCHOOLBREAK,AVERAGE_TEMPERATURE,IS_OUTDOOR,IS_LABOR_DAY
2015-03-29,11.45,22,2052,2,2015,,1,0,59.0,1,0.0
2015-03-30,11.45,26,2052,2,2015,,0,0,62.6,1,0.0
2015-03-31,11.45,28,2052,2,2015,,0,0,57.2,1,0.0
2015-04-01,11.45,20,2052,2,2015,,0,0,62.6,1,0.0
2015-04-02,11.45,26,2052,2,2015,,0,0,60.8,1,0.0
2015-04-03,11.45,28,2052,2,2015,,0,0,55.4,1,0.0
2015-04-04,11.45,16,2052,2,2015,,1,0,60.8,1,0.0
2015-04-05,11.45,10,2052,2,2015,Qing Ming Festival,1,0,55.4,1,0.0
2015-04-06,11.45,20,2052,2,2015,Qing Ming Festival,0,0,62.6,1,0.0
2015-04-07,11.45,22,2052,2,2015,Qing Ming Festival,0,0,64.4,1,0.0
2015-04-08,11.45,26,2052,2,2015,,0,0,64.4,1,0.0
2015-04-09,11.45,26,2052,2,2015,,0,0,66.2,1,0.0
2015-04-10,11.45,24,2052,2,2015,,0,0,57.2,1,0.0
2015-04-11,11.45,22,2052,2,2015,,1,0,57.2,1,0.0
2015-04-12,11.45,16,2052,2,2015,,1,0,59.0,1,0.0
2015-04-13,11.45,20,2052,2,2015,,0,0,62.6,1,0.0
2015-04-14,11.45,20,2052,2,2015,,0,0,66.2,1,0.0
2015-04-15,12.26,26,2052,2,2015,,0,0,64.4,1,0.0
2015-04-16,12.26,20,2052,2,2015,,0,0,60.8,1,0.0
2015-04-17,12.26,20,2052,2,2015,,0,0,57.2,1,0.0
2015-04-18,12.26,20,2052,2,2015,,1,0,60.8,1,0.0
2015-04-19,12.26,14,2052,2,2015,,1,0,53.6,1,0.0
2015-04-20,12.26,24,2052,2,2015,,0,0,60.8,1,0.0
2015-04-21,12.26,22,2052,2,2015,,0,0,62.6,1,0.0
2015-04-22,12.26,22,2052,2,2015,,0,0,68.0,1,0.0
2015-04-23,12.26,18,2052,2,2015,,0,0,69.8,1,0.0
2015-04-24,12.26,24,2052,2,2015,,0,0,66.2,1,0.0
2015-04-25,12.26,20,2052,2,2015,,1,0,64.4,1,0.0
2015-04-26,12.26,12,2052,2,2015,,1,0,60.8,1,0.0
2015-04-27,12.26,22,2052,2,2015,,0,0,64.4,1,0.0
2015-04-28,12.26,18,2052,2,2015,,0,0,64.4,1,0.0
2015-04-29,12.26,22,2052,2,2015,,0,0,68.0,1,0.0
2015-04-30,12.26,24,2052,2,2015,,0,0,71.6,1,0.0
2015-05-01,12.26,18,2052,2,2015,Labor Day,0,0,68.0,1,1.0
2015-05-02,12.26,14,2052,2,2015,Labor Day,1,0,62.6,1,1.0
2015-05-03,12.26,8,2052,2,2015,Labor Day,1,0,62.6,1,1.0
2015-05-04,12.26,26,2052,2,2015,,0,0,55.4,1,0.0
2015-05-05,12.26,18,2052,2,2015,,0,0,57.2,1,0.0
2015-05-06,12.26,20,2052,2,2015,,0,0,59.0,1,0.0
2015-05-07,12.26,20,2052,2,2015,,0,0,64.4,1,0.0
2015-05-08,12.26,20,2052,2,2015,,0,0,64.4,1,0.0
2015-05-09,12.26,14,2052,2,2015,,1,0,62.6,1,0.0
2015-05-10,12.26,18,2052,2,2015,,1,0,59.0,1,0.0
2015-05-11,12.26,22,2052,2,2015,,0,0,51.8,1,0.0
2015-05-12,12.26,24,2052,2,2015,,0,0,71.6,1,0.0
2015-05-13,12.26,26,2052,2,2015,,0,0,73.4,1,0.0
2015-05-14,12.26,22,2052,2,2015,,0,0,62.6,1,0.0
2015-05-15,12.26,22,2052,2,2015,,0,0,71.6,1,0.0
2015-05-16,12.26,14,2052,2,2015,,1,0,69.8,1,0.0
2015-05-17,12.26,12,2052,2,2015,,1,0,71.6,1,0.0
2015-05-18,12.26,18,2052,2,2015,,0,0,75.2,1,0.0
2015-05-19,12.26,22,2052,2,2015,,0,0,75.2,1,0.0
2015-05-20,12.26,26,2052,2,2015,,0,0,75.2,1,0.0
2015-05-21,12.26,26,2052,2,2015,,0,0,77.0,1,0.0
2015-05-22,12.26,20,2052,2,2015,,0,0,82.4,1,0.0
2015-05-23,12.26,16,2052,2,2015,,1,0,78.8,1,0.0
2015-05-24,12.26,18,2052,2,2015,,1,0,71.6,1,0.0
2015-05-25,12.26,18,2052,2,2015,,0,0,73.4,1,0.0
2015-05-26,12.26,22,2052,2,2015,,0,0,80.6,1,0.0
2015-05-27,12.26,24,2052,2,2015,,0,0,78.8,1,0.0
2015-05-28,12.26,18,2052,2,2015,,0,0,84.2,1,0.0
2015-05-29,12.26,26,2052,2,2015,,0,0,86.0,1,0.0
2015-05-30,12.26,12,2052,2,2015,,1,0,84.2,1,0.0
2015-05-31,12.26,8,2052,2,2015,Dragon Boat Festivel,1,0,84.2,1,0.0
2015-06-01,12.26,20,2052,2,2015,Dragon Boat Festivel,0,0,75.2,1,0.0
2015-06-02,12.26,18,2052,2,2015,Dragon Boat Festivel,0,0,71.6,1,0.0
2015-06-03,12.26,20,2052,2,2015,,0,0,78.8,1,0.0
2015-06-04,12.26,22,2052,2,2015,,0,0,78.8,1,0.0
2015-06-05,12.26,22,2052,2,2015,,0,0,82.4,1,0.0
2015-06-06,12.26,14,2052,2,2015,,1,0,71.6,1,0.0
2015-06-07,12.26,16,2052,2,2015,,1,1,75.2,1,0.0
2015-06-08,12.26,26,2052,2,2015,,0,1,73.4,1,0.0
2015-06-09,12.26,26,2052,2,2015,,0,0,75.2,1,0.0
2015-06-10,12.26,24,2052,2,2015,,0,0,73.4,1,0.0
2015-06-11,12.26,18,2052,2,2015,,0,0,73.4,1,0.0
2015-06-12,12.26,18,2052,2,2015,,0,0,80.6,1,0.0
2015-06-13,12.26,14,2052,2,2015,,1,0,78.8,1,0.0
2015-06-14,12.26,18,2052,2,2015,,1,0,80.6,1,0.0
2015-06-15,12.26,22,2052,2,2015,,0,0,82.4,1,0.0
2015-06-16,12.26,26,2052,2,2015,,0,0,77.0,1,0.0
2015-06-17,12.26,20,2052,2,2015,,0,0,75.2,1,0.0
2015-06-18,12.26,24,2052,2,2015,,0,0,77.0,1,0.0
2015-06-19,12.26,22,2052,2,2015,,0,0,73.4,1,0.0
2015-06-20,12.26,18,2052,2,2015,,1,0,73.4,1,0.0
2015-06-21,12.26,20,2052,2,2015,,1,0,73.4,1,0.0
2015-06-22,12.26,20,2052,2,2015,,0,0,73.4,1,0.0
2015-06-23,12.26,18,2052,2,2015,,0,0,78.8,1,0.0
2015-06-24,12.26,22,2052,2,2015,,0,0,80.6,1,0.0
2015-06-25,12.26,22,2052,2,2015,,0,0,75.2,1,0.0
2015-06-26,12.26,24,2052,2,2015,,0,0,80.6,1,0.0
2015-06-27,12.26,20,2052,2,2015,,1,0,82.4,1,0.0
2015-06-28,12.26,12,2052,2,2015,,1,0,84.2,1,0.0
2015-06-29,12.26,24,2052,2,2015,,0,0,84.2,1,0.0
2015-06-30,12.26,24,2052,2,2015,,0,1,82.4,1,0.0
2015-07-01,12.26,26,2052,2,2015,,0,1,78.8,1,0.0
2015-07-02,12.26,20,2052,2,2015,,0,1,75.2,1,0.0
2015-07-03,12.26,20,2052,2,2015,,0,1,78.8,1,0.0
2015-07-04,12.26,16,2052,2,2015,,1,1,80.6,1,0.0
2015-07-05,12.26,16,2052,2,2015,,1,1,80.6,1,0.0
2015-07-06,12.26,26,2052,2,2015,,0,1,80.6,1,0.0
2015-07-07,12.26,24,2052,2,2015,,0,1,82.4,1,0.0
2015-07-08,12.26,24,2052,2,2015,,0,1,82.4,1,0.0
2015-07-09,12.26,20,2052,2,2015,,0,1,80.6,1,0.0
2015-07-10,12.26,24,2052,2,2015,,0,1,86.0,1,0.0
2015-07-11,12.26,14,2052,2,2015,,1,1,84.2,1,0.0
2015-07-12,12.26,16,2052,2,2015,,1,1,82.4,1,0.0
2015-07-13,12.26,20,2052,2,2015,,0,1,84.2,1,0.0
2015-07-14,12.26,18,2052,2,2015,,0,1,84.2,1,0.0
2015-07-15,12.26,26,2052,2,2015,,0,1,84.2,1,0.0
2015-07-16,12.26,18,2052,2,2015,,0,1,80.6,1,0.0
2015-07-17,12.26,22,2052,2,2015,,0,1,80.6,1,0.0
2015-07-18,12.26,20,2052,2,2015,,1,1,86.0,1,0.0
2015-07-19,12.26,16,2052,2,2015,,1,1,87.8,1,0.0
2015-07-20,12.26,26,2052,2,2015,,0,1,87.8,1,0.0
2015-07-21,12.26,22,2052,2,2015,,0,1,84.2,1,0.0
2015-07-22,12.26,18,2052,2,2015,,0,1,80.6,1,0.0
2015-07-23,12.26,24,2052,2,2015,,0,1,82.4,1,0.0
2015-07-24,12.26,20,2052,2,2015,,0,1,80.6,1,0.0
2015-07-25,12.26,14,2052,2,2015,,1,1,82.4,1,0.0
2015-07-26,12.26,20,2052,2,2015,,1,1,86.0,1,0.0
2015-07-27,12.26,26,2052,2,2015,,0,1,84.2,1,0.0
2015-07-28,12.26,26,2052,2,2015,,0,1,84.2,1,0.0
2015-07-29,12.26,22,2052,2,2015,,0,1,80.6,1,0.0
2015-07-30,12.26,24,2052,2,2015,,0,1,78.8,1,0.0
2015-07-31,12.26,18,2052,2,2015,,0,1,82.4,1,0.0
2015-08-01,12.26,14,2052,2,2015,,1,1,82.4,1,0.0
2015-08-02,12.26,12,2052,2,2015,,1,1,84.2,1,0.0
2015-08-03,12.26,20,2052,2,2015,,0,1,84.2,1,0.0
2015-08-04,12.26,18,2052,2,2015,,0,1,77.0,1,0.0
2015-08-05,12.26,22,2052,2,2015,,0,1,78.8,1,0.0
2015-08-06,12.26,20,2052,2,2015,,0,1,80.6,1,0.0
2015-08-07,12.26,24,2052,2,2015,,0,1,78.8,1,0.0
2015-08-08,12.26,16,2052,2,2015,,1,1,78.8,1,0.0
2015-08-09,12.26,14,2052,2,2015,,1,1,78.8,1,0.0
2015-08-10,12.26,20,2052,2,2015,,0,1,80.6,1,0.0
2015-08-11,12.26,24,2052,2,2015,,0,1,80.6,1,0.0
2015-08-12,12.26,18,2052,2,2015,,0,1,77.0,1,0.0
2015-08-13,11.5,18,2052,2,2015,,0,1,69.8,1,0.0
2015-08-14,11.5,18,2052,2,2015,,0,1,77.0,1,0.0
2015-08-15,11.5,20,2052,2,2015,,1,1,78.8,1,0.0
2015-08-16,11.5,22,2052,2,2015,,1,1,80.6,1,0.0
2015-08-17,11.5,22,2052,2,2015,,0,1,77.0,1,0.0
2015-08-18,11.5,24,2052,2,2015,,0,1,77.0,1,0.0
2015-08-19,11.5,20,2052,2,2015,,0,1,80.6,1,0.0
2015-08-20,11.5,24,2052,2,2015,,0,1,82.4,1,0.0
2015-08-21,11.5,26,2052,2,2015,,0,1,80.6,1,0.0
2015-08-22,11.5,18,2052,2,2015,,1,1,78.8,1,0.0
2015-08-23,11.5,18,2052,2,2015,,1,1,78.8,1,0.0
2015-08-24,11.5,18,2052,2,2015,,0,1,77.0,1,0.0
2015-08-25,11.5,26,2052,2,2015,,0,1,77.0,1,0.0
2015-08-26,11.5,26,2052,2,2015,,0,1,78.8,1,0.0
2015-08-27,11.5,22,2052,2,2015,,0,1,80.6,1,0.0
2015-08-28,11.5,18,2052,2,2015,,0,1,73.4,1,0.0
2015-08-29,11.5,20,2052,2,2015,,1,1,73.4,1,0.0
2015-08-30,11.5,16,2052,2,2015,,1,1,73.4,1,0.0
2015-08-31,11.5,26,2052,2,2015,,0,1,73.4,1,0.0
2015-09-01,11.5,20,2052,2,2015,,0,0,71.6,1,0.0
2015-09-02,11.5,24,2052,2,2015,,0,0,68.0,1,0.0
2015-09-03,11.5,16,2052,2,2015,WWII Celebration,0,0,73.4,1,0.0
2015-09-04,11.5,14,2052,2,2015,WWII Celebration,0,0,77.0,1,0.0
2015-09-05,11.5,20,2052,2,2015,WWII Celebration,1,0,75.2,1,0.0
2015-09-06,11.5,26,2052,2,2015,,1,0,75.2,1,0.0
2015-09-07,11.5,20,2052,2,2015,,0,0,77.0,1,0.0
2015-09-08,11.5,26,2052,2,2015,,0,0,73.4,1,0.0
2015-09-09,11.5,18,2052,2,2015,,0,0,71.6,1,0.0
2015-09-10,11.5,18,2052,2,2015,,0,0,73.4,1,0.0
2012-01-01,12.6,30,2053,2,2012,New Year,1,0,24.8,0,0.0
2012-01-02,12.6,34,2053,2,2012,New Year,0,0,24.8,0,0.0
2012-01-03,12.6,28,2053,2,2012,New Year,0,0,32.0,1,0.0
2012-01-04,12.6,42,2053,2,2012,,0,0,32.0,1,0.0
2012-01-05,12.6,58,2053,2,2012,,0,0,24.8,0,0.0
2012-01-06,12.6,54,2053,2,2012,,0,0,23.0,0,0.0
2012-01-07,12.6,42,2053,2,2012,,1,0,26.6,0,0.0
2012-01-08,12.6,42,2053,2,2012,,1,0,26.6,0,0.0
2012-01-09,12.6,54,2053,2,2012,,0,0,23.0,0,0.0
2012-01-10,12.6,58,2053,2,2012,,0,0,24.8,0,0.0
2012-01-11,12.6,52,2053,2,2012,,0,0,21.2,0,0.0
2012-01-12,12.6,60,2053,2,2012,,0,0,24.8,0,0.0
2012-01-13,12.6,58,2053,2,2012,,0,0,26.6,0,0.0
2012-01-14,12.6,42,2053,2,2012,,1,0,23.0,0,0.0
2012-01-15,12.6,32,2053,2,2012,,1,0,32.0,1,0.0
2012-01-16,12.6,56,2053,2,2012,,0,0,23.0,0,0.0
2012-01-17,12.6,54,2053,2,2012,,0,0,23.0,0,0.0
2012-01-18,12.6,58,2053,2,2012,,0,0,23.0,0,0.0
2012-01-19,12.6,54,2053,2,2012,,0,0,24.8,0,0.0
2012-01-20,12.6,58,2053,2,2012,,0,0,26.6,0,0.0
2012-01-21,12.6,40,2053,2,2012,,1,0,26.6,0,0.0
2012-01-22,12.6,34,2053,2,2012,,1,0,24.8,0,0.0
2012-01-23,12.6,52,2053,2,2012,,0,0,23.0,0,0.0
2012-01-24,12.6,56,2053,2,2012,,0,0,24.8,0,0.0
2012-01-25,12.6,60,2053,2,2012,,0,0,23.0,0,0.0
2012-01-26,12.6,52,2053,2,2012,,0,0,24.8,0,0.0
2012-01-27,12.6,46,2053,2,2012,,0,0,32.0,1,0.0
2012-01-28,12.6,34,2053,2,2012,,1,0,32.0,1,0.0
2012-01-29,12.6,38,2053,2,2012,,1,0,23.0,0,0.0
2012-01-30,12.6,52,2053,2,2012,,0,0,28.4,0,0.0
2012-01-31,12.6,42,2053,2,2012,,0,0,32.0,1,0.0
2012-02-01,12.6,48,2053,2,2012,,0,0,32.0,1,0.0
2012-02-02,12.6,34,2053,2,2012,Luner New Year,0,0,32.0,1,0.0
2012-02-03,12.6,32,2053,2,2012,Luner New Year,0,0,32.0,1,0.0
2012-02-04,12.6,20,2053,2,2012,Luner New Year,1,0,32.0,1,0.0
2012-02-05,12.6,28,2053,2,2012,Luner New Year,1,0,32.0,1,0.0
2012-02-06,12.6,32,2053,2,2012,Luner New Year,0,0,32.0,1,0.0
2012-02-07,12.6,30,2053,2,2012,Luner New Year,0,0,32.0,1,0.0
2012-02-08,12.6,30,2053,2,2012,Luner New Year,0,0,32.0,1,0.0
2012-02-09,12.6,42,2053,2,2012,,0,0,32.0,1,0.0
2012-02-10,12.6,44,2053,2,2012,,0,0,32.0,1,0.0
2012-02-11,12.6,40,2053,2,2012,,1,0,24.8,0,0.0
2012-02-12,12.6,34,2053,2,2012,,1,0,24.8,0,0.0
2012-02-13,12.6,46,2053,2,2012,,0,0,32.0,1,0.0
2012-02-14,12.6,44,2053,2,2012,,0,0,32.0,1,0.0
2012-02-15,12.6,48,2053,2,2012,,0,0,32.0,1,0.0
2012-02-16,12.6,42,2053,2,2012,,0,0,32.0,1,0.0
2012-02-17,12.6,42,2053,2,2012,,0,0,32.0,1,0.0
2012-02-18,12.6,30,2053,2,2012,,1,0,32.0,1,0.0
2012-02-19,12.6,28,2053,2,2012,,1,0,37.4,1,0.0
2012-02-20,12.6,44,2053,2,2012,,0,0,37.4,1,0.0
2012-02-21,12.6,44,2053,2,2012,,0,0,39.2,1,0.0
2012-02-22,12.6,44,2053,2,2012,,0,0,39.2,1,0.0
2012-02-23,12.6,46,2053,2,2012,,0,0,42.8,1,0.0
2012-02-24,12.6,46,2053,2,2012,,0,0,39.2,1,0.0
2012-02-25,12.6,36,2053,2,2012,,1,0,37.4,1,0.0
2012-02-26,12.6,30,2053,2,2012,,1,0,32.0,1,0.0
2012-02-27,12.6,50,2053,2,2012,,0,0,30.2,1,0.0
2012-02-28,12.6,42,2053,2,2012,,0,0,33.8,1,0.0
2012-03-01,12.6,50,2053,2,2012,,0,0,33.8,1,0.0
2012-03-02,12.6,46,2053,2,2012,,0,0,35.6,1,0.0
2012-03-03,12.6,30,2053,2,2012,,1,0,35.6,1,0.0
2012-03-04,12.6,28,2053,2,2012,,1,0,41.0,1,0.0
2012-03-05,12.6,46,2053,2,2012,,0,0,44.6,1,0.0
2012-03-06,12.6,44,2053,2,2012,,0,0,39.2,1,0.0
2012-03-07,12.6,44,2053,2,2012,,0,0,39.2,1,0.0
2012-03-08,12.6,42,2053,2,2012,,0,0,39.2,1,0.0
2012-03-09,12.6,44,2053,2,2012,,0,0,41.0,1,0.0
2012-03-10,12.6,28,2053,2,2012,,1,0,46.4,1,0.0
2012-03-11,12.6,34,2053,2,2012,,1,0,50.0,1,0.0
2012-03-12,12.6,50,2053,2,2012,,0,0,55.4,1,0.0
2012-03-13,12.6,44,2053,2,2012,,0,0,50.0,1,0.0
2012-03-14,12.6,42,2053,2,2012,,0,0,41.0,1,0.0
2012-03-15,12.6,46,2053,2,2012,,0,0,37.4,1,0.0
2012-03-16,12.6,46,2053,2,2012,,0,0,42.8,1,0.0
2012-03-17,12.6,28,2053,2,2012,,1,0,50.0,1,0.0
2012-03-18,12.6,30,2053,2,2012,,1,0,44.6,1,0.0
2012-03-19,12.6,50,2053,2,2012,,0,0,46.4,1,0.0
2012-03-20,12.6,42,2053,2,2012,,0,0,44.6,1,0.0
2012-03-21,12.6,42,2053,2,2012,,0,0,37.4,1,0.0
2012-03-22,12.6,44,2053,2,2012,,0,0,39.2,1,0.0
2012-03-23,12.6,46,2053,2,2012,,0,0,42.8,1,0.0
2012-03-24,12.6,32,2053,2,2012,,1,0,42.8,1,0.0
2012-03-25,12.6,32,2053,2,2012,,1,0,42.8,1,0.0
2012-03-26,12.6,50,2053,2,2012,,0,0,46.4,1,0.0
2012-03-27,12.6,46,2053,2,2012,,0,0,48.2,1,0.0
2012-03-28,12.6,48,2053,2,2012,,0,0,50.0,1,0.0
2012-03-29,12.6,50,2053,2,2012,,0,0,51.8,1,0.0
2012-03-30,12.6,42,2053,2,2012,,0,0,57.2,1,0.0
2012-03-31,12.6,28,2053,2,2012,,1,0,57.2,1,0.0
2012-04-01,12.6,34,2053,2,2012,,1,0,44.6,1,0.0
2012-04-02,12.6,44,2053,2,2012,,0,0,44.6,1,0.0
2012-04-03,12.6,36,2053,2,2012,Qing Ming Festival,0,0,48.2,1,0.0
2012-04-04,12.6,30,2053,2,2012,Qing Ming Festival,0,0,53.6,1,0.0
2012-04-05,12.6,30,2053,2,2012,Qing Ming Festival,0,0,57.2,1,0.0
2012-04-06,12.6,44,2053,2,2012,,0,0,55.4,1,0.0
2012-04-07,12.6,32,2053,2,2012,,1,0,53.6,1,0.0
2012-04-08,12.6,30,2053,2,2012,,1,0,55.4,1,0.0
2012-04-09,12.6,44,2053,2,2012,,0,0,60.8,1,0.0
2012-04-10,12.6,50,2053,2,2012,,0,0,50.0,1,0.0
2012-04-11,12.6,50,2053,2,2012,,0,0,57.2,1,0.0
2012-04-12,12.6,50,2053,2,2012,,0,0,62.6,1,0.0
2012-04-13,12.6,42,2053,2,2012,,0,0,66.2,1,0.0
2012-04-14,12.6,34,2053,2,2012,,1,0,69.8,1,0.0
2012-04-15,12.6,28,2053,2,2012,,1,0,60.8,1,0.0
2012-04-16,12.6,50,2053,2,2012,,0,0,66.2,1,0.0
2012-04-17,12.6,42,2053,2,2012,,0,0,57.2,1,0.0
2012-04-18,12.6,46,2053,2,2012,,0,0,57.2,1,0.0
2012-04-19,12.6,48,2053,2,2012,,0,0,62.6,1,0.0
2012-04-20,12.6,48,2053,2,2012,,0,0,66.2,1,0.0
2012-04-21,12.6,28,2053,2,2012,,1,0,53.6,1,0.0
2012-04-22,12.6,36,2053,2,2012,,1,0,57.2,1,0.0
2012-04-23,12.6,46,2053,2,2012,,0,0,55.4,1,0.0
2012-04-24,12.6,48,2053,2,2012,,0,0,60.8,1,0.0
2012-04-25,12.6,48,2053,2,2012,,0,0,55.4,1,0.0
2012-04-26,12.6,46,2053,2,2012,,0,0,53.6,1,0.0
2012-04-27,12.6,48,2053,2,2012,,0,0,60.8,1,0.0
2012-04-28,12.6,34,2053,2,2012,,1,0,64.4,1,0.0
2012-04-29,12.6,28,2053,2,2012,,1,0,62.6,1,0.0
2012-04-30,12.6,36,2053,2,2012,Labor Day,0,0,62.6,1,1.0
2012-05-01,10.47,44,2053,2,2012,Labor Day,0,0,66.2,1,1.0
2012-05-02,10.47,42,2053,2,2012,Labor Day,0,0,64.4,1,1.0
2012-05-03,10.47,58,2053,2,2012,,0,0,66.2,1,0.0
2012-05-04,10.47,58,2053,2,2012,,0,0,60.8,1,0.0
2012-05-05,10.47,40,2053,2,2012,,1,0,64.4,1,0.0
2012-05-06,10.47,42,2053,2,2012,,1,0,66.2,1,0.0
2012-05-07,10.47,60,2053,2,2012,,0,0,68.0,1,0.0
2012-05-08,10.47,60,2053,2,2012,,0,0,59.0,1,0.0
2012-05-09,10.47,62,2053,2,2012,,0,0,69.8,1,0.0
2012-05-10,10.47,58,2053,2,2012,,0,0,66.2,1,0.0
2012-05-11,10.47,62,2053,2,2012,,0,0,68.0,1,0.0
2012-05-12,10.47,42,2053,2,2012,,1,0,64.4,1,0.0
2012-05-13,10.47,40,2053,2,2012,,1,0,69.8,1,0.0
2012-05-14,10.47,60,2053,2,2012,,0,0,71.6,1,0.0
2012-05-15,10.47,56,2053,2,2012,,0,0,66.2,1,0.0
2012-05-16,10.47,58,2053,2,2012,,0,0,69.8,1,0.0
2012-05-17,10.47,64,2053,2,2012,,0,0,71.6,1,0.0
2012-05-18,10.47,62,2053,2,2012,,0,0,75.2,1,0.0
2012-05-19,10.47,38,2053,2,2012,,1,0,68.0,1,0.0
2012-05-20,10.47,38,2053,2,2012,,1,0,64.4,1,0.0
2012-05-21,10.47,64,2053,2,2012,,0,0,66.2,1,0.0
2012-05-22,10.47,58,2053,2,2012,,0,0,71.6,1,0.0
2012-05-23,10.47,64,2053,2,2012,,0,0,73.4,1,0.0
2012-05-24,10.47,56,2053,2,2012,,0,0,73.4,1,0.0
2012-05-25,10.47,56,2053,2,2012,,0,0,71.6,1,0.0
2012-05-26,10.47,40,2053,2,2012,,1,0,71.6,1,0.0
2012-05-27,10.47,42,2053,2,2012,,1,0,73.4,1,0.0
2012-05-28,10.47,60,2053,2,2012,,0,0,80.6,1,0.0
2012-05-29,10.47,60,2053,2,2012,,0,0,71.6,1,0.0
2012-05-30,10.47,60,2053,2,2012,,0,0,75.2,1,0.0
2012-05-31,10.47,64,2053,2,2012,,0,0,73.4,1,0.0
2012-06-01,10.47,60,2053,2,2012,,0,0,77.0,1,0.0
2012-06-02,10.47,46,2053,2,2012,,1,0,82.4,1,0.0
2012-06-03,10.47,42,2053,2,2012,,1,0,78.8,1,0.0
2012-06-04,10.47,42,2053,2,2012,Dragon Boat Festivel,0,0,78.8,1,0.0
2012-06-05,10.47,40,2053,2,2012,Dragon Boat Festivel,0,0,80.6,1,0.0
2012-06-06,10.47,38,2053,2,2012,Dragon Boat Festivel,0,0,78.8,1,0.0
2012-06-07,10.47,62,2053,2,2012,,0,0,82.4,1,0.0
2012-06-08,10.47,56,2053,2,2012,,0,0,80.6,1,0.0
2012-06-09,10.47,46,2053,2,2012,,1,0,82.4,1,0.0
2012-06-10,10.47,38,2053,2,2012,,1,0,75.2,1,0.0
2012-06-11,10.47,58,2053,2,2012,,0,0,73.4,1,0.0
2012-06-12,10.47,64,2053,2,2012,,0,0,80.6,1,0.0
2012-06-13,10.47,64,2053,2,2012,,0,0,82.4,1,0.0
2012-06-14,10.47,64,2053,2,2012,,0,0,82.4,1,0.0
2012-06-15,10.47,60,2053,2,2012,,0,0,77.0,1,0.0
2012-06-16,10.47,44,2053,2,2012,,1,0,73.4,1,0.0
2012-06-17,10.47,46,2053,2,2012,,1,0,77.0,1,0.0
2012-06-18,10.47,64,2053,2,2012,,0,0,80.6,1,0.0
2012-06-19,10.47,64,2053,2,2012,,0,0,82.4,1,0.0
2012-06-20,10.47,58,2053,2,2012,,0,0,82.4,1,0.0
2012-06-21,10.47,62,2053,2,2012,,0,0,84.2,1,0.0
2012-06-22,10.47,64,2053,2,2012,,0,0,78.8,1,0.0
2012-06-23,10.47,38,2053,2,2012,,1,0,73.4,1,0.0
2012-06-24,10.47,38,2053,2,2012,,1,0,71.6,1,0.0
2012-06-25,10.47,62,2053,2,2012,,0,0,75.2,1,0.0
2012-06-26,10.47,56,2053,2,2012,,0,0,78.8,1,0.0
2012-06-27,10.47,56,2053,2,2012,,0,0,80.6,1,0.0
2012-06-28,10.47,56,2053,2,2012,,0,0,80.6,1,0.0
2012-06-29,10.47,60,2053,2,2012,,0,0,80.6,1,0.0
2012-06-30,10.47,46,2053,2,2012,,1,0,80.6,1,0.0
2012-07-01,10.47,38,2053,2,2012,,1,0,80.6,1,0.0
2012-07-02,10.47,60,2053,2,2012,,0,0,77.0,1,0.0
2012-07-03,10.47,62,2053,2,2012,,0,0,80.6,1,0.0
2012-07-04,10.47,64,2053,2,2012,,0,0,84.2,1,0.0
2012-07-05,10.47,58,2053,2,2012,,0,0,86.0,1,0.0
2012-07-06,10.47,56,2053,2,2012,,0,0,80.6,1,0.0
2012-07-07,10.47,44,2053,2,2012,,1,0,78.8,1,0.0
2012-07-08,10.47,44,2053,2,2012,,1,0,80.6,1,0.0
2012-07-09,10.47,60,2053,2,2012,,0,0,82.4,1,0.0
2012-07-10,10.47,56,2053,2,2012,,0,0,82.4,1,0.0
2012-07-11,10.47,58,2053,2,2012,,0,0,80.6,1,0.0
2012-07-12,10.47,60,2053,2,2012,,0,0,80.6,1,0.0
2012-07-13,10.47,56,2053,2,2012,,0,0,82.4,1,0.0
2012-07-14,10.47,46,2053,2,2012,,1,0,80.6,1,0.0
2012-07-15,10.47,38,2053,2,2012,,1,0,80.6,1,0.0
2012-07-16,10.47,58,2053,2,2012,,0,0,78.8,1,0.0
2012-07-17,10.47,56,2053,2,2012,,0,0,77.0,1,0.0
2012-07-18,10.47,62,2053,2,2012,,0,0,75.2,1,0.0
