cafe_tran_GPT.csv
CALENDAR_DATE,PRICE,QUANTITY,SELL_ID,SELL_CATEGORY,YEAR,HOLIDAY,IS_WEEKEND,IS_SCHOOLBREAK,AVERAGE_TEMPERATURE,IS_OUTDOOR,IS_LABOR_DAY
2012-07-19,10.47,64,2053,2,2012,,0,0,77.0,1,0.0
2012-07-20,10.47,62,2053,2,2012,,0,0,77.0,1,0.0
2012-07-21,10.47,38,2053,2,2012,,1,0,77.0,1,0.0
2012-07-22,10.47,40,2053,2,2012,,1,0,82.4,1,0.0
2012-07-23,10.47,56,2053,2,2012,,0,0,86.0,1,0.0
2012-07-24,10.47,64,2053,2,2012,,0,0,78.8,1,0.0
2012-07-25,10.47,62,2053,2,2012,,0,0,78.8,1,0.0
2012-07-26,10.47,58,2053,2,2012,,0,0,86.0,1,0.0
2012-07-27,10.47,64,2053,2,2012,,0,0,84.2,1,0.0
2012-07-28,10.47,46,2053,2,2012,,1,0,84.2,1,0.0
2012-07-29,10.47,44,2053,2,2012,,1,0,78.8,1,0.0
2012-07-30,10.47,62,2053,2,2012,,0,0,80.6,1,0.0
2012-07-31,10.47,56,2053,2,2012,,0,0,84.2,1,0.0
2012-08-01,10.47,56,2053,2,2012,,0,0,86.0,1,0.0
2012-08-02,10.47,64,2053,2,2012,,0,0,82.4,1,0.0
2012-08-03,10.47,56,2053,2,2012,,0,0,82.4,1,0.0
2012-08-04,10.47,46,2053,2,2012,,1,0,82.4,1,0.0
2012-08-05,10.47,38,2053,2,2012,,1,0,80.6,1,0.0
2012-08-06,10.47,60,2053,2,2012,,0,0,80.6,1,0.0
2012-08-07,10.47,56,2053,2,2012,,0,0,82.4,1,0.0
2012-08-08,10.47,64,2053,2,2012,,0,0,84.2,1,0.0
2012-08-09,10.47,62,2053,2,2012,,0,0,84.2,1,0.0
2012-08-10,10.47,62,2053,2,2012,,0,0,82.4,1,0.0
2012-08-11,10.47,46,2053,2,2012,,1,0,84.2,1,0.0
2012-08-12,10.47,40,2053,2,2012,,1,0,84.2,1,0.0
2012-08-13,10.47,58,2053,2,2012,,0,0,82.4,1,0.0
2012-08-14,10.47,60,2053,2,2012,,0,0,77.0,1,0.0
2012-08-15,10.47,64,2053,2,2012,,0,0,75.2,1,0.0
2012-08-16,10.47,56,2053,2,2012,,0,0,80.6,1,0.0
2012-08-17,10.47,62,2053,2,2012,,0,0,78.8,1,0.0
2012-08-18,10.47,44,2053,2,2012,,1,0,75.2,1,0.0
2012-08-19,10.47,46,2053,2,2012,,1,0,77.0,1,0.0
2012-08-20,10.47,58,2053,2,2012,,0,0,78.8,1,0.0
2012-08-21,10.47,58,2053,2,2012,,0,0,78.8,1,0.0
2012-08-22,10.47,58,2053,2,2012,,0,0,77.0,1,0.0
2012-08-23,10.47,58,2053,2,2012,,0,0,77.0,1,0.0
2012-08-24,10.47,64,2053,2,2012,,0,0,75.2,1,0.0
2012-08-25,10.47,46,2053,2,2012,,1,0,73.4,1,0.0
2012-08-26,10.47,38,2053,2,2012,,1,0,75.2,1,0.0
2012-08-27,10.47,58,2053,2,2012,,0,0,75.2,1,0.0
2012-08-28,10.47,56,2053,2,2012,,0,0,77.0,1,0.0
2012-08-29,12.42,48,2053,2,2012,,0,0,78.8,1,0.0
2012-08-30,12.42,52,2053,2,2012,,0,0,80.6,1,0.0
2012-08-31,12.42,46,2053,2,2012,,0,0,77.0,1,0.0
2012-09-01,12.42,36,2053,2,2012,,1,0,73.4,1,0.0
2012-09-02,12.42,30,2053,2,2012,,1,0,75.2,1,0.0
2012-09-03,12.42,44,2053,2,2012,,0,0,71.6,1,0.0
2012-09-04,12.42,50,2053,2,2012,,0,0,75.2,1,0.0
2012-09-05,12.42,52,2053,2,2012,,0,0,77.0,1,0.0
2012-09-06,12.42,44,2053,2,2012,,0,0,75.2,1,0.0
2012-09-07,12.42,44,2053,2,2012,,0,0,71.6,1,0.0
2012-09-08,12.42,38,2053,2,2012,,1,0,68.0,1,0.0
2012-09-09,12.42,36,2053,2,2012,,1,0,66.2,1,0.0
2012-09-10,12.42,34,2053,2,2012,Mid-Autumn Day,0,0,60.8,1,0.0
2012-09-11,12.42,36,2053,2,2012,Mid-Autumn Day,0,0,68.0,1,0.0
2012-09-12,12.42,30,2053,2,2012,Mid-Autumn Day,0,0,68.0,1,0.0
2012-09-13,12.42,52,2053,2,2012,,0,0,69.8,1,0.0
2012-09-14,12.42,52,2053,2,2012,,0,0,69.8,1,0.0
2012-09-15,12.42,30,2053,2,2012,,1,0,69.8,1,0.0
2012-09-16,12.42,36,2053,2,2012,,1,0,62.6,1,0.0
2012-09-17,12.42,44,2053,2,2012,,0,0,59.0,1,0.0
2012-09-18,12.42,44,2053,2,2012,,0,0,59.0,1,0.0
2012-09-19,12.42,46,2053,2,2012,,0,0,60.8,1,0.0
2012-09-20,12.42,46,2053,2,2012,,0,0,62.6,1,0.0
2012-09-21,12.42,52,2053,2,2012,,0,0,66.2,1,0.0
2012-09-22,12.42,30,2053,2,2012,,1,0,68.0,1,0.0
2012-09-23,12.42,30,2053,2,2012,,1,0,68.0,1,0.0
2012-09-24,12.42,52,2053,2,2012,,0,0,69.8,1,0.0
2012-09-25,12.42,44,2053,2,2012,,0,0,69.8,1,0.0
2012-09-26,12.42,46,2053,2,2012,,0,0,69.8,1,0.0
2012-09-27,12.42,50,2053,2,2012,,0,0,69.8,1,0.0
2012-09-28,12.42,50,2053,2,2012,,0,0,66.2,1,0.0
2012-09-29,12.42,36,2053,2,2012,,1,0,60.8,1,0.0
2012-09-30,12.42,38,2053,2,2012,,1,0,59.0,1,0.0
2012-10-01,12.42,34,2053,2,2012,National Day,0,0,59.0,1,0.0
2012-10-02,12.42,32,2053,2,2012,National Day,0,0,57.2,1,0.0
2012-10-03,12.42,32,2053,2,2012,National Day,0,0,57.2,1,0.0
2012-10-04,12.42,36,2053,2,2012,National Day,0,0,60.8,1,0.0
2012-10-05,12.42,32,2053,2,2012,National Day,0,0,62.6,1,0.0
2012-10-06,12.42,22,2053,2,2012,National Day,1,0,62.6,1,0.0
2012-10-07,12.42,28,2053,2,2012,National Day,1,0,64.4,1,0.0
2012-10-08,12.42,50,2053,2,2012,,0,0,66.2,1,0.0
2012-10-09,12.42,52,2053,2,2012,,0,0,66.2,1,0.0
2012-10-10,12.42,46,2053,2,2012,,0,0,62.6,1,0.0
2012-10-11,12.42,48,2053,2,2012,,0,0,62.6,1,0.0
2012-10-12,12.42,48,2053,2,2012,,0,0,62.6,1,0.0
2012-10-13,12.42,38,2053,2,2012,,1,0,59.0,1,0.0
2012-10-14,12.42,30,2053,2,2012,,1,0,57.2,1,0.0
2012-10-15,12.42,50,2053,2,2012,,0,0,59.0,1,0.0
2012-10-16,12.42,48,2053,2,2012,,0,0,57.2,1,0.0
2012-10-17,12.42,46,2053,2,2012,,0,0,57.2,1,0.0
2012-10-18,12.42,46,2053,2,2012,,0,0,59.0,1,0.0
2012-10-19,12.42,48,2053,2,2012,,0,0,59.0,1,0.0
2012-10-20,12.42,30,2053,2,2012,,1,0,60.8,1,0.0
2012-10-21,12.42,36,2053,2,2012,,1,0,57.2,1,0.0
2012-10-22,12.42,50,2053,2,2012,,0,0,60.8,1,0.0
2012-10-23,12.42,50,2053,2,2012,,0,0,50.0,1,0.0
2012-10-24,12.42,52,2053,2,2012,,0,0,46.4,1,0.0
2012-10-25,12.42,44,2053,2,2012,,0,0,50.0,1,0.0
2012-10-26,12.42,48,2053,2,2012,,0,0,48.2,1,0.0
2012-10-27,12.42,38,2053,2,2012,,1,0,50.0,1,0.0
2012-10-28,12.42,36,2053,2,2012,,1,0,51.8,1,0.0
2012-10-29,12.42,46,2053,2,2012,,0,0,53.6,1,0.0
2012-10-30,12.42,50,2053,2,2012,,0,0,53.6,1,0.0
2012-10-31,12.42,52,2053,2,2012,,0,0,53.6,1,0.0
2012-11-01,12.42,50,2053,2,2012,,0,0,51.8,1,0.0
2012-11-02,12.42,48,2053,2,2012,,0,0,53.6,1,0.0
2012-11-03,12.42,30,2053,2,2012,,1,0,51.8,1,0.0
2012-11-04,12.42,38,2053,2,2012,,1,0,51.8,1,0.0
2012-11-05,12.42,52,2053,2,2012,,0,0,53.6,1,0.0
2012-11-06,12.42,48,2053,2,2012,,0,0,51.8,1,0.0
2012-11-07,12.42,52,2053,2,2012,,0,0,50.0,1,0.0
2012-11-08,12.42,48,2053,2,2012,,0,0,46.4,1,0.0
2012-11-09,12.42,44,2053,2,2012,,0,0,46.4,1,0.0
2012-11-10,12.42,32,2053,2,2012,,1,0,48.2,1,0.0
2012-11-11,12.42,32,2053,2,2012,,1,0,50.0,1,0.0
2012-11-12,12.42,44,2053,2,2012,,0,0,46.4,1,0.0
2012-11-13,12.42,50,2053,2,2012,,0,0,42.8,1,0.0
2012-11-14,12.42,44,2053,2,2012,,0,0,44.6,1,0.0
2012-11-15,12.42,48,2053,2,2012,,0,0,44.6,1,0.0
2012-11-16,12.42,44,2053,2,2012,,0,0,46.4,1,0.0
2012-11-17,12.42,34,2053,2,2012,,1,0,41.0,1,0.0
2012-11-18,12.42,30,2053,2,2012,,1,0,44.6,1,0.0
2012-11-19,12.42,48,2053,2,2012,,0,0,37.4,1,0.0
2012-11-20,12.42,44,2053,2,2012,,0,0,37.4,1,0.0
2012-11-21,12.42,48,2053,2,2012,,0,0,41.0,1,0.0
2012-11-22,12.42,48,2053,2,2012,,0,0,39.2,1,0.0
2012-11-23,12.42,50,2053,2,2012,,0,0,33.8,1,0.0
2012-11-24,12.42,32,2053,2,2012,,1,0,35.6,1,0.0
2012-11-25,12.42,36,2053,2,2012,,1,0,37.4,1,0.0
2012-11-26,12.42,48,2053,2,2012,,0,0,39.2,1,0.0
2012-11-27,12.42,44,2053,2,2012,,0,0,37.4,1,0.0
2012-11-28,12.42,44,2053,2,2012,,0,0,35.6,1,0.0
2012-11-29,12.42,44,2053,2,2012,,0,0,32.0,1,0.0
2012-11-30,12.42,48,2053,2,2012,,0,0,32.0,1,0.0
2012-12-01,12.42,32,2053,2,2012,,1,0,33.8,1,0.0
2012-12-02,12.42,36,2053,2,2012,,1,0,32.0,1,0.0
2012-12-03,12.42,48,2053,2,2012,,0,0,32.0,1,0.0
2012-12-04,12.42,44,2053,2,2012,,0,0,33.8,1,0.0
2012-12-05,12.42,50,2053,2,2012,,0,0,32.0,1,0.0
2012-12-06,12.42,44,2053,2,2012,,0,0,32.0,1,0.0
2012-12-07,12.42,58,2053,2,2012,,0,0,30.2,0,0.0
2012-12-08,12.42,44,2053,2,2012,,1,0,24.8,0,0.0
2012-12-09,12.42,38,2053,2,2012,,1,0,28.4,1,0.0
2012-12-10,12.42,52,2053,2,2012,,0,0,32.0,1,0.0
2012-12-11,12.42,50,2053,2,2012,,0,0,33.8,1,0.0
2012-12-12,12.42,50,2053,2,2012,,0,0,35.6,1,0.0
2012-12-13,12.42,46,2053,2,2012,,0,0,32.0,1,0.0
2012-12-14,12.42,52,2053,2,2012,,0,0,28.4,0,0.0
2012-12-15,12.42,38,2053,2,2012,,1,0,24.8,0,0.0
2012-12-16,12.42,44,2053,2,2012,,1,0,26.6,0,0.0
2012-12-17,12.42,52,2053,2,2012,,0,0,26.6,0,0.0
2012-12-18,12.42,58,2053,2,2012,,0,0,28.4,0,0.0
2012-12-19,12.42,46,2053,2,2012,,0,0,30.2,1,0.0
2012-12-20,12.42,44,2053,2,2012,,0,0,30.2,1,0.0
2012-12-21,12.42,58,2053,2,2012,,0,0,28.4,0,0.0
2012-12-22,12.42,38,2053,2,2012,,1,0,28.4,0,0.0
2012-12-23,12.42,38,2053,2,2012,,1,0,30.2,1,0.0
2012-12-24,12.42,56,2053,2,2012,,0,0,30.2,0,0.0
2012-12-25,12.42,58,2053,2,2012,,0,0,30.2,0,0.0
2012-12-26,12.42,48,2053,2,2012,,0,0,30.2,1,0.0
2012-12-27,13.41,42,2053,2,2012,,0,0,30.2,1,0.0
2012-12-28,13.41,52,2053,2,2012,,0,0,30.2,0,0.0
2012-12-29,13.41,32,2053,2,2012,,1,0,26.6,1,0.0
2012-12-30,13.41,28,2053,2,2012,,1,0,28.4,1,0.0
2012-12-31,13.41,54,2053,2,2012,,0,0,30.2,0,0.0
2013-01-01,13.41,30,2053,2,2013,New Year,0,0,30.2,1,0.0
2013-01-02,13.41,40,2053,2,2013,New Year,0,0,28.4,0,0.0
2013-01-03,13.41,40,2053,2,2013,New Year,0,0,26.6,0,0.0
2013-01-04,13.41,48,2053,2,2013,,0,0,24.8,0,0.0
2013-01-05,13.41,32,2053,2,2013,,1,0,26.6,0,0.0
2013-01-06,13.41,40,2053,2,2013,,1,0,26.6,0,0.0
2013-01-07,13.41,52,2053,2,2013,,0,0,26.6,0,0.0
2013-01-08,13.41,48,2053,2,2013,,0,0,26.6,0,0.0
2013-01-09,13.41,50,2053,2,2013,,0,0,28.4,0,0.0
2013-01-10,13.41,48,2053,2,2013,,0,0,28.4,0,0.0
2013-01-11,13.41,54,2053,2,2013,,0,0,24.8,0,0.0
2013-01-12,13.41,40,2053,2,2013,,1,0,28.4,0,0.0
2013-01-13,13.41,32,2053,2,2013,,1,0,30.2,0,0.0
2013-01-14,13.41,48,2053,2,2013,,0,1,30.2,0,0.0
2013-01-15,13.41,50,2053,2,2013,,0,1,30.2,0,0.0
2013-01-16,13.41,46,2053,2,2013,,0,1,30.2,1,0.0
2013-01-17,13.41,42,2053,2,2013,,0,1,30.2,1,0.0
2013-01-18,13.41,40,2053,2,2013,,0,1,32.0,1,0.0
2013-01-19,13.41,32,2053,2,2013,,1,1,28.4,1,0.0
2013-01-20,13.41,36,2053,2,2013,,1,1,23.0,0,0.0
2013-01-21,13.41,50,2053,2,2013,,0,1,19.4,0,0.0
2013-01-22,13.41,38,2053,2,2013,Luner New Year,0,1,17.6,0,0.0
2013-01-23,13.41,36,2053,2,2013,Luner New Year,0,1,21.2,0,0.0
2013-01-24,13.41,40,2053,2,2013,Luner New Year,0,1,23.0,0,0.0
2013-01-25,13.41,40,2053,2,2013,Luner New Year,0,1,23.0,0,0.0
2013-01-26,13.41,30,2053,2,2013,Luner New Year,1,1,26.6,0,0.0
2013-01-27,13.41,26,2053,2,2013,Luner New Year,1,1,26.6,0,0.0
2013-01-28,13.41,32,2053,2,2013,Luner New Year,0,1,23.0,0,0.0
2013-01-29,13.41,48,2053,2,2013,,0,1,23.0,0,0.0
2013-01-30,13.41,54,2053,2,2013,,0,1,23.0,0,0.0
2013-01-31,13.41,48,2053,2,2013,,0,1,23.0,0,0.0
2013-02-01,13.41,50,2053,2,2013,,0,1,19.4,0,0.0
2013-02-02,13.41,40,2053,2,2013,,1,1,21.2,0,0.0
2013-02-03,13.41,36,2053,2,2013,,1,1,26.6,0,0.0
2013-02-04,13.41,54,2053,2,2013,,0,1,30.2,0,0.0
2013-02-05,13.41,52,2053,2,2013,,0,1,30.2,0,0.0
2013-02-06,13.41,50,2053,2,2013,,0,1,19.4,0,0.0
2013-02-07,13.41,50,2053,2,2013,,0,0,23.0,0,0.0
2013-02-08,13.41,50,2053,2,2013,,0,0,26.6,0,0.0
2013-02-09,13.41,36,2053,2,2013,,1,0,28.4,0,0.0
2013-02-10,13.41,34,2053,2,2013,,1,0,28.4,0,0.0
2013-02-11,13.41,50,2053,2,2013,,0,0,32.0,0,0.0
2013-02-12,13.41,44,2053,2,2013,,0,0,32.0,1,0.0
2013-02-13,13.41,44,2053,2,2013,,0,0,33.8,1,0.0
2013-02-14,13.41,46,2053,2,2013,,0,0,30.2,0,0.0
2013-02-15,13.41,42,2053,2,2013,,0,0,32.0,1,0.0
2013-02-16,13.41,32,2053,2,2013,,1,0,28.4,0,0.0
2013-02-17,13.41,36,2053,2,2013,,1,0,28.4,0,0.0
2013-02-18,13.41,52,2053,2,2013,,0,0,30.2,0,0.0
2013-02-19,13.41,42,2053,2,2013,,0,0,32.0,1,0.0
2013-02-20,13.41,44,2053,2,2013,,0,0,35.6,1,0.0
2013-02-21,13.41,40,2053,2,2013,,0,0,33.8,1,0.0
2013-02-22,13.41,46,2053,2,2013,,0,0,35.6,1,0.0
2013-02-23,13.41,26,2053,2,2013,,1,0,33.8,1,0.0
2013-02-24,13.41,28,2053,2,2013,,1,0,32.0,1,0.0
2013-02-25,13.41,38,2053,2,2013,,0,0,32.0,1,0.0
2013-02-26,13.41,42,2053,2,2013,,0,0,32.0,1,0.0
2013-02-27,13.41,42,2053,2,2013,,0,0,35.6,1,0.0
2013-02-28,13.41,44,2053,2,2013,,0,0,35.6,1,0.0
2013-03-01,13.13,26,2053,2,2013,,0,0,39.2,1,0.0
2013-03-01,13.13,26,2053,2,2013,,0,0,32.0,1,0.0
2013-03-01,13.41,40,2053,2,2013,,0,0,39.2,1,0.0
2013-03-01,13.41,40,2053,2,2013,,0,0,32.0,1,0.0
2013-03-01,13.13,24,2053,2,2013,,0,0,39.2,1,0.0
2013-03-01,13.13,24,2053,2,2013,,0,0,32.0,1,0.0
2013-03-01,13.41,40,2053,2,2013,,0,0,39.2,1,0.0
2013-03-01,13.41,40,2053,2,2013,,0,0,32.0,1,0.0
2013-03-02,13.41,26,2053,2,2013,,1,0,35.6,1,0.0
2013-03-03,13.41,34,2053,2,2013,,1,0,33.8,1,0.0
2013-03-04,13.41,42,2053,2,2013,,0,0,35.6,1,0.0
2013-03-05,13.41,42,2053,2,2013,,0,0,35.6,1,0.0
2013-03-06,13.41,44,2053,2,2013,,0,0,39.2,1,0.0
2013-03-07,13.41,44,2053,2,2013,,0,0,39.2,1,0.0
2013-03-08,13.41,44,2053,2,2013,,0,0,32.0,1,0.0
2013-03-09,13.41,34,2053,2,2013,,1,0,33.8,1,0.0
2013-03-10,13.41,26,2053,2,2013,,1,0,33.8,1,0.0
2013-03-11,13.41,50,2053,2,2013,,0,0,32.0,0,0.0
2013-03-12,13.41,38,2053,2,2013,,0,0,37.4,1,0.0
2013-03-13,13.41,44,2053,2,2013,,0,0,42.8,1,0.0
2013-03-14,13.41,40,2053,2,2013,,0,0,42.8,1,0.0
2013-03-15,13.41,38,2053,2,2013,,0,0,44.6,1,0.0
2013-03-16,13.41,28,2053,2,2013,,1,0,48.2,1,0.0
2013-03-17,13.41,26,2053,2,2013,,1,0,42.8,1,0.0
2013-03-18,13.41,40,2053,2,2013,,0,0,35.6,1,0.0
2013-03-19,13.41,38,2053,2,2013,,0,0,37.4,1,0.0
2013-03-20,13.41,38,2053,2,2013,,0,0,44.6,1,0.0
2013-03-21,13.41,40,2053,2,2013,,0,0,46.4,1,0.0
2013-03-22,13.41,40,2053,2,2013,,0,0,41.0,1,0.0
2013-03-23,13.41,26,2053,2,2013,,1,0,44.6,1,0.0
2013-03-24,13.41,30,2053,2,2013,,1,0,44.6,1,0.0
2013-03-25,13.41,38,2053,2,2013,,0,0,46.4,1,0.0
2013-03-26,13.41,44,2053,2,2013,,0,0,32.0,1,0.0
2013-03-27,13.41,42,2053,2,2013,,0,0,55.4,1,0.0
2013-03-28,13.41,46,2053,2,2013,,0,0,59.0,1,0.0
2013-03-29,13.41,40,2053,2,2013,,0,0,53.6,1,0.0
2013-03-30,13.41,28,2053,2,2013,,1,0,46.4,1,0.0
2013-03-31,13.41,30,2053,2,2013,,1,0,48.2,1,0.0
2013-04-01,13.41,46,2053,2,2013,,0,0,46.4,1,0.0
2013-04-02,13.41,26,2053,2,2013,Qing Ming Festival,0,0,46.4,1,0.0
2013-04-03,13.41,30,2053,2,2013,Qing Ming Festival,0,0,51.8,1,0.0
2013-04-04,13.41,30,2053,2,2013,Qing Ming Festival,0,0,55.4,1,0.0
2013-04-05,13.41,44,2053,2,2013,,0,0,50.0,1,0.0
2013-04-06,13.41,26,2053,2,2013,,1,0,55.4,1,0.0
2013-04-07,13.41,26,2053,2,2013,,1,0,62.6,1,0.0
2013-04-08,13.41,38,2053,2,2013,,0,0,59.0,1,0.0
2013-04-09,13.41,40,2053,2,2013,,0,0,66.2,1,0.0
2013-04-10,13.41,42,2053,2,2013,,0,0,59.0,1,0.0
2013-04-11,13.41,40,2053,2,2013,,0,0,57.2,1,0.0
2013-04-12,13.41,44,2053,2,2013,,0,0,60.8,1,0.0
2013-04-13,13.41,26,2053,2,2013,,1,0,64.4,1,0.0
2013-04-14,13.41,28,2053,2,2013,,1,0,69.8,1,0.0
2013-04-15,13.41,44,2053,2,2013,,0,0,64.4,1,0.0
2013-04-16,13.41,42,2053,2,2013,,0,0,60.8,1,0.0
2013-04-17,13.41,42,2053,2,2013,,0,0,69.8,1,0.0
2013-04-18,13.41,42,2053,2,2013,,0,0,66.2,1,0.0
2013-04-19,13.41,44,2053,2,2013,,0,0,62.6,1,0.0
2013-04-20,13.41,26,2053,2,2013,,1,0,62.6,1,0.0
2013-04-21,13.41,32,2053,2,2013,,1,0,57.2,1,0.0
2013-04-22,13.41,46,2053,2,2013,,0,0,32.0,1,0.0
2013-04-23,13.41,46,2053,2,2013,,0,0,66.2,1,0.0
2013-04-24,13.41,46,2053,2,2013,,0,0,59.0,1,0.0
2013-04-25,12.46,42,2053,2,2013,,0,0,55.4,1,0.0
2013-04-26,12.46,44,2053,2,2013,,0,0,64.4,1,0.0
2013-04-27,12.46,36,2053,2,2013,,1,0,62.6,1,0.0
2013-04-28,12.46,38,2053,2,2013,,1,0,60.8,1,0.0
2013-04-29,12.46,36,2053,2,2013,Labor Day,0,0,60.8,1,1.0
2013-04-30,12.46,34,2053,2,2013,Labor Day,0,0,68.0,1,1.0
2013-05-01,12.46,30,2053,2,2013,Labor Day,0,0,64.4,1,1.0
2013-05-02,12.46,44,2053,2,2013,,0,0,73.4,1,0.0
2013-05-03,12.46,46,2053,2,2013,,0,0,75.2,1,0.0
2013-05-04,12.46,36,2053,2,2013,,1,0,75.2,1,0.0
2013-05-05,12.46,30,2053,2,2013,,1,0,73.4,1,0.0
2013-05-06,12.46,48,2053,2,2013,,0,0,75.2,1,0.0
2013-05-07,12.46,46,2053,2,2013,,0,0,32.0,1,0.0
2013-05-08,12.46,48,2053,2,2013,,0,0,73.4,1,0.0
2013-05-09,12.46,50,2053,2,2013,,0,0,73.4,1,0.0
2013-05-10,12.46,48,2053,2,2013,,0,0,75.2,1,0.0
2013-05-11,12.46,36,2053,2,2013,,1,0,66.2,1,0.0
2013-05-12,12.46,36,2053,2,2013,,1,0,64.4,1,0.0
2013-05-13,12.46,50,2053,2,2013,,0,0,68.0,1,0.0
2013-05-14,12.46,50,2053,2,2013,,0,0,66.2,1,0.0
2013-05-15,12.46,42,2053,2,2013,,0,0,68.0,1,0.0
2013-05-16,12.46,50,2053,2,2013,,0,0,69.8,1,0.0
2013-05-17,12.46,48,2053,2,2013,,0,0,73.4,1,0.0
2013-05-18,12.46,30,2053,2,2013,,1,0,77.0,1,0.0
2013-05-19,12.46,36,2053,2,2013,,1,0,75.2,1,0.0
2013-05-20,12.46,50,2053,2,2013,,0,0,71.6,1,0.0
2013-05-21,12.46,46,2053,2,2013,,0,0,75.2,1,0.0
2013-05-22,12.46,48,2053,2,2013,,0,0,71.6,1,0.0
2013-05-23,12.46,50,2053,2,2013,,0,0,73.4,1,0.0
2013-05-24,12.46,42,2053,2,2013,,0,0,71.6,1,0.0
2013-05-25,12.46,30,2053,2,2013,,1,0,69.8,1,0.0
2013-05-26,12.46,34,2053,2,2013,,1,0,78.8,1,0.0
2013-05-27,12.46,50,2053,2,2013,,0,0,80.6,1,0.0
2013-05-28,12.46,48,2053,2,2013,,0,0,80.6,1,0.0
2013-05-29,12.46,50,2053,2,2013,,0,0,69.8,1,0.0
2013-05-30,12.46,50,2053,2,2013,,0,0,68.0,1,0.0
2013-05-31,12.46,42,2053,2,2013,,0,0,71.6,1,0.0
2013-06-01,12.46,36,2053,2,2013,,1,0,68.0,1,0.0
2013-06-02,12.46,30,2053,2,2013,,1,0,71.6,1,0.0
2013-06-03,12.46,46,2053,2,2013,,0,0,68.0,1,0.0
2013-06-04,12.46,48,2053,2,2013,,0,0,77.0,1,0.0
2013-06-05,12.46,48,2053,2,2013,,0,0,78.8,1,0.0
2013-06-06,12.46,42,2053,2,2013,,0,0,77.0,1,0.0
2013-06-07,12.46,50,2053,2,2013,,0,1,78.8,1,0.0
2013-06-08,12.46,32,2053,2,2013,,1,1,80.6,1,0.0
2013-06-09,12.46,30,2053,2,2013,,1,0,77.0,1,0.0
2013-06-10,12.46,42,2053,2,2013,,0,0,71.6,1,0.0
2013-06-11,12.46,50,2053,2,2013,,0,0,77.0,1,0.0
2013-06-12,12.46,48,2053,2,2013,,0,0,73.4,1,0.0
2013-06-13,12.46,42,2053,2,2013,,0,0,69.8,1,0.0
2013-06-14,12.46,46,2053,2,2013,,0,0,71.6,1,0.0
2013-06-15,12.46,38,2053,2,2013,,1,0,73.4,1,0.0
2013-06-16,12.46,38,2053,2,2013,,1,0,82.4,1,0.0
2013-06-17,12.46,42,2053,2,2013,,0,0,87.8,1,0.0
2013-06-18,12.46,42,2053,2,2013,,0,0,86.0,1,0.0
2013-06-19,12.46,48,2053,2,2013,,0,0,82.4,1,0.0
2013-06-20,12.46,48,2053,2,2013,,0,0,80.6,1,0.0
2013-06-21,12.46,42,2053,2,2013,,0,0,80.6,1,0.0
2013-06-22,12.46,22,2053,2,2013,Dragon Boat Festivel,1,0,78.8,1,0.0
2013-06-23,12.46,24,2053,2,2013,Dragon Boat Festivel,1,0,78.8,1,0.0
2013-06-24,12.46,34,2053,2,2013,Dragon Boat Festivel,0,0,73.4,1,0.0
2013-06-25,12.46,44,2053,2,2013,,0,0,77.0,1,0.0
2013-06-26,12.46,42,2053,2,2013,,0,0,75.2,1,0.0
2013-06-27,12.46,48,2053,2,2013,,0,0,75.2,1,0.0
2013-06-28,12.46,50,2053,2,2013,,0,0,71.6,1,0.0
2013-06-29,12.46,36,2053,2,2013,,1,0,71.6,1,0.0
2013-06-30,12.46,32,2053,2,2013,,1,1,80.6,1,0.0
2013-07-01,12.46,50,2053,2,2013,,0,1,84.2,1,0.0
2013-07-02,12.46,44,2053,2,2013,,0,1,84.2,1,0.0
2013-07-03,12.46,48,2053,2,2013,,0,1,84.2,1,0.0
2013-07-04,12.46,42,2053,2,2013,,0,1,78.8,1,0.0
2013-07-05,12.46,50,2053,2,2013,,0,1,78.8,1,0.0
2013-07-06,12.46,30,2053,2,2013,,1,1,80.6,1,0.0
2013-07-07,12.46,30,2053,2,2013,,1,1,77.0,1,0.0
2013-07-08,12.46,48,2053,2,2013,,0,1,80.6,1,0.0
2013-07-09,12.46,46,2053,2,2013,,0,1,78.8,1,0.0
