cafe_tran_GPT.csv
CALENDAR_DATE,PRICE,QUANTITY,SELL_ID,SELL_CATEGORY,YEAR,HOLIDAY,IS_WEEKEND,IS_SCHOOLBREAK,AVERAGE_TEMPERATURE,IS_OUTDOOR,IS_LABOR_DAY
2013-07-10,12.46,50,2053,2,2013,,0,1,80.6,1,0.0
2013-07-11,12.46,46,2053,2,2013,,0,1,82.4,1,0.0
2013-07-12,12.46,46,2053,2,2013,,0,1,80.6,1,0.0
2013-07-13,12.46,32,2053,2,2013,,1,1,78.8,1,0.0
2013-07-14,12.46,30,2053,2,2013,,1,1,78.8,1,0.0
2013-07-15,12.46,48,2053,2,2013,,0,1,80.6,1,0.0
2013-07-16,12.46,50,2053,2,2013,,0,1,82.4,1,0.0
2013-07-17,12.46,48,2053,2,2013,,0,1,82.4,1,0.0
2013-07-18,12.46,50,2053,2,2013,,0,1,80.6,1,0.0
2013-07-19,12.46,46,2053,2,2013,,0,1,82.4,1,0.0
2013-07-20,12.46,32,2053,2,2013,,1,1,84.2,1,0.0
2013-07-21,12.46,38,2053,2,2013,,1,1,78.8,1,0.0
2013-07-22,12.46,44,2053,2,2013,,0,1,80.6,1,0.0
2013-07-23,12.46,46,2053,2,2013,,0,1,82.4,1,0.0
2013-07-24,12.46,50,2053,2,2013,,0,1,80.6,1,0.0
2013-07-25,12.46,50,2053,2,2013,,0,1,78.8,1,0.0
2013-07-26,12.46,50,2053,2,2013,,0,1,78.8,1,0.0
2013-07-27,12.46,32,2053,2,2013,,1,1,78.8,1,0.0
2013-07-28,12.46,36,2053,2,2013,,1,1,77.0,1,0.0
2013-07-29,12.46,46,2053,2,2013,,0,1,82.4,1,0.0
2013-07-30,12.46,50,2053,2,2013,,0,1,78.8,1,0.0
2013-07-31,12.46,42,2053,2,2013,,0,1,71.6,1,0.0
2013-08-01,12.46,42,2053,2,2013,,0,1,71.6,1,0.0
2013-08-02,12.46,52,2053,2,2013,,0,1,78.8,0,0.0
2013-08-03,12.46,36,2053,2,2013,,1,1,77.0,0,0.0
2013-08-04,12.46,34,2053,2,2013,,1,1,80.6,1,0.0
2013-08-05,12.46,44,2053,2,2013,,0,1,80.6,1,0.0
2013-08-06,12.46,48,2053,2,2013,,0,1,82.4,1,0.0
2013-08-07,12.46,48,2053,2,2013,,0,1,82.4,1,0.0
2013-08-08,12.46,54,2053,2,2013,,0,1,78.8,0,0.0
2013-08-09,12.46,60,2053,2,2013,,0,1,82.4,0,0.0
2013-08-10,12.46,32,2053,2,2013,,1,1,82.4,1,0.0
2013-08-11,12.46,32,2053,2,2013,,1,1,78.8,1,0.0
2013-08-12,12.46,48,2053,2,2013,,0,1,75.2,1,0.0
2013-08-13,12.46,50,2053,2,2013,,0,1,78.8,1,0.0
2013-08-14,12.46,48,2053,2,2013,,0,1,73.4,1,0.0
2013-08-15,12.46,44,2053,2,2013,,0,1,77.0,1,0.0
2013-08-16,12.46,44,2053,2,2013,,0,1,78.8,1,0.0
2013-08-17,12.46,36,2053,2,2013,,1,1,77.0,1,0.0
2013-08-18,12.46,34,2053,2,2013,,1,1,77.0,1,0.0
2013-08-19,12.46,48,2053,2,2013,,0,1,78.8,1,0.0
2013-08-20,12.46,48,2053,2,2013,,0,1,77.0,1,0.0
2013-08-21,12.46,48,2053,2,2013,,0,1,73.4,1,0.0
2013-08-22,12.46,50,2053,2,2013,,0,1,71.6,1,0.0
2013-08-23,10.45,56,2053,2,2013,,0,1,75.2,1,0.0
2013-08-24,10.45,38,2053,2,2013,,1,1,73.4,1,0.0
2013-08-25,10.45,40,2053,2,2013,,1,1,75.2,1,0.0
2013-08-26,10.45,60,2053,2,2013,,0,1,77.0,1,0.0
2013-08-27,10.45,56,2053,2,2013,,0,1,75.2,1,0.0
2013-08-28,10.45,70,2053,2,2013,,0,1,80.6,0,0.0
2013-08-29,10.45,72,2053,2,2013,,0,1,82.4,0,0.0
2013-08-30,10.45,70,2053,2,2013,,0,1,84.2,0,0.0
2013-08-31,10.45,44,2053,2,2013,,1,1,80.6,1,0.0
2013-09-01,10.45,42,2053,2,2013,,1,0,75.2,1,0.0
2013-09-02,10.45,56,2053,2,2013,,0,0,69.8,1,0.0
2013-09-03,10.45,56,2053,2,2013,,0,0,68.0,1,0.0
2013-09-04,10.45,58,2053,2,2013,,0,0,68.0,1,0.0
2013-09-05,10.45,62,2053,2,2013,,0,0,69.8,1,0.0
2013-09-06,10.45,64,2053,2,2013,,0,0,68.0,1,0.0
2013-09-07,10.45,44,2053,2,2013,,1,0,69.8,1,0.0
2013-09-08,10.45,42,2053,2,2013,,1,0,71.6,1,0.0
2013-09-09,10.45,56,2053,2,2013,,0,0,75.2,1,0.0
2013-09-10,10.45,56,2053,2,2013,,0,0,73.4,1,0.0
2013-09-11,10.45,60,2053,2,2013,,0,0,69.8,1,0.0
2013-09-12,10.45,62,2053,2,2013,,0,0,66.2,1,0.0
2013-09-13,10.45,56,2053,2,2013,,0,0,62.6,1,0.0
2013-09-14,10.45,42,2053,2,2013,,1,0,64.4,1,0.0
2013-09-15,10.45,38,2053,2,2013,,1,0,66.2,1,0.0
2013-09-16,10.45,58,2053,2,2013,,0,0,69.8,1,0.0
2013-09-17,10.45,62,2053,2,2013,,0,0,69.8,1,0.0
2013-09-18,10.45,64,2053,2,2013,,0,0,69.8,1,0.0
2013-09-19,10.45,60,2053,2,2013,,0,0,69.8,1,0.0
2013-09-20,10.45,60,2053,2,2013,,0,0,73.4,1,0.0
2013-09-21,10.45,44,2053,2,2013,,1,0,68.0,1,0.0
2013-09-22,10.45,42,2053,2,2013,,1,0,69.8,1,0.0
2013-09-23,10.45,62,2053,2,2013,,0,0,71.6,1,0.0
2013-09-24,10.45,60,2053,2,2013,,0,0,69.8,1,0.0
2013-09-25,10.45,62,2053,2,2013,,0,0,64.4,1,0.0
2013-09-26,10.45,64,2053,2,2013,,0,0,68.0,1,0.0
2013-09-27,10.45,62,2053,2,2013,,0,0,64.4,1,0.0
2013-09-28,10.45,46,2053,2,2013,,1,0,60.8,1,0.0
2013-09-29,10.45,40,2053,2,2013,,1,0,62.6,1,0.0
2013-09-30,10.45,38,2053,2,2013,Mid-Autumn Day,0,0,64.4,1,0.0
2013-10-01,10.45,46,2053,2,2013,National Day,0,0,66.2,1,0.0
2013-10-02,10.45,38,2053,2,2013,National Day,0,0,68.0,1,0.0
2013-10-03,10.45,44,2053,2,2013,National Day,0,0,66.2,1,0.0
2013-10-04,10.45,46,2053,2,2013,National Day,0,0,66.2,1,0.0
2013-10-05,10.45,34,2053,2,2013,National Day,1,0,62.6,1,0.0
2013-10-06,10.45,34,2053,2,2013,National Day,1,0,64.4,1,0.0
2013-10-07,10.45,40,2053,2,2013,National Day,0,0,64.4,1,0.0
2013-10-08,10.45,62,2053,2,2013,,0,0,66.2,1,0.0
2013-10-09,10.45,56,2053,2,2013,,0,0,60.8,1,0.0
2013-10-10,10.45,56,2053,2,2013,,0,0,59.0,1,0.0
2013-10-11,10.45,58,2053,2,2013,,0,0,60.8,1,0.0
2013-10-12,10.45,44,2053,2,2013,,1,0,64.4,1,0.0
2013-10-13,10.45,44,2053,2,2013,,1,0,55.4,1,0.0
2013-10-14,10.45,56,2053,2,2013,,0,0,55.4,1,0.0
2013-10-15,10.45,60,2053,2,2013,,0,0,55.4,1,0.0
2013-10-16,10.45,58,2053,2,2013,,0,0,51.8,1,0.0
2013-10-17,10.45,60,2053,2,2013,,0,0,51.8,1,0.0
2013-10-18,10.45,62,2053,2,2013,,0,0,55.4,1,0.0
2013-10-19,10.45,38,2053,2,2013,,1,0,57.2,1,0.0
2013-10-20,10.45,38,2053,2,2013,,1,0,59.0,1,0.0
2013-10-21,10.45,56,2053,2,2013,,0,0,51.8,1,0.0
2013-10-22,10.45,60,2053,2,2013,,0,0,50.0,1,0.0
2013-10-23,10.45,56,2053,2,2013,,0,0,55.4,1,0.0
2013-10-24,10.45,60,2053,2,2013,,0,0,57.2,1,0.0
2013-10-25,10.45,60,2053,2,2013,,0,0,59.0,1,0.0
2013-10-26,10.45,42,2053,2,2013,,1,0,57.2,1,0.0
2013-10-27,10.45,46,2053,2,2013,,1,0,57.2,1,0.0
2013-10-28,10.45,58,2053,2,2013,,0,0,53.6,1,0.0
2013-10-29,10.45,56,2053,2,2013,,0,0,46.4,1,0.0
2013-10-30,10.45,64,2053,2,2013,,0,0,44.6,1,0.0
2013-10-31,10.45,64,2053,2,2013,,0,0,44.6,1,0.0
2013-11-01,10.45,58,2053,2,2013,,0,0,48.2,1,0.0
2013-11-02,10.45,42,2053,2,2013,,1,0,50.0,1,0.0
2013-11-03,10.45,44,2053,2,2013,,1,0,41.0,1,0.0
2013-11-04,10.45,64,2053,2,2013,,0,0,35.6,1,0.0
2013-11-05,10.45,58,2053,2,2013,,0,0,39.2,1,0.0
2013-11-06,10.45,60,2053,2,2013,,0,0,41.0,1,0.0
2013-11-07,10.45,62,2053,2,2013,,0,0,41.0,1,0.0
2013-11-08,10.45,58,2053,2,2013,,0,0,42.8,1,0.0
2013-11-09,10.45,38,2053,2,2013,,1,0,42.8,1,0.0
2013-11-10,10.45,44,2053,2,2013,,1,0,35.6,1,0.0
2013-11-11,10.45,56,2053,2,2013,,0,0,35.6,1,0.0
2013-11-12,10.45,60,2053,2,2013,,0,0,37.4,1,0.0
2013-11-13,10.45,62,2053,2,2013,,0,0,35.6,1,0.0
2013-11-14,10.45,64,2053,2,2013,,0,0,37.4,1,0.0
2013-11-15,10.45,64,2053,2,2013,,0,0,39.2,1,0.0
2013-11-16,10.45,44,2053,2,2013,,1,0,39.2,1,0.0
2013-11-17,10.45,42,2053,2,2013,,1,0,39.2,1,0.0
2013-11-18,10.45,64,2053,2,2013,,0,0,42.8,1,0.0
2013-11-19,10.45,60,2053,2,2013,,0,0,39.2,1,0.0
2013-11-20,10.45,58,2053,2,2013,,0,0,39.2,1,0.0
2013-11-21,10.45,64,2053,2,2013,,0,0,41.0,1,0.0
2013-11-22,10.45,64,2053,2,2013,,0,0,35.6,1,0.0
2013-11-23,10.45,44,2053,2,2013,,1,0,32.0,1,0.0
2013-11-24,10.45,42,2053,2,2013,,1,0,35.6,1,0.0
2013-11-25,10.45,58,2053,2,2013,,0,0,37.4,1,0.0
2013-11-26,10.45,64,2053,2,2013,,0,0,33.8,1,0.0
2013-11-27,10.45,60,2053,2,2013,,0,0,35.6,1,0.0
2013-11-28,10.45,72,2053,2,2013,,0,0,32.0,0,0.0
2013-11-29,10.45,58,2053,2,2013,,0,0,32.0,1,0.0
2013-11-30,10.45,46,2053,2,2013,,1,0,28.4,0,0.0
2013-12-01,10.45,52,2053,2,2013,,1,0,28.4,0,0.0
2013-12-02,10.45,60,2053,2,2013,,0,0,30.2,1,0.0
2013-12-03,10.45,66,2053,2,2013,,0,0,28.4,0,0.0
2013-12-04,10.45,60,2053,2,2013,,0,0,28.4,1,0.0
2013-12-05,10.45,74,2053,2,2013,,0,0,23.0,0,0.0
2013-12-06,10.45,74,2053,2,2013,,0,0,24.8,0,0.0
2013-12-07,10.45,46,2053,2,2013,,1,0,23.0,0,0.0
2013-12-08,10.45,52,2053,2,2013,,1,0,21.2,0,0.0
2013-12-09,10.45,72,2053,2,2013,,0,0,26.6,0,0.0
2013-12-10,10.45,74,2053,2,2013,,0,0,24.8,0,0.0
2013-12-11,10.45,70,2053,2,2013,,0,0,26.6,0,0.0
2013-12-12,10.45,64,2053,2,2013,,0,0,30.2,1,0.0
2013-12-13,10.45,56,2053,2,2013,,0,0,30.2,1,0.0
2013-12-14,10.45,40,2053,2,2013,,1,0,30.2,1,0.0
2013-12-15,10.45,44,2053,2,2013,,1,0,32.0,1,0.0
2013-12-16,10.45,64,2053,2,2013,,0,0,32.0,1,0.0
2013-12-17,10.45,72,2053,2,2013,,0,0,23.0,0,0.0
2013-12-18,10.45,70,2053,2,2013,,0,0,26.6,0,0.0
2013-12-19,10.45,74,2053,2,2013,,0,0,26.6,0,0.0
2013-12-20,10.45,62,2053,2,2013,,0,0,26.6,1,0.0
2013-12-21,12.37,38,2053,2,2013,,1,0,24.8,0,0.0
2013-12-22,12.37,38,2053,2,2013,,1,0,32.0,1,0.0
2013-12-23,12.37,58,2053,2,2013,,0,0,14.0,0,0.0
2013-12-24,12.37,54,2053,2,2013,,0,0,21.2,0,0.0
2013-12-25,12.37,52,2053,2,2013,,0,0,21.2,0,0.0
2013-12-26,12.37,60,2053,2,2013,,0,0,21.2,0,0.0
2013-12-27,12.37,58,2053,2,2013,,0,0,21.2,0,0.0
2013-12-28,12.37,44,2053,2,2013,,1,0,21.2,0,0.0
2013-12-29,12.37,44,2053,2,2013,,1,0,21.2,0,0.0
2013-12-30,12.37,56,2053,2,2013,,0,0,21.2,0,0.0
2013-12-31,12.37,58,2053,2,2013,,0,0,21.2,0,0.0
2014-01-01,12.37,44,2053,2,2014,New Year,0,0,19.4,0,0.0
2014-01-02,12.37,40,2053,2,2014,New Year,0,0,14.0,0,0.0
2014-01-03,12.37,42,2053,2,2014,New Year,0,0,17.6,0,0.0
2014-01-04,12.37,42,2053,2,2014,,1,0,21.2,0,0.0
2014-01-05,12.37,42,2053,2,2014,,1,0,19.4,0,0.0
2014-01-06,12.37,60,2053,2,2014,,0,0,21.2,0,0.0
2014-01-07,12.37,52,2053,2,2014,,0,0,24.8,0,0.0
2014-01-08,12.37,60,2053,2,2014,,0,0,21.2,0,0.0
2014-01-09,12.37,52,2053,2,2014,,0,0,23.0,0,0.0
2014-01-10,12.37,54,2053,2,2014,,0,0,24.8,0,0.0
2014-01-11,12.37,42,2053,2,2014,,1,0,30.2,0,0.0
2014-01-12,12.37,40,2053,2,2014,,1,0,28.4,0,0.0
2014-01-13,12.37,60,2053,2,2014,,0,0,28.4,0,0.0
2014-01-14,12.37,52,2053,2,2014,,0,0,28.4,1,0.0
2014-01-15,12.37,54,2053,2,2014,,0,0,26.6,0,0.0
2014-01-16,12.37,56,2053,2,2014,,0,0,24.8,0,0.0
2014-01-17,12.37,54,2053,2,2014,,0,0,26.6,0,0.0
2014-01-18,12.37,40,2053,2,2014,,1,0,28.4,0,0.0
2014-01-19,12.37,34,2053,2,2014,,1,0,30.2,1,0.0
2014-01-20,12.37,56,2053,2,2014,,0,0,24.8,0,0.0
2014-01-21,12.37,60,2053,2,2014,,0,0,28.4,0,0.0
2014-01-22,12.37,60,2053,2,2014,,0,0,28.4,0,0.0
2014-01-23,12.37,54,2053,2,2014,,0,0,28.4,0,0.0
2014-01-24,12.37,60,2053,2,2014,,0,0,26.6,0,0.0
2014-01-25,12.37,42,2053,2,2014,,1,1,24.8,0,0.0
2014-01-26,12.37,38,2053,2,2014,,1,1,26.6,0,0.0
2014-01-27,12.37,58,2053,2,2014,,0,1,28.4,0,0.0
2014-01-28,12.37,44,2053,2,2014,,0,1,32.0,1,0.0
2014-01-29,12.37,46,2053,2,2014,,0,1,32.0,1,0.0
2014-01-30,12.37,50,2053,2,2014,,0,1,30.2,1,0.0
2014-01-31,12.37,50,2053,2,2014,,0,1,30.2,1,0.0
2014-02-01,12.37,36,2053,2,2014,,1,1,28.4,0,0.0
2014-02-02,12.37,44,2053,2,2014,,1,1,28.4,0,0.0
2014-02-03,12.37,44,2053,2,2014,,0,1,28.4,1,0.0
2014-02-04,12.37,56,2053,2,2014,,0,1,28.4,0,0.0
2014-02-05,12.37,54,2053,2,2014,,0,1,28.4,0,0.0
2014-02-06,12.37,54,2053,2,2014,,0,1,24.8,0,0.0
2014-02-07,12.37,60,2053,2,2014,,0,1,19.4,0,0.0
2014-02-08,12.37,44,2053,2,2014,,1,1,23.0,0,0.0
2014-02-09,12.37,28,2053,2,2014,Luner New Year,1,1,26.6,0,0.0
2014-02-10,12.37,42,2053,2,2014,Luner New Year,0,1,26.6,0,0.0
2014-02-11,12.37,44,2053,2,2014,Luner New Year,0,1,26.6,0,0.0
2014-02-12,12.37,40,2053,2,2014,Luner New Year,0,1,28.4,0,0.0
2014-02-13,12.37,38,2053,2,2014,Luner New Year,0,1,33.8,1,0.0
2014-02-14,12.37,38,2053,2,2014,Luner New Year,0,1,30.2,0,0.0
2014-02-15,12.37,32,2053,2,2014,Luner New Year,1,1,30.2,0,0.0
2014-02-16,12.37,32,2053,2,2014,,1,1,32.0,1,0.0
2014-02-17,12.37,48,2053,2,2014,,0,1,33.8,1,0.0
2014-02-18,12.37,56,2053,2,2014,,0,1,28.4,0,0.0
2014-02-19,12.37,56,2053,2,2014,,0,1,28.4,0,0.0
2014-02-20,12.37,60,2053,2,2014,,0,0,30.2,0,0.0
2014-02-21,12.37,44,2053,2,2014,,0,0,33.8,1,0.0
2014-02-22,12.37,34,2053,2,2014,,1,0,33.8,1,0.0
2014-02-23,12.37,34,2053,2,2014,,1,0,37.4,1,0.0
2014-02-24,12.37,44,2053,2,2014,,0,0,33.8,1,0.0
2014-02-25,12.37,44,2053,2,2014,,0,0,28.4,1,0.0
2014-02-26,12.37,50,2053,2,2014,,0,0,37.4,1,0.0
2014-02-27,12.37,52,2053,2,2014,,0,0,42.8,1,0.0
2014-02-28,12.37,52,2053,2,2014,,0,0,41.0,1,0.0
2014-03-01,12.37,36,2053,2,2014,,1,0,33.8,1,0.0
2014-03-02,12.37,32,2053,2,2014,,1,0,33.8,1,0.0
2014-03-03,12.37,46,2053,2,2014,,0,0,44.6,1,0.0
2014-03-04,12.37,44,2053,2,2014,,0,0,46.4,1,0.0
2014-03-05,12.37,52,2053,2,2014,,0,0,50.0,1,0.0
2014-03-06,12.37,46,2053,2,2014,,0,0,46.4,1,0.0
2014-03-07,12.37,52,2053,2,2014,,0,0,50.0,1,0.0
2014-03-08,12.37,30,2053,2,2014,,1,0,53.6,1,0.0
2014-03-09,12.37,32,2053,2,2014,,1,0,44.6,1,0.0
2014-03-10,12.37,48,2053,2,2014,,0,0,39.2,1,0.0
2014-03-11,12.37,48,2053,2,2014,,0,0,46.4,1,0.0
2014-03-12,12.37,48,2053,2,2014,,0,0,39.2,1,0.0
2014-03-13,12.37,50,2053,2,2014,,0,0,37.4,1,0.0
2014-03-14,12.37,46,2053,2,2014,,0,0,41.0,1,0.0
2014-03-15,12.37,34,2053,2,2014,,1,0,46.4,1,0.0
2014-03-16,12.37,38,2053,2,2014,,1,0,48.2,1,0.0
2014-03-17,12.37,50,2053,2,2014,,0,0,53.6,1,0.0
2014-03-18,12.37,52,2053,2,2014,,0,0,42.8,1,0.0
2014-03-19,12.37,52,2053,2,2014,,0,0,32.0,1,0.0
2014-03-20,12.37,52,2053,2,2014,,0,0,39.2,1,0.0
2014-03-21,12.37,52,2053,2,2014,,0,0,46.4,1,0.0
2014-03-22,12.37,30,2053,2,2014,,1,0,42.8,1,0.0
2014-03-23,12.37,30,2053,2,2014,,1,0,42.8,1,0.0
2014-03-24,12.37,52,2053,2,2014,,0,0,39.2,1,0.0
2014-03-25,12.37,44,2053,2,2014,,0,0,42.8,1,0.0
2014-03-26,12.37,50,2053,2,2014,,0,0,48.2,1,0.0
2014-03-27,12.37,52,2053,2,2014,,0,0,50.0,1,0.0
2014-03-28,12.37,44,2053,2,2014,,0,0,41.0,1,0.0
2014-03-29,12.37,34,2053,2,2014,,1,0,42.8,1,0.0
2014-03-30,12.37,34,2053,2,2014,,1,0,42.8,1,0.0
2014-03-31,12.37,50,2053,2,2014,,0,0,48.2,1,0.0
2014-04-01,12.37,44,2053,2,2014,,0,0,46.4,1,0.0
2014-04-02,12.37,48,2053,2,2014,,0,0,53.6,1,0.0
2014-04-03,12.37,44,2053,2,2014,,0,0,50.0,1,0.0
2014-04-04,12.37,38,2053,2,2014,Qing Ming Festival,0,0,48.2,1,0.0
2014-04-05,12.37,22,2053,2,2014,Qing Ming Festival,1,0,44.6,1,0.0
2014-04-06,12.37,24,2053,2,2014,Qing Ming Festival,1,0,46.4,1,0.0
2014-04-07,12.37,46,2053,2,2014,,0,0,50.0,1,0.0
2014-04-08,12.37,50,2053,2,2014,,0,0,46.4,1,0.0
2014-04-09,12.37,52,2053,2,2014,,0,0,46.4,1,0.0
2014-04-10,12.37,52,2053,2,2014,,0,0,46.4,1,0.0
2014-04-11,12.37,46,2053,2,2014,,0,0,48.2,1,0.0
2014-04-12,12.37,30,2053,2,2014,,1,0,59.0,1,0.0
2014-04-13,12.37,38,2053,2,2014,,1,0,57.2,1,0.0
2014-04-14,12.37,48,2053,2,2014,,0,0,50.0,1,0.0
2014-04-15,12.37,52,2053,2,2014,,0,0,55.4,1,0.0
2014-04-16,12.37,52,2053,2,2014,,0,0,53.6,1,0.0
2014-04-17,12.37,50,2053,2,2014,,0,0,55.4,1,0.0
2014-04-18,12.37,52,2053,2,2014,,0,0,50.0,1,0.0
2014-04-19,12.37,34,2053,2,2014,,1,0,41.0,1,0.0
2014-04-20,11.48,40,2053,2,2014,,1,0,50.0,1,0.0
2014-04-21,11.48,48,2053,2,2014,,0,0,53.6,1,0.0
2014-04-22,11.48,50,2053,2,2014,,0,0,57.2,1,0.0
2014-04-23,11.48,56,2053,2,2014,,0,0,53.6,1,0.0
2014-04-24,11.48,54,2053,2,2014,,0,0,60.8,1,0.0
2014-04-25,11.48,54,2053,2,2014,,0,0,59.0,1,0.0
2014-04-26,11.48,32,2053,2,2014,,1,0,60.8,1,0.0
2014-04-27,11.48,38,2053,2,2014,,1,0,60.8,1,0.0
2014-04-28,11.48,50,2053,2,2014,,0,0,59.0,1,0.0
2014-04-29,11.48,36,2053,2,2014,Labor Day,0,0,68.0,1,1.0
2014-04-30,11.48,34,2053,2,2014,Labor Day,0,0,64.4,1,1.0
2014-05-01,11.48,36,2053,2,2014,Labor Day,0,0,64.4,1,1.0
2014-05-02,11.48,50,2053,2,2014,,0,0,62.6,1,0.0
2014-05-03,11.48,40,2053,2,2014,,1,0,62.6,1,0.0
2014-05-04,11.48,36,2053,2,2014,,1,0,68.0,1,0.0
2014-05-05,11.48,50,2053,2,2014,,0,0,73.4,1,0.0
2014-05-06,11.48,54,2053,2,2014,,0,0,73.4,1,0.0
2014-05-07,11.48,54,2053,2,2014,,0,0,73.4,1,0.0
2014-05-08,11.48,54,2053,2,2014,,0,0,69.8,1,0.0
2014-05-09,11.48,48,2053,2,2014,,0,0,64.4,1,0.0
2014-05-10,11.48,40,2053,2,2014,,1,0,71.6,1,0.0
2014-05-11,11.48,40,2053,2,2014,,1,0,75.2,1,0.0
2014-05-12,11.48,50,2053,2,2014,,0,0,73.4,1,0.0
2014-05-13,11.48,56,2053,2,2014,,0,0,73.4,1,0.0
2014-05-14,11.48,48,2053,2,2014,,0,0,71.6,1,0.0
2014-05-15,11.48,54,2053,2,2014,,0,0,71.6,1,0.0
2014-05-16,11.48,54,2053,2,2014,,0,0,68.0,1,0.0
2014-05-17,11.48,40,2053,2,2014,,1,0,69.8,1,0.0
2014-05-18,11.48,38,2053,2,2014,,1,0,73.4,1,0.0
2014-05-19,11.48,52,2053,2,2014,,0,0,68.0,1,0.0
2014-05-20,11.48,50,2053,2,2014,,0,0,75.2,1,0.0
2014-05-21,11.48,54,2053,2,2014,,0,0,75.2,1,0.0
2014-05-22,11.48,50,2053,2,2014,,0,0,71.6,1,0.0
2014-05-23,11.48,54,2053,2,2014,,0,0,75.2,1,0.0
2014-05-24,11.48,34,2053,2,2014,,1,0,71.6,1,0.0
2014-05-25,11.48,40,2053,2,2014,,1,0,71.6,1,0.0
2014-05-26,11.48,52,2053,2,2014,,0,0,68.0,1,0.0
2014-05-27,11.48,56,2053,2,2014,,0,0,69.8,1,0.0
2014-05-28,11.48,56,2053,2,2014,,0,0,68.0,1,0.0
2014-05-29,11.48,48,2053,2,2014,,0,0,71.6,1,0.0
2014-05-30,11.48,52,2053,2,2014,,0,0,78.8,1,0.0
2014-05-31,11.48,38,2053,2,2014,,1,0,77.0,1,0.0
2014-06-01,11.48,40,2053,2,2014,,1,0,75.2,1,0.0
2014-06-02,11.48,54,2053,2,2014,,0,0,73.4,1,0.0
2014-06-03,11.48,56,2053,2,2014,,0,0,77.0,1,0.0
2014-06-04,11.48,52,2053,2,2014,,0,0,73.4,1,0.0
2014-06-05,11.48,56,2053,2,2014,,0,0,73.4,1,0.0
2014-06-06,11.48,54,2053,2,2014,,0,0,69.8,1,0.0
2014-06-07,11.48,34,2053,2,2014,,1,1,69.8,1,0.0
2014-06-08,11.48,40,2053,2,2014,,1,1,68.0,1,0.0
2014-06-09,11.48,52,2053,2,2014,,0,0,64.4,1,0.0
2014-06-10,11.48,34,2053,2,2014,Dragon Boat Festivel,0,0,68.0,1,0.0
2014-06-11,11.48,36,2053,2,2014,Dragon Boat Festivel,0,0,69.8,1,0.0
2014-06-12,11.48,38,2053,2,2014,Dragon Boat Festivel,0,0,73.4,1,0.0
2014-06-13,11.48,50,2053,2,2014,,0,0,77.0,1,0.0
2014-06-14,11.48,40,2053,2,2014,,1,0,77.0,1,0.0
2014-06-15,11.48,34,2053,2,2014,,1,0,80.6,1,0.0
2014-06-16,11.48,52,2053,2,2014,,0,0,75.2,1,0.0
2014-06-17,11.48,56,2053,2,2014,,0,0,77.0,1,0.0
2014-06-18,11.48,56,2053,2,2014,,0,0,80.6,1,0.0
2014-06-19,11.48,52,2053,2,2014,,0,0,82.4,1,0.0
2014-06-20,11.48,56,2053,2,2014,,0,0,80.6,1,0.0
2014-06-21,11.48,36,2053,2,2014,,1,0,78.8,1,0.0
2014-06-22,11.48,32,2053,2,2014,,1,0,71.6,1,0.0
2014-06-23,11.48,50,2053,2,2014,,0,0,78.8,1,0.0
2014-06-24,11.48,56,2053,2,2014,,0,0,78.8,1,0.0
2014-06-25,11.48,50,2053,2,2014,,0,0,77.0,1,0.0
2014-06-26,11.48,50,2053,2,2014,,0,0,77.0,1,0.0
2014-06-27,11.48,54,2053,2,2014,,0,0,82.4,1,0.0
2014-06-28,11.48,38,2053,2,2014,,1,1,80.6,1,0.0
2014-06-29,11.48,32,2053,2,2014,,1,1,78.8,1,0.0
2014-06-30,11.48,52,2053,2,2014,,0,1,77.0,1,0.0
2014-07-01,11.48,54,2053,2,2014,,0,1,75.2,1,0.0
2014-07-02,11.48,52,2053,2,2014,,0,1,82.4,1,0.0
2014-07-03,11.48,50,2053,2,2014,,0,1,86.0,1,0.0
2014-07-04,11.48,50,2053,2,2014,,0,1,84.2,1,0.0
2014-07-05,11.48,38,2053,2,2014,,1,1,84.2,1,0.0
2014-07-06,11.48,38,2053,2,2014,,1,1,86.0,1,0.0
2014-07-07,11.48,56,2053,2,2014,,0,1,82.4,1,0.0
2014-07-08,11.48,50,2053,2,2014,,0,1,78.8,1,0.0
