cafe_tran_GPT.csv
CALENDAR_DATE,PRICE,QUANTITY,SELL_ID,SELL_CATEGORY,YEAR,HOLIDAY,IS_WEEKEND,IS_SCHOOLBREAK,AVERAGE_TEMPERATURE,IS_OUTDOOR,IS_LABOR_DAY
2014-07-09,11.48,54,2053,2,2014,,0,1,75.2,1,0.0
2014-07-10,11.48,50,2053,2,2014,,0,1,75.2,1,0.0
2014-07-11,11.48,52,2053,2,2014,,0,1,75.2,1,0.0
2014-07-12,11.48,36,2053,2,2014,,1,1,78.8,1,0.0
2014-07-13,11.48,32,2053,2,2014,,1,1,80.6,1,0.0
2014-07-14,11.48,52,2053,2,2014,,0,1,78.8,1,0.0
2014-07-15,11.48,56,2053,2,2014,,0,1,75.2,1,0.0
2014-07-16,11.48,48,2053,2,2014,,0,1,80.6,1,0.0
2014-07-17,11.48,48,2053,2,2014,,0,1,82.4,1,0.0
2014-07-18,11.48,50,2053,2,2014,,0,1,77.0,1,0.0
2014-07-19,11.48,32,2053,2,2014,,1,1,78.8,1,0.0
2014-07-20,11.48,38,2053,2,2014,,1,1,80.6,1,0.0
2014-07-21,11.48,48,2053,2,2014,,0,1,80.6,1,0.0
2014-07-22,11.48,48,2053,2,2014,,0,1,80.6,1,0.0
2014-07-23,11.48,54,2053,2,2014,,0,1,78.8,1,0.0
2014-07-24,11.48,48,2053,2,2014,,0,1,86.0,1,0.0
2014-07-25,11.48,50,2053,2,2014,,0,1,84.2,1,0.0
2014-07-26,11.48,34,2053,2,2014,,1,1,78.8,1,0.0
2014-07-27,11.48,40,2053,2,2014,,1,1,77.0,1,0.0
2014-07-28,11.48,48,2053,2,2014,,0,1,87.8,1,0.0
2014-07-29,11.48,48,2053,2,2014,,0,1,82.4,1,0.0
2014-07-30,11.48,52,2053,2,2014,,0,1,80.6,1,0.0
2014-07-31,11.48,50,2053,2,2014,,0,1,77.0,1,0.0
2014-08-01,11.48,52,2053,2,2014,,0,1,78.8,1,0.0
2014-08-02,11.48,34,2053,2,2014,,1,1,78.8,1,0.0
2014-08-03,11.48,38,2053,2,2014,,1,1,82.4,1,0.0
2014-08-04,11.48,48,2053,2,2014,,0,1,82.4,1,0.0
2014-08-05,11.48,48,2053,2,2014,,0,1,78.8,1,0.0
2014-08-06,11.48,54,2053,2,2014,,0,1,78.8,1,0.0
2014-08-07,11.48,50,2053,2,2014,,0,1,84.2,1,0.0
2014-08-08,11.48,50,2053,2,2014,,0,1,86.0,1,0.0
2014-08-09,11.48,40,2053,2,2014,,1,1,84.2,1,0.0
2014-08-10,11.48,32,2053,2,2014,,1,1,80.6,1,0.0
2014-08-11,11.48,56,2053,2,2014,,0,1,78.8,1,0.0
2014-08-12,11.48,52,2053,2,2014,,0,1,80.6,1,0.0
2014-08-13,11.48,48,2053,2,2014,,0,1,82.4,1,0.0
2014-08-14,11.48,50,2053,2,2014,,0,1,84.2,1,0.0
2014-08-15,11.48,52,2053,2,2014,,0,1,84.2,1,0.0
2014-08-16,11.48,34,2053,2,2014,,1,1,84.2,1,0.0
2014-08-17,11.48,38,2053,2,2014,,1,1,86.0,1,0.0
2014-08-18,12.77,46,2053,2,2014,,0,1,82.4,1,0.0
2014-08-19,12.77,50,2053,2,2014,,0,1,82.4,1,0.0
2014-08-20,12.77,44,2053,2,2014,,0,1,78.8,1,0.0
2014-08-21,12.77,44,2053,2,2014,,0,1,77.0,1,0.0
2014-08-22,12.77,42,2053,2,2014,,0,1,77.0,1,0.0
2014-08-23,12.77,34,2053,2,2014,,1,1,80.6,1,0.0
2014-08-24,12.77,28,2053,2,2014,,1,1,80.6,1,0.0
2014-08-25,12.77,50,2053,2,2014,,0,1,80.6,1,0.0
2014-08-26,12.77,48,2053,2,2014,,0,1,82.4,1,0.0
2014-08-27,12.77,46,2053,2,2014,,0,1,77.0,1,0.0
2014-08-28,12.77,50,2053,2,2014,,0,1,77.0,1,0.0
2014-08-29,12.77,50,2053,2,2014,,0,1,73.4,1,0.0
2014-08-30,12.77,36,2053,2,2014,,1,1,69.8,1,0.0
2014-08-31,12.77,32,2053,2,2014,,1,1,73.4,1,0.0
2014-09-01,12.77,44,2053,2,2014,,0,0,75.2,1,0.0
2014-09-02,12.77,48,2053,2,2014,,0,0,71.6,1,0.0
2014-09-03,12.77,42,2053,2,2014,,0,0,71.6,1,0.0
2014-09-04,12.77,46,2053,2,2014,,0,0,68.0,1,0.0
2014-09-05,12.77,50,2053,2,2014,,0,0,69.8,1,0.0
2014-09-06,12.77,36,2053,2,2014,,1,0,71.6,1,0.0
2014-09-07,12.77,30,2053,2,2014,,1,0,73.4,1,0.0
2014-09-08,12.77,50,2053,2,2014,,0,0,71.6,1,0.0
2014-09-09,12.77,42,2053,2,2014,,0,0,71.6,1,0.0
2014-09-10,12.77,46,2053,2,2014,,0,0,71.6,1,0.0
2014-09-11,12.77,46,2053,2,2014,,0,0,73.4,1,0.0
2014-09-12,12.77,46,2053,2,2014,,0,0,73.4,1,0.0
2014-09-13,12.77,30,2053,2,2014,,1,0,73.4,1,0.0
2014-09-14,12.77,28,2053,2,2014,,1,0,73.4,1,0.0
2014-09-15,12.77,50,2053,2,2014,,0,0,71.6,1,0.0
2014-09-16,12.77,48,2053,2,2014,,0,0,69.8,1,0.0
2014-09-17,12.77,46,2053,2,2014,,0,0,69.8,1,0.0
2014-09-18,12.77,46,2053,2,2014,,0,0,69.8,1,0.0
2014-09-19,12.77,34,2053,2,2014,Mid-Autumn Day,0,0,69.8,1,0.0
2014-09-20,12.77,24,2053,2,2014,Mid-Autumn Day,1,0,71.6,1,0.0
2014-09-21,12.77,20,2053,2,2014,Mid-Autumn Day,1,0,71.6,1,0.0
2014-09-22,12.77,50,2053,2,2014,,0,0,69.8,1,0.0
2014-09-23,12.77,48,2053,2,2014,,0,0,62.6,1,0.0
2014-09-24,12.77,48,2053,2,2014,,0,0,60.8,1,0.0
2014-09-25,12.77,46,2053,2,2014,,0,0,62.6,1,0.0
2014-09-26,12.77,44,2053,2,2014,,0,0,66.2,1,0.0
2014-09-27,12.77,28,2053,2,2014,,1,0,66.2,1,0.0
2014-09-28,12.77,30,2053,2,2014,,1,0,64.4,1,0.0
2014-09-29,12.77,46,2053,2,2014,,0,0,64.4,1,0.0
2014-09-30,12.77,50,2053,2,2014,,0,0,66.2,1,0.0
2014-10-01,12.77,28,2053,2,2014,National Day,0,0,59.0,1,0.0
2014-10-02,12.77,30,2053,2,2014,National Day,0,0,62.6,1,0.0
2014-10-03,12.77,28,2053,2,2014,National Day,0,0,60.8,1,0.0
2014-10-04,12.77,28,2053,2,2014,National Day,1,0,64.4,1,0.0
2014-10-05,12.77,28,2053,2,2014,National Day,1,0,64.4,1,0.0
2014-10-06,12.77,28,2053,2,2014,National Day,0,0,62.6,1,0.0
2014-10-07,12.77,34,2053,2,2014,National Day,0,0,64.4,0,0.0
2014-10-08,12.77,58,2053,2,2014,,0,0,62.6,0,0.0
2014-10-09,12.77,50,2053,2,2014,,0,0,66.2,1,0.0
2014-10-10,12.77,46,2053,2,2014,,0,0,60.8,1,0.0
2014-10-11,12.77,34,2053,2,2014,,1,0,62.6,1,0.0
2014-10-12,12.77,36,2053,2,2014,,1,0,64.4,1,0.0
2014-10-13,12.77,44,2053,2,2014,,0,0,59.0,1,0.0
2014-10-14,12.77,42,2053,2,2014,,0,0,48.2,1,0.0
2014-10-15,12.77,44,2053,2,2014,,0,0,48.2,1,0.0
2014-10-16,12.77,44,2053,2,2014,,0,0,53.6,1,0.0
2014-10-17,12.77,46,2053,2,2014,,0,0,55.4,1,0.0
2014-10-18,12.77,28,2053,2,2014,,1,0,55.4,1,0.0
2014-10-19,12.77,34,2053,2,2014,,1,0,51.8,1,0.0
2014-10-20,12.77,48,2053,2,2014,,0,0,55.4,1,0.0
2014-10-21,12.77,46,2053,2,2014,,0,0,53.6,1,0.0
2014-10-22,12.77,42,2053,2,2014,,0,0,50.0,1,0.0
2014-10-23,12.77,44,2053,2,2014,,0,0,48.2,1,0.0
2014-10-24,12.77,44,2053,2,2014,,0,0,50.0,1,0.0
2014-10-25,12.77,34,2053,2,2014,,1,0,51.8,1,0.0
2014-10-26,12.77,34,2053,2,2014,,1,0,53.6,1,0.0
2014-10-27,12.77,46,2053,2,2014,,0,0,53.6,1,0.0
2014-10-28,12.77,50,2053,2,2014,,0,0,51.8,1,0.0
2014-10-29,12.77,44,2053,2,2014,,0,0,48.2,1,0.0
2014-10-30,12.77,46,2053,2,2014,,0,0,50.0,1,0.0
2014-10-31,12.77,46,2053,2,2014,,0,0,48.2,1,0.0
2014-11-01,12.77,36,2053,2,2014,,1,0,46.4,1,0.0
2014-11-02,12.77,32,2053,2,2014,,1,0,51.8,1,0.0
2014-11-03,12.77,48,2053,2,2014,,0,0,50.0,1,0.0
2014-11-04,12.77,46,2053,2,2014,,0,0,51.8,1,0.0
2014-11-05,12.77,48,2053,2,2014,,0,0,50.0,1,0.0
2014-11-06,12.77,50,2053,2,2014,,0,0,50.0,1,0.0
2014-11-07,12.77,46,2053,2,2014,,0,0,48.2,1,0.0
2014-11-08,12.77,34,2053,2,2014,,1,0,48.2,1,0.0
2014-11-09,12.77,34,2053,2,2014,,1,0,46.4,1,0.0
2014-11-10,12.77,44,2053,2,2014,,0,0,42.8,1,0.0
2014-11-11,12.77,50,2053,2,2014,,0,0,44.6,1,0.0
2014-11-12,12.77,42,2053,2,2014,,0,0,44.6,1,0.0
2014-11-13,12.77,42,2053,2,2014,,0,0,46.4,1,0.0
2014-11-14,12.77,46,2053,2,2014,,0,0,44.6,1,0.0
2014-11-15,12.77,30,2053,2,2014,,1,0,48.2,1,0.0
2014-11-16,12.77,34,2053,2,2014,,1,0,42.8,1,0.0
2014-11-17,12.77,42,2053,2,2014,,0,0,39.2,1,0.0
2014-11-18,12.77,42,2053,2,2014,,0,0,39.2,1,0.0
2014-11-19,12.77,48,2053,2,2014,,0,0,39.2,1,0.0
2014-11-20,12.77,50,2053,2,2014,,0,0,39.2,1,0.0
2014-11-21,12.77,44,2053,2,2014,,0,0,39.2,1,0.0
2014-11-22,12.77,36,2053,2,2014,,1,0,41.0,1,0.0
2014-11-23,12.77,32,2053,2,2014,,1,0,44.6,1,0.0
2014-11-24,12.77,46,2053,2,2014,,0,0,39.2,1,0.0
2014-11-25,12.77,46,2053,2,2014,,0,0,35.6,1,0.0
2014-11-26,12.77,42,2053,2,2014,,0,0,33.8,1,0.0
2014-11-27,12.77,46,2053,2,2014,,0,0,28.4,1,0.0
2014-11-28,12.77,48,2053,2,2014,,0,0,33.8,1,0.0
2014-11-29,12.77,28,2053,2,2014,,1,0,41.0,1,0.0
2014-11-30,12.77,30,2053,2,2014,,1,0,37.4,1,0.0
2014-12-01,12.77,42,2053,2,2014,,0,0,39.2,1,0.0
2014-12-02,12.77,50,2053,2,2014,,0,0,41.0,1,0.0
2014-12-03,12.77,44,2053,2,2014,,0,0,42.8,1,0.0
2014-12-04,12.77,48,2053,2,2014,,0,0,42.8,1,0.0
2014-12-05,12.77,44,2053,2,2014,,0,0,39.2,1,0.0
2014-12-06,12.77,30,2053,2,2014,,1,0,39.2,1,0.0
2014-12-07,12.77,28,2053,2,2014,,1,0,39.2,1,0.0
2014-12-08,12.77,50,2053,2,2014,,0,0,39.2,1,0.0
2014-12-09,12.77,46,2053,2,2014,,0,0,33.8,1,0.0
2014-12-10,12.77,48,2053,2,2014,,0,0,33.8,1,0.0
2014-12-11,12.77,42,2053,2,2014,,0,0,33.8,1,0.0
2014-12-12,12.77,58,2053,2,2014,,0,0,30.2,0,0.0
2014-12-13,12.77,30,2053,2,2014,,1,0,32.0,1,0.0
2014-12-14,12.77,36,2053,2,2014,,1,0,32.0,0,0.0
2014-12-15,12.77,46,2053,2,2014,,0,0,32.0,1,0.0
2014-12-16,10.81,54,2053,2,2014,,0,0,30.2,1,0.0
2014-12-17,10.81,70,2053,2,2014,,0,0,28.4,0,0.0
2014-12-18,10.81,68,2053,2,2014,,0,0,28.4,0,0.0
2014-12-19,10.81,72,2053,2,2014,,0,0,26.6,0,0.0
2014-12-20,10.81,48,2053,2,2014,,1,0,28.4,0,0.0
2014-12-21,10.81,52,2053,2,2014,,1,0,28.4,0,0.0
2014-12-22,10.81,66,2053,2,2014,,0,0,30.2,0,0.0
2014-12-23,10.81,64,2053,2,2014,,0,0,30.2,0,0.0
2014-12-24,10.81,70,2053,2,2014,,0,0,30.2,0,0.0
2014-12-25,10.81,60,2053,2,2014,,0,0,32.0,1,0.0
2014-12-26,10.81,70,2053,2,2014,,0,0,26.6,0,0.0
2014-12-27,10.81,44,2053,2,2014,,1,0,28.4,0,0.0
2014-12-28,10.81,50,2053,2,2014,,1,0,28.4,0,0.0
2014-12-29,10.81,64,2053,2,2014,,0,0,32.0,0,0.0
2014-12-30,10.81,52,2053,2,2014,,0,0,33.8,1,0.0
2014-12-31,10.81,56,2053,2,2014,,0,0,35.6,1,0.0
2015-01-01,10.81,36,2053,2,2015,New Year,0,0,37.4,1,0.0
2015-01-02,10.81,60,2053,2,2015,,0,0,37.4,1,0.0
2015-01-03,10.81,40,2053,2,2015,,1,0,35.6,1,0.0
2015-01-04,10.81,36,2053,2,2015,,1,0,32.0,1,0.0
2015-01-05,10.81,54,2053,2,2015,,0,0,33.8,1,0.0
2015-01-06,10.81,52,2053,2,2015,,0,0,32.0,1,0.0
2015-01-07,10.81,52,2053,2,2015,,0,0,32.0,1,0.0
2015-01-08,10.81,72,2053,2,2015,,0,0,24.8,0,0.0
2015-01-09,10.81,64,2053,2,2015,,0,0,24.8,0,0.0
2015-01-10,10.81,48,2053,2,2015,,1,0,28.4,0,0.0
2015-01-11,10.81,36,2053,2,2015,,1,0,32.0,1,0.0
2015-01-12,10.81,64,2053,2,2015,,0,0,26.6,0,0.0
2015-01-13,10.81,66,2053,2,2015,,0,0,28.4,0,0.0
2015-01-14,10.81,66,2053,2,2015,,0,0,30.2,0,0.0
2015-01-15,10.81,56,2053,2,2015,,0,0,32.0,1,0.0
2015-01-16,10.81,60,2053,2,2015,,0,0,32.0,1,0.0
2015-01-17,10.81,48,2053,2,2015,,1,0,30.2,0,0.0
2015-01-18,10.81,40,2053,2,2015,,1,0,33.8,1,0.0
2015-01-19,10.81,56,2053,2,2015,,0,1,33.8,1,0.0
2015-01-20,10.81,54,2053,2,2015,,0,1,30.2,1,0.0
2015-01-21,10.81,68,2053,2,2015,,0,1,32.0,0,0.0
2015-01-22,10.81,60,2053,2,2015,,0,1,32.0,1,0.0
2015-01-23,10.81,58,2053,2,2015,,0,1,32.0,1,0.0
2015-01-24,10.81,36,2053,2,2015,,1,1,35.6,1,0.0
2015-01-25,10.81,40,2053,2,2015,,1,1,33.8,1,0.0
2015-01-26,10.81,58,2053,2,2015,,0,1,32.0,1,0.0
2015-01-27,10.81,54,2053,2,2015,,0,1,35.6,1,0.0
2015-01-28,10.81,52,2053,2,2015,,0,1,32.0,1,0.0
2015-01-29,10.81,60,2053,2,2015,,0,1,33.8,1,0.0
2015-01-30,10.81,58,2053,2,2015,,0,1,33.8,1,0.0
2015-01-31,10.81,28,2053,2,2015,Luner New Year,1,1,33.8,1,0.0
2015-02-01,10.81,24,2053,2,2015,Luner New Year,1,1,35.6,1,0.0
2015-02-02,10.81,42,2053,2,2015,Luner New Year,0,1,35.6,1,0.0
2015-02-03,10.81,52,2053,2,2015,Luner New Year,0,1,26.6,0,0.0
2015-02-04,10.81,52,2053,2,2015,Luner New Year,0,1,26.6,0,0.0
2015-02-05,10.81,44,2053,2,2015,Luner New Year,0,1,28.4,1,0.0
2015-02-06,10.81,40,2053,2,2015,Luner New Year,0,1,28.4,1,0.0
2015-02-07,10.81,42,2053,2,2015,,1,1,26.6,1,0.0
2015-02-08,10.81,52,2053,2,2015,,1,1,24.8,0,0.0
2015-02-09,10.81,70,2053,2,2015,,0,1,21.2,0,0.0
2015-02-10,10.81,68,2053,2,2015,,0,1,23.0,0,0.0
2015-02-11,10.81,66,2053,2,2015,,0,1,24.8,0,0.0
2015-02-12,10.81,66,2053,2,2015,,0,1,28.4,0,0.0
2015-02-13,10.81,66,2053,2,2015,,0,1,26.6,0,0.0
2015-02-14,10.81,38,2053,2,2015,,1,1,30.2,1,0.0
2015-02-15,10.81,38,2053,2,2015,,1,1,32.0,1,0.0
2015-02-16,10.81,56,2053,2,2015,,0,1,32.0,1,0.0
2015-02-17,10.81,60,2053,2,2015,,0,0,32.0,1,0.0
2015-02-18,10.81,60,2053,2,2015,,0,0,30.2,1,0.0
2015-02-19,10.81,52,2053,2,2015,,0,0,32.0,1,0.0
2015-02-20,10.81,52,2053,2,2015,,0,0,32.0,1,0.0
2015-02-21,10.81,40,2053,2,2015,,1,0,32.0,1,0.0
2015-02-22,10.81,42,2053,2,2015,,1,0,35.6,1,0.0
2015-02-23,10.81,52,2053,2,2015,,0,0,33.8,1,0.0
2015-02-24,10.81,58,2053,2,2015,,0,0,39.2,1,0.0
2015-02-25,10.81,56,2053,2,2015,,0,0,41.0,1,0.0
2015-02-26,10.81,56,2053,2,2015,,0,0,41.0,1,0.0
2015-02-27,10.81,60,2053,2,2015,,0,0,37.4,1,0.0
2015-02-28,10.81,42,2053,2,2015,,1,0,33.8,1,0.0
2015-03-01,10.81,40,2053,2,2015,,1,0,39.2,1,0.0
2015-03-02,10.81,52,2053,2,2015,,0,0,39.2,1,0.0
2015-03-03,10.81,52,2053,2,2015,,0,0,37.4,1,0.0
2015-03-04,10.81,52,2053,2,2015,,0,0,35.6,1,0.0
2015-03-05,10.81,56,2053,2,2015,,0,0,37.4,1,0.0
2015-03-06,10.81,56,2053,2,2015,,0,0,35.6,1,0.0
2015-03-07,10.81,44,2053,2,2015,,1,0,37.4,1,0.0
2015-03-08,10.81,36,2053,2,2015,,1,0,37.4,1,0.0
2015-03-09,10.81,56,2053,2,2015,,0,0,39.2,1,0.0
2015-03-10,10.81,52,2053,2,2015,,0,0,42.8,1,0.0
2015-03-11,10.81,56,2053,2,2015,,0,0,44.6,1,0.0
2015-03-12,10.81,60,2053,2,2015,,0,0,39.2,1,0.0
2015-03-13,10.81,52,2053,2,2015,,0,0,46.4,1,0.0
2015-03-14,10.81,36,2053,2,2015,,1,0,48.2,1,0.0
2015-03-15,10.81,38,2053,2,2015,,1,0,53.6,1,0.0
2015-03-16,10.81,52,2053,2,2015,,0,0,51.8,1,0.0
2015-03-17,10.81,58,2053,2,2015,,0,0,53.6,1,0.0
2015-03-18,10.81,58,2053,2,2015,,0,0,51.8,1,0.0
2015-03-19,10.81,54,2053,2,2015,,0,0,46.4,1,0.0
2015-03-20,10.81,54,2053,2,2015,,0,0,50.0,1,0.0
2015-03-21,10.81,36,2053,2,2015,,1,0,53.6,1,0.0
2015-03-22,10.81,36,2053,2,2015,,1,0,57.2,1,0.0
2015-03-23,10.81,60,2053,2,2015,,0,0,55.4,1,0.0
2015-03-24,10.81,58,2053,2,2015,,0,0,59.0,1,0.0
2015-03-25,10.81,54,2053,2,2015,,0,0,60.8,1,0.0
2015-03-26,10.81,60,2053,2,2015,,0,0,60.8,1,0.0
2015-03-27,10.81,54,2053,2,2015,,0,0,62.6,1,0.0
2015-03-28,10.81,36,2053,2,2015,,1,0,60.8,1,0.0
2015-03-29,10.81,36,2053,2,2015,,1,0,59.0,1,0.0
2015-03-30,10.81,56,2053,2,2015,,0,0,62.6,1,0.0
2015-03-31,10.81,56,2053,2,2015,,0,0,57.2,1,0.0
2015-04-01,10.81,60,2053,2,2015,,0,0,62.6,1,0.0
2015-04-02,10.81,56,2053,2,2015,,0,0,60.8,1,0.0
2015-04-03,10.81,56,2053,2,2015,,0,0,55.4,1,0.0
2015-04-04,10.81,40,2053,2,2015,,1,0,60.8,1,0.0
2015-04-05,10.81,24,2053,2,2015,Qing Ming Festival,1,0,55.4,1,0.0
2015-04-06,10.81,42,2053,2,2015,Qing Ming Festival,0,0,62.6,1,0.0
2015-04-07,10.81,38,2053,2,2015,Qing Ming Festival,0,0,64.4,1,0.0
2015-04-08,10.81,52,2053,2,2015,,0,0,64.4,1,0.0
2015-04-09,10.81,56,2053,2,2015,,0,0,66.2,1,0.0
2015-04-10,10.81,54,2053,2,2015,,0,0,57.2,1,0.0
2015-04-11,10.81,38,2053,2,2015,,1,0,57.2,1,0.0
2015-04-12,10.81,40,2053,2,2015,,1,0,59.0,1,0.0
2015-04-13,10.81,60,2053,2,2015,,0,0,62.6,1,0.0
2015-04-14,10.81,56,2053,2,2015,,0,0,66.2,1,0.0
2015-04-15,12.26,50,2053,2,2015,,0,0,64.4,1,0.0
2015-04-16,12.26,50,2053,2,2015,,0,0,60.8,1,0.0
2015-04-17,12.26,46,2053,2,2015,,0,0,57.2,1,0.0
2015-04-18,12.26,32,2053,2,2015,,1,0,60.8,1,0.0
2015-04-19,12.26,34,2053,2,2015,,1,0,53.6,1,0.0
2015-04-20,12.26,46,2053,2,2015,,0,0,60.8,1,0.0
2015-04-21,12.26,46,2053,2,2015,,0,0,62.6,1,0.0
2015-04-22,12.26,50,2053,2,2015,,0,0,68.0,1,0.0
2015-04-23,12.26,50,2053,2,2015,,0,0,69.8,1,0.0
2015-04-24,12.26,48,2053,2,2015,,0,0,66.2,1,0.0
2015-04-25,12.26,32,2053,2,2015,,1,0,64.4,1,0.0
2015-04-26,12.26,38,2053,2,2015,,1,0,60.8,1,0.0
2015-04-27,12.26,48,2053,2,2015,,0,0,64.4,1,0.0
2015-04-28,12.26,50,2053,2,2015,,0,0,64.4,1,0.0
2015-04-29,12.26,44,2053,2,2015,,0,0,68.0,1,0.0
2015-04-30,12.26,46,2053,2,2015,,0,0,71.6,1,0.0
2015-05-01,12.26,38,2053,2,2015,Labor Day,0,0,68.0,1,1.0
2015-05-02,12.26,20,2053,2,2015,Labor Day,1,0,62.6,1,1.0
2015-05-03,12.26,24,2053,2,2015,Labor Day,1,0,62.6,1,1.0
2015-05-04,12.26,48,2053,2,2015,,0,0,55.4,1,0.0
2015-05-05,12.26,46,2053,2,2015,,0,0,57.2,1,0.0
2015-05-06,12.26,52,2053,2,2015,,0,0,59.0,1,0.0
2015-05-07,12.26,44,2053,2,2015,,0,0,64.4,1,0.0
2015-05-08,12.26,48,2053,2,2015,,0,0,64.4,1,0.0
2015-05-09,12.26,38,2053,2,2015,,1,0,62.6,1,0.0
2015-05-10,12.26,30,2053,2,2015,,1,0,59.0,1,0.0
2015-05-11,12.26,44,2053,2,2015,,0,0,51.8,1,0.0
2015-05-12,12.26,52,2053,2,2015,,0,0,71.6,1,0.0
2015-05-13,12.26,52,2053,2,2015,,0,0,73.4,1,0.0
2015-05-14,12.26,50,2053,2,2015,,0,0,62.6,1,0.0
2015-05-15,12.26,48,2053,2,2015,,0,0,71.6,1,0.0
2015-05-16,12.26,34,2053,2,2015,,1,0,69.8,1,0.0
2015-05-17,12.26,34,2053,2,2015,,1,0,71.6,1,0.0
2015-05-18,12.26,52,2053,2,2015,,0,0,75.2,1,0.0
2015-05-19,12.26,52,2053,2,2015,,0,0,75.2,1,0.0
2015-05-20,12.26,50,2053,2,2015,,0,0,75.2,1,0.0
2015-05-21,12.26,50,2053,2,2015,,0,0,77.0,1,0.0
2015-05-22,12.26,44,2053,2,2015,,0,0,82.4,1,0.0
2015-05-23,12.26,38,2053,2,2015,,1,0,78.8,1,0.0
2015-05-24,12.26,30,2053,2,2015,,1,0,71.6,1,0.0
2015-05-25,12.26,50,2053,2,2015,,0,0,73.4,1,0.0
2015-05-26,12.26,46,2053,2,2015,,0,0,80.6,1,0.0
2015-05-27,12.26,52,2053,2,2015,,0,0,78.8,1,0.0
2015-05-28,12.26,50,2053,2,2015,,0,0,84.2,1,0.0
2015-05-29,12.26,52,2053,2,2015,,0,0,86.0,1,0.0
2015-05-30,12.26,34,2053,2,2015,,1,0,84.2,1,0.0
2015-05-31,12.26,26,2053,2,2015,Dragon Boat Festivel,1,0,84.2,1,0.0
2015-06-01,12.26,38,2053,2,2015,Dragon Boat Festivel,0,0,75.2,1,0.0
2015-06-02,12.26,30,2053,2,2015,Dragon Boat Festivel,0,0,71.6,1,0.0
2015-06-03,12.26,44,2053,2,2015,,0,0,78.8,1,0.0
2015-06-04,12.26,44,2053,2,2015,,0,0,78.8,1,0.0
2015-06-05,12.26,44,2053,2,2015,,0,0,82.4,1,0.0
2015-06-06,12.26,34,2053,2,2015,,1,0,71.6,1,0.0
2015-06-07,12.26,30,2053,2,2015,,1,1,75.2,1,0.0
2015-06-08,12.26,52,2053,2,2015,,0,1,73.4,1,0.0
2015-06-09,12.26,50,2053,2,2015,,0,0,75.2,1,0.0
2015-06-10,12.26,50,2053,2,2015,,0,0,73.4,1,0.0
2015-06-11,12.26,44,2053,2,2015,,0,0,73.4,1,0.0
2015-06-12,12.26,50,2053,2,2015,,0,0,80.6,1,0.0
2015-06-13,12.26,32,2053,2,2015,,1,0,78.8,1,0.0
2015-06-14,12.26,30,2053,2,2015,,1,0,80.6,1,0.0
2015-06-15,12.26,52,2053,2,2015,,0,0,82.4,1,0.0
2015-06-16,12.26,48,2053,2,2015,,0,0,77.0,1,0.0
2015-06-17,12.26,50,2053,2,2015,,0,0,75.2,1,0.0
2015-06-18,12.26,48,2053,2,2015,,0,0,77.0,1,0.0
2015-06-19,12.26,44,2053,2,2015,,0,0,73.4,1,0.0
2015-06-20,12.26,38,2053,2,2015,,1,0,73.4,1,0.0
2015-06-21,12.26,32,2053,2,2015,,1,0,73.4,1,0.0
2015-06-22,12.26,46,2053,2,2015,,0,0,73.4,1,0.0
2015-06-23,12.26,46,2053,2,2015,,0,0,78.8,1,0.0
2015-06-24,12.26,50,2053,2,2015,,0,0,80.6,1,0.0
2015-06-25,12.26,48,2053,2,2015,,0,0,75.2,1,0.0
2015-06-26,12.26,46,2053,2,2015,,0,0,80.6,1,0.0
2015-06-27,12.26,36,2053,2,2015,,1,0,82.4,1,0.0
2015-06-28,12.26,34,2053,2,2015,,1,0,84.2,1,0.0
2015-06-29,12.26,48,2053,2,2015,,0,0,84.2,1,0.0
2015-06-30,12.26,52,2053,2,2015,,0,1,82.4,1,0.0
2015-07-01,12.26,44,2053,2,2015,,0,1,78.8,1,0.0
2015-07-02,12.26,44,2053,2,2015,,0,1,75.2,1,0.0
2015-07-03,12.26,50,2053,2,2015,,0,1,78.8,1,0.0
2015-07-04,12.26,30,2053,2,2015,,1,1,80.6,1,0.0
2015-07-05,12.26,32,2053,2,2015,,1,1,80.6,1,0.0
2015-07-06,12.26,52,2053,2,2015,,0,1,80.6,1,0.0
2015-07-07,12.26,48,2053,2,2015,,0,1,82.4,1,0.0
