cafe_tran_GPT.csv
CALENDAR_DATE,PRICE,QUANTITY,SELL_ID,SELL_CATEGORY,YEAR,HOLIDAY,IS_WEEKEND,IS_SCHOOLBREAK,AVERAGE_TEMPERATURE,IS_OUTDOOR,IS_LABOR_DAY
2015-07-08,12.26,50,2053,2,2015,,0,1,82.4,1,0.0
2015-07-09,12.26,44,2053,2,2015,,0,1,80.6,1,0.0
2015-07-10,12.26,48,2053,2,2015,,0,1,86.0,1,0.0
2015-07-11,12.26,38,2053,2,2015,,1,1,84.2,1,0.0
2015-07-12,12.26,30,2053,2,2015,,1,1,82.4,1,0.0
2015-07-13,12.26,46,2053,2,2015,,0,1,84.2,1,0.0
2015-07-14,12.26,46,2053,2,2015,,0,1,84.2,1,0.0
2015-07-15,12.26,48,2053,2,2015,,0,1,84.2,1,0.0
2015-07-16,12.26,44,2053,2,2015,,0,1,80.6,1,0.0
2015-07-17,12.26,48,2053,2,2015,,0,1,80.6,1,0.0
2015-07-18,12.26,36,2053,2,2015,,1,1,86.0,1,0.0
2015-07-19,12.26,34,2053,2,2015,,1,1,87.8,1,0.0
2015-07-20,12.26,46,2053,2,2015,,0,1,87.8,1,0.0
2015-07-21,12.26,48,2053,2,2015,,0,1,84.2,1,0.0
2015-07-22,12.26,48,2053,2,2015,,0,1,80.6,1,0.0
2015-07-23,12.26,44,2053,2,2015,,0,1,82.4,1,0.0
2015-07-24,12.26,50,2053,2,2015,,0,1,80.6,1,0.0
2015-07-25,12.26,30,2053,2,2015,,1,1,82.4,1,0.0
2015-07-26,12.26,38,2053,2,2015,,1,1,86.0,1,0.0
2015-07-27,12.26,46,2053,2,2015,,0,1,84.2,1,0.0
2015-07-28,12.26,48,2053,2,2015,,0,1,84.2,1,0.0
2015-07-29,12.26,46,2053,2,2015,,0,1,80.6,1,0.0
2015-07-30,12.26,52,2053,2,2015,,0,1,78.8,1,0.0
2015-07-31,12.26,48,2053,2,2015,,0,1,82.4,1,0.0
2015-08-01,12.26,36,2053,2,2015,,1,1,82.4,1,0.0
2015-08-02,12.26,38,2053,2,2015,,1,1,84.2,1,0.0
2015-08-03,12.26,50,2053,2,2015,,0,1,84.2,1,0.0
2015-08-04,12.26,52,2053,2,2015,,0,1,77.0,1,0.0
2015-08-05,12.26,48,2053,2,2015,,0,1,78.8,1,0.0
2015-08-06,12.26,48,2053,2,2015,,0,1,80.6,1,0.0
2015-08-07,12.26,46,2053,2,2015,,0,1,78.8,1,0.0
2015-08-08,12.26,38,2053,2,2015,,1,1,78.8,1,0.0
2015-08-09,12.26,34,2053,2,2015,,1,1,78.8,1,0.0
2015-08-10,12.26,46,2053,2,2015,,0,1,80.6,1,0.0
2015-08-11,12.26,44,2053,2,2015,,0,1,80.6,1,0.0
2015-08-12,12.26,44,2053,2,2015,,0,1,77.0,1,0.0
2015-08-13,11.26,50,2053,2,2015,,0,1,69.8,1,0.0
2015-08-14,11.26,56,2053,2,2015,,0,1,77.0,1,0.0
2015-08-15,11.26,36,2053,2,2015,,1,1,78.8,1,0.0
2015-08-16,11.26,34,2053,2,2015,,1,1,80.6,1,0.0
2015-08-17,11.26,54,2053,2,2015,,0,1,77.0,1,0.0
2015-08-18,11.26,50,2053,2,2015,,0,1,77.0,1,0.0
2015-08-19,11.26,54,2053,2,2015,,0,1,80.6,1,0.0
2015-08-20,11.26,54,2053,2,2015,,0,1,82.4,1,0.0
2015-08-21,11.26,50,2053,2,2015,,0,1,80.6,1,0.0
2015-08-22,11.26,38,2053,2,2015,,1,1,78.8,1,0.0
2015-08-23,11.26,36,2053,2,2015,,1,1,78.8,1,0.0
2015-08-24,11.26,52,2053,2,2015,,0,1,77.0,1,0.0
2015-08-25,11.26,54,2053,2,2015,,0,1,77.0,1,0.0
2015-08-26,11.26,56,2053,2,2015,,0,1,78.8,1,0.0
2015-08-27,11.26,56,2053,2,2015,,0,1,80.6,1,0.0
2015-08-28,11.26,50,2053,2,2015,,0,1,73.4,1,0.0
2015-08-29,11.26,42,2053,2,2015,,1,1,73.4,1,0.0
2015-08-30,11.26,38,2053,2,2015,,1,1,73.4,1,0.0
2015-08-31,11.26,54,2053,2,2015,,0,1,73.4,1,0.0
2015-09-01,11.26,56,2053,2,2015,,0,0,71.6,1,0.0
2015-09-02,11.26,52,2053,2,2015,,0,0,68.0,1,0.0
2015-09-03,11.26,40,2053,2,2015,WWII Celebration,0,0,73.4,1,0.0
2015-09-04,11.26,28,2053,2,2015,WWII Celebration,0,0,77.0,1,0.0
2015-09-05,11.26,40,2053,2,2015,WWII Celebration,1,0,75.2,1,0.0
2015-09-06,11.26,54,2053,2,2015,,1,0,75.2,1,0.0
2015-09-07,11.26,50,2053,2,2015,,0,0,77.0,1,0.0
2015-09-08,11.26,50,2053,2,2015,,0,0,73.4,1,0.0
2015-09-09,11.26,54,2053,2,2015,,0,0,71.6,1,0.0
2015-09-10,11.26,50,2053,2,2015,,0,0,73.4,1,0.0
